Component: ARM Compiler 6.16 Tool: armlink [5dfeaa00]

==============================================================================

Section Cross References

    main.o(.text.__cxx_global_var_init) refers to main.o(.bss._ZL6screen) for screen
    main.o(.text.__cxx_global_var_init) refers to spi.o(.data.SPI_3) for SPI_3
    main.o(.text.__cxx_global_var_init) refers to adafruit_st7789.o(.text._ZN15Adafruit_ST7789C2EP8SPIClassaaa) for Adafruit_ST7789::Adafruit_ST7789(SPIClass*, signed char, signed char, signed char)
    main.o(.text.__cxx_global_var_init) refers to main.o(.text._ZN15Adafruit_SPITFTD2Ev) for Adafruit_SPITFT::~Adafruit_SPITFT__sub_object()
    main.o(.text.__cxx_global_var_init) refers to cxa_atexit.o(.text) for __cxa_atexit
    main.o(.ARM.exidx.text.__cxx_global_var_init) refers to main.o(.text.__cxx_global_var_init) for [Anonymous Symbol]
    main.o(.text.main) refers to hc32_ll.o(.text.LL_PERIPH_WE) for LL_PERIPH_WE
    main.o(.text.main) refers to addon_gpio.o(.text.disable_JTAG) for disable_JTAG
    main.o(.text.main) refers to dwt.o(.text.dwt_init) for dwt_init
    main.o(.text.main) refers to main.o(.text._Z18SystemClock_Configv) for SystemClock_Config()
    main.o(.text.main) refers to hal.o(.text.HAL_Init) for HAL_Init
    main.o(.text.main) refers to usart.o(.text.USART_Init) for USART_Init
    main.o(.text.main) refers to wiring_digital.o(.text.pinMode) for pinMode
    main.o(.text.main) refers to main.o(.bss._ZL6screen) for screen
    main.o(.text.main) refers to adafruit_st7789.o(.text._ZN15Adafruit_ST77894initEtth) for Adafruit_ST7789::init(unsigned short, unsigned short, unsigned char)
    main.o(.text.main) refers to adafruit_gfx.o(.text._ZN12Adafruit_GFX10fillScreenEt) for Adafruit_GFX::fillScreen(unsigned short)
    main.o(.text.main) refers to main.o(.text._ZN12Adafruit_GFX9setCursorEss) for Adafruit_GFX::setCursor(short, short)
    main.o(.text.main) refers to print.o(.text._ZN5Print6printfEPKcz) for Print::printf(char const*, ...)
    main.o(.text.main) refers to wiring_digital.o(.text.digitalWrite) for digitalWrite
    main.o(.text.main) refers to hc32_ll.o(.text.LL_PERIPH_WP) for LL_PERIPH_WP
    main.o(.text.main) refers to wiring_digital.o(.text.digitalToggle) for digitalToggle
    main.o(.text.main) refers to puts.o(.text) for puts
    main.o(.text.main) refers to delay.o(.text.delay_ms) for delay_ms
    main.o(.ARM.exidx.text.main) refers to main.o(.text.main) for [Anonymous Symbol]
    main.o(.text._Z18SystemClock_Configv) refers to hc32_ll_gpio.o(.text.GPIO_AnalogCmd) for GPIO_AnalogCmd
    main.o(.text._Z18SystemClock_Configv) refers to hc32_ll_clk.o(.text.CLK_XtalStructInit) for CLK_XtalStructInit
    main.o(.text._Z18SystemClock_Configv) refers to hc32_ll_clk.o(.text.CLK_PLLStructInit) for CLK_PLLStructInit
    main.o(.text._Z18SystemClock_Configv) refers to hc32_ll_clk.o(.text.CLK_SetClockDiv) for CLK_SetClockDiv
    main.o(.text._Z18SystemClock_Configv) refers to hc32_ll_clk.o(.text.CLK_XtalInit) for CLK_XtalInit
    main.o(.text._Z18SystemClock_Configv) refers to hc32_ll_clk.o(.text.CLK_PLLInit) for CLK_PLLInit
    main.o(.text._Z18SystemClock_Configv) refers to hc32_ll_clk.o(.text.CLK_GetStableStatus) for CLK_GetStableStatus
    main.o(.text._Z18SystemClock_Configv) refers to hc32_ll_sram.o(.text.SRAM_SetWaitCycle) for SRAM_SetWaitCycle
    main.o(.text._Z18SystemClock_Configv) refers to hc32_ll_efm.o(.text.EFM_SetWaitCycle) for EFM_SetWaitCycle
    main.o(.text._Z18SystemClock_Configv) refers to hc32_ll_gpio.o(.text.GPIO_SetReadWaitCycle) for GPIO_SetReadWaitCycle
    main.o(.text._Z18SystemClock_Configv) refers to hc32_ll_pwc.o(.text.PWC_HighSpeedToHighPerformance) for PWC_HighSpeedToHighPerformance
    main.o(.text._Z18SystemClock_Configv) refers to hc32_ll_clk.o(.text.CLK_SetSysClockSrc) for CLK_SetSysClockSrc
    main.o(.text._Z18SystemClock_Configv) refers to hc32_ll_efm.o(.text.EFM_CacheRamReset) for EFM_CacheRamReset
    main.o(.text._Z18SystemClock_Configv) refers to hc32_ll_efm.o(.text.EFM_CacheCmd) for EFM_CacheCmd
    main.o(.text._Z18SystemClock_Configv) refers to system_hc32f460.o(.text.SystemCoreClockUpdate) for SystemCoreClockUpdate
    main.o(.ARM.exidx.text._Z18SystemClock_Configv) refers to main.o(.text._Z18SystemClock_Configv) for [Anonymous Symbol]
    main.o(.text.SysTick_Handler) refers to hal.o(.text.HAL_IncTick) for HAL_IncTick
    main.o(.ARM.exidx.text.SysTick_Handler) refers to main.o(.text.SysTick_Handler) for [Anonymous Symbol]
    main.o(.text._GLOBAL__sub_I_main.cpp) refers to main.o(.text.__cxx_global_var_init) for __cxx_global_var_init
    main.o(.ARM.exidx.text._GLOBAL__sub_I_main.cpp) refers to main.o(.text._GLOBAL__sub_I_main.cpp) for [Anonymous Symbol]
    main.o(.init_array) refers to main.o(.text._GLOBAL__sub_I_main.cpp) for _GLOBAL__sub_I_main.cpp
    system_hc32f460.o(.text.SystemInit) refers to system_hc32f460.o(.text.SystemCoreClockUpdate) for SystemCoreClockUpdate
[...]
    _sys_exit                                0x00006441   Thumb Code     2  syscalls_keil.o(.text._sys_exit)
    _sys_flen                                0x00006445   Thumb Code     4  syscalls_keil.o(.text._sys_flen)
    _sys_istty                               0x00006449   Thumb Code    14  syscalls_keil.o(.text._sys_istty)
    _sys_open                                0x00006459   Thumb Code    52  syscalls_keil.o(.text._sys_open)
    _sys_seek                                0x0000648d   Thumb Code     4  syscalls_keil.o(.text._sys_seek)
    _sys_write                               0x00006491   Thumb Code    26  syscalls_keil.o(.text._sys_write)
    _ttywrch                                 0x000064ad   Thumb Code    24  syscalls_keil.o(.text._ttywrch)
    abort_message                            0x000064c5   Thumb Code     4  abort_message.cpp.o(.text.abort_message)
    delay_ms                                 0x000064c9   Thumb Code    32  delay.o(.text.delay_ms)
    delay_us                                 0x000064e9   Thumb Code    62  delay.o(.text.delay_us)
    digitalToggle                            0x00006529   Thumb Code    18  wiring_digital.o(.text.digitalToggle)
    digitalWrite                             0x0000653d   Thumb Code    24  wiring_digital.o(.text.digitalWrite)
    disable_JTAG                             0x00006555   Thumb Code    14  addon_gpio.o(.text.disable_JTAG)
    dwt_getStatus                            0x00006571   Thumb Code    12  dwt.o(.text.dwt_getStatus)
    dwt_init                                 0x0000657d   Thumb Code    70  dwt.o(.text.dwt_init)
    main                                     0x000065c5   Thumb Code   132  main.o(.text.main)
    pinMode                                  0x00006651   Thumb Code   124  wiring_digital.o(.text.pinMode)
    usart1_write                             0x000066cd   Thumb Code    36  usart.o(.text.usart1_write)
    _btod_d2e                                0x000066f1   Thumb Code    62  btod.o(CL$$btod_d2e)
    _d2e_denorm_low                          0x0000672f   Thumb Code    70  btod.o(CL$$btod_d2e_denorm_low)
    _d2e_norm_op1                            0x00006775   Thumb Code    96  btod.o(CL$$btod_d2e_norm_op1)
    __btod_div_common                        0x000067d5   Thumb Code   696  btod.o(CL$$btod_div_common)
    _e2e                                     0x00006b0d   Thumb Code   220  btod.o(CL$$btod_e2e)
    _btod_ediv                               0x00006be9   Thumb Code    42  btod.o(CL$$btod_ediv)
    _btod_emul                               0x00006c13   Thumb Code    42  btod.o(CL$$btod_emul)
    __btod_mult_common                       0x00006c3d   Thumb Code   580  btod.o(CL$$btod_mult_common)
    __ARM_fpclassify                         0x00006e81   Thumb Code    48  fpclassify.o(i.__ARM_fpclassify)
    _is_digit                                0x00006eb1   Thumb Code    14  __printf_wp.o(i._is_digit)
    fputc                                    0x00006ebf   Thumb Code    26  fputc.o(i.fputc)
    _get_lc_ctype                            0x00006ed9   Thumb Code    44  lc_ctype_c.o(locale$$code)
    _get_lc_numeric                          0x00006f05   Thumb Code    44  lc_numeric_c.o(locale$$code)
    __aeabi_d2f                              0x00006f31   Thumb Code     0  d2f.o(x$fpl$d2f)
    _d2f                                     0x00006f31   Thumb Code    98  d2f.o(x$fpl$d2f)
    __aeabi_ddiv                             0x00006f95   Thumb Code     0  ddiv.o(x$fpl$ddiv)
    _ddiv                                    0x00006f95   Thumb Code   556  ddiv.o(x$fpl$ddiv)
    __aeabi_ui2d                             0x00007249   Thumb Code     0  dflt_clz.o(x$fpl$dfltu)
    _dfltu                                   0x00007249   Thumb Code    38  dflt_clz.o(x$fpl$dfltu)
    __aeabi_ul2d                             0x00007271   Thumb Code     0  dfltll_clz.o(x$fpl$dfltull)
    _ll_uto_d                                0x00007271   Thumb Code   138  dfltll_clz.o(x$fpl$dfltull)
    __fpl_dnaninf                            0x000072fb   Thumb Code   156  dnaninf.o(x$fpl$dnaninf)
    __fpl_dretinf                            0x00007397   Thumb Code    12  dretinf.o(x$fpl$dretinf)
    _fp_init                                 0x000073a3   Thumb Code    26  fpinit.o(x$fpl$fpinit)
    __fplib_config_fpu_vfp                   0x000073bb   Thumb Code     0  fpinit.o(x$fpl$fpinit)
    __fplib_config_pureend_doubles           0x000073bb   Thumb Code     0  fpinit.o(x$fpl$fpinit)
    __fpl_fretinf                            0x000073bd   Thumb Code    10  fretinf.o(x$fpl$fretinf)
    _printf_fp_dec                           0x000073c7   Thumb Code     4  printf1.o(x$fpl$printf1)
    _printf_fp_hex                           0x000073cb   Thumb Code     4  printf2.o(x$fpl$printf2)
    __I$use$fp                               0x000073ce   Number         0  usenofp.o(x$fpl$usenofp)
    __stdin_name                             0x000073ce   Data           4  sys_io_names.o(.constdata)
    __stdout_name                            0x000073d2   Data           4  sys_io_names.o(.constdata)
    __stderr_name                            0x000073d6   Data           4  sys_io_names.o(.constdata)
    PIN_MAP                                  0x000074d8   Data         153  variant.o(.rodata.PIN_MAP)
    vtable for Adafruit_GFX                  0x00007a94   Data          88  adafruit_gfx.o(.rodata._ZTV12Adafruit_GFX)
    vtable for Adafruit_SPITFT               0x00007aec   Data          96  adafruit_spitft.o(.rodata._ZTV15Adafruit_SPITFT)
    vtable for Adafruit_ST7789               0x00007b4c   Data          96  adafruit_st7789.o(.rodata._ZTV15Adafruit_ST7789)
    vtable for Adafruit_ST77xx               0x00007bac   Data          96  adafruit_st77xx.o(.rodata._ZTV15Adafruit_ST77xx)
    vtable for Print                         0x00007c0c   Data          24  print.o(.rodata._ZTV5Print)
    Region$$Table$$Base                      0x00007d2c   Number         0  anon$$obj.o(Region$$Table)
    Region$$Table$$Limit                     0x00007d4c   Number         0  anon$$obj.o(Region$$Table)
    __ctype                                  0x00007d59   Data           0  lc_ctype_c.o(locale$$data)
    SHT$$INIT_ARRAY$$Base                    0x00007e78   Number         0  main.o(.init_array)
    SHT$$INIT_ARRAY$$Limit                   0x00007e7c   Number         0  init_aeabi.o(.init_array)
    HRC_VALUE                                0x1fff8000   Data           4  system_hc32f460.o(.bss.noinit)
    SystemCoreClock                          0x1fff8004   Data           4  system_hc32f460.o(.bss.noinit)
    __aeabi_stdin                            0x1fff8008   Data           4  stdio_streams.o(.data)
    __aeabi_stdout                           0x1fff800c   Data           4  stdio_streams.o(.data)
    __aeabi_stderr                           0x1fff8010   Data           4  stdio_streams.o(.data)
    SPI_3                                    0x1fff8014   Data          60  spi.o(.data.SPI_3)
    uwTickFreq                               0x1fff8050   Data           1  hal.o(.data.uwTickFreq)
    uwTickPrio                               0x1fff8054   Data           4  hal.o(.data.uwTickPrio)
    __stdin                                  0x1fff8058   Data          84  stdio_streams.o(.bss)
    __stdout                                 0x1fff80ac   Data          84  stdio_streams.o(.bss)
    __stderr                                 0x1fff8100   Data          84  stdio_streams.o(.bss)
    __libspace_start                         0x1fff8154   Data          96  libspace.o(.bss)
    __temporary_stack_top$libspace           0x1fff81b4   Data           0  libspace.o(.bss)
    uwTick                                   0x1fff8408   Data           4  hal.o(.bss.uwTick)



==============================================================================

Memory Map of the image

  Image Entry point : 0x00000281

  Load Region LR_IROM1 (Base: 0x00000000, Size: 0x00007ed0, Max: 0x00080000, ABSOLUTE)

    Execution Region ER_IROM1 (Exec base: 0x00000000, Load base: 0x00000000, Size: 0x00007e7c, Max: 0x00080000, ABSOLUTE)

    Exec Addr    Load Addr    Size         Type   Attr      Idx    E Section Name        Object

    0x00000000   0x00000000   0x00000280   Data   RO           41    RESET               startup_hc32f460.o
    0x00000280   0x00000280   0x00000008   Code   RO         2704  * !!!main             c_w.l(__main.o)
    0x00000288   0x00000288   0x00000034   Code   RO         3359    !!!scatter          c_w.l(__scatter.o)
    0x000002bc   0x000002bc   0x0000001a   Code   RO         3361    !!handler_copy      c_w.l(__scatter_copy.o)
    0x000002d6   0x000002d6   0x00000002   PAD
    0x000002d8   0x000002d8   0x0000001c   Code   RO         3363    !!handler_zi        c_w.l(__scatter_zi.o)
    0x000002f4   0x000002f4   0x00000000   Code   RO         2640    .ARM.Collect$$_printf_percent$$00000000  c_w.l(_printf_percent.o)
    0x000002f4   0x000002f4   0x00000006   Code   RO         2901    .ARM.Collect$$_printf_percent$$00000001  c_w.l(_printf_n.o)
    0x000002fa   0x000002fa   0x00000006   Code   RO         2903    .ARM.Collect$$_printf_percent$$00000002  c_w.l(_printf_p.o)
    0x00000300   0x00000300   0x00000006   Code   RO         2907    .ARM.Collect$$_printf_percent$$00000003  c_w.l(_printf_f.o)
    0x00000306   0x00000306   0x00000006   Code   RO         2908    .ARM.Collect$$_printf_percent$$00000004  c_w.l(_printf_e.o)
    0x0000030c   0x0000030c   0x00000006   Code   RO         2909    .ARM.Collect$$_printf_percent$$00000005  c_w.l(_printf_g.o)
    0x00000312   0x00000312   0x00000006   Code   RO         2910    .ARM.Collect$$_printf_percent$$00000006  c_w.l(_printf_a.o)
    0x00000318   0x00000318   0x0000000a   Code   RO         2915    .ARM.Collect$$_printf_percent$$00000007  c_w.l(_printf_ll.o)
    0x00000322   0x00000322   0x00000006   Code   RO         2905    .ARM.Collect$$_printf_percent$$00000008  c_w.l(_printf_i.o)
    0x00000328   0x00000328   0x00000006   Code   RO         2639    .ARM.Collect$$_printf_percent$$00000009  c_w.l(_printf_d.o)
    0x0000032e   0x0000032e   0x00000006   Code   RO         2906    .ARM.Collect$$_printf_percent$$0000000A  c_w.l(_printf_u.o)
    0x00000334   0x00000334   0x00000006   Code   RO         2904    .ARM.Collect$$_printf_percent$$0000000B  c_w.l(_printf_o.o)
    0x0000033a   0x0000033a   0x00000006   Code   RO         2902    .ARM.Collect$$_printf_percent$$0000000C  c_w.l(_printf_x.o)
    0x00000340   0x00000340   0x00000006   Code   RO         2912    .ARM.Collect$$_printf_percent$$0000000D  c_w.l(_printf_lli.o)
    0x00000346   0x00000346   0x00000006   Code   RO         2913    .ARM.Collect$$_printf_percent$$0000000E  c_w.l(_printf_lld.o)
    0x0000034c   0x0000034c   0x00000006   Code   RO         2914    .ARM.Collect$$_printf_percent$$0000000F  c_w.l(_printf_llu.o)
    0x00000352   0x00000352   0x00000006   Code   RO         2919    .ARM.Collect$$_printf_percent$$00000010  c_w.l(_printf_llo.o)
    0x00000358   0x00000358   0x00000006   Code   RO         2920    .ARM.Collect$$_printf_percent$$00000011  c_w.l(_printf_llx.o)
    0x0000035e   0x0000035e   0x0000000a   Code   RO         2916    .ARM.Collect$$_printf_percent$$00000012  c_w.l(_printf_l.o)
    0x00000368   0x00000368   0x00000006   Code   RO         2899    .ARM.Collect$$_printf_percent$$00000013  c_w.l(_printf_c.o)
    0x0000036e   0x0000036e   0x00000006   Code   RO         2900    .ARM.Collect$$_printf_percent$$00000014  c_w.l(_printf_s.o)
    0x00000374   0x00000374   0x00000006   Code   RO         2917    .ARM.Collect$$_printf_percent$$00000015  c_w.l(_printf_lc.o)
    0x0000037a   0x0000037a   0x00000006   Code   RO         2918    .ARM.Collect$$_printf_percent$$00000016  c_w.l(_printf_ls.o)
    0x00000380   0x00000380   0x00000004   Code   RO         2911    .ARM.Collect$$_printf_percent$$00000017  c_w.l(_printf_percent_end.o)
    0x00000384   0x00000384   0x00000002   Code   RO         3250    .ARM.Collect$$libinit$$00000000  c_w.l(libinit.o)
    0x00000386   0x00000386   0x00000004   Code   RO         2953    .ARM.Collect$$libinit$$00000001  c_w.l(libinit2.o)
    0x0000038a   0x0000038a   0x00000000   Code   RO         2956    .ARM.Collect$$libinit$$00000004  c_w.l(libinit2.o)
    0x0000038a   0x0000038a   0x00000008   Code   RO         2957    .ARM.Collect$$libinit$$00000005  c_w.l(libinit2.o)
    0x00000392   0x00000392   0x00000000   Code   RO         2959    .ARM.Collect$$libinit$$0000000A  c_w.l(libinit2.o)
    0x00000392   0x00000392   0x00000000   Code   RO         2961    .ARM.Collect$$libinit$$0000000C  c_w.l(libinit2.o)
    0x00000392   0x00000392   0x00000000   Code   RO         2963    .ARM.Collect$$libinit$$0000000E  c_w.l(libinit2.o)
    0x00000392   0x00000392   0x00000006   Code   RO         2964    .ARM.Collect$$libinit$$0000000F  c_w.l(libinit2.o)
    0x00000398   0x00000398   0x00000000   Code   RO         2966    .ARM.Collect$$libinit$$00000011  c_w.l(libinit2.o)
    0x00000398   0x00000398   0x0000000c   Code   RO         2967    .ARM.Collect$$libinit$$00000012  c_w.l(libinit2.o)
    0x000003a4   0x000003a4   0x00000000   Code   RO         2968    .ARM.Collect$$libinit$$00000013  c_w.l(libinit2.o)
    0x000003a4   0x000003a4   0x00000000   Code   RO         2970    .ARM.Collect$$libinit$$00000015  c_w.l(libinit2.o)
    0x000003a4   0x000003a4   0x0000000a   Code   RO         2971    .ARM.Collect$$libinit$$00000016  c_w.l(libinit2.o)
    0x000003ae   0x000003ae   0x00000000   Code   RO         2972    .ARM.Collect$$libinit$$00000017  c_w.l(libinit2.o)
    0x000003ae   0x000003ae   0x00000000   Code   RO         2974    .ARM.Collect$$libinit$$00000019  c_w.l(libinit2.o)
    0x000003ae   0x000003ae   0x00000000   Code   RO         2976    .ARM.Collect$$libinit$$0000001B  c_w.l(libinit2.o)
    0x000003ae   0x000003ae   0x00000000   Code   RO         2978    .ARM.Collect$$libinit$$0000001D  c_w.l(libinit2.o)
    0x000003ae   0x000003ae   0x00000000   Code   RO         2980    .ARM.Collect$$libinit$$0000001F  c_w.l(libinit2.o)
    0x000003ae   0x000003ae   0x00000000   Code   RO         2982    .ARM.Collect$$libinit$$00000021  c_w.l(libinit2.o)
    0x000003ae   0x000003ae   0x00000000   Code   RO         2984    .ARM.Collect$$libinit$$00000023  c_w.l(libinit2.o)
    0x000003ae   0x000003ae   0x00000004   Code   RO         2985    .ARM.Collect$$libinit$$00000024  c_w.l(libinit2.o)
    0x000003b2   0x000003b2   0x00000000   Code   RO         2986    .ARM.Collect$$libinit$$00000025  c_w.l(libinit2.o)
    0x000003b2   0x000003b2   0x00000000   Code   RO         2990    .ARM.Collect$$libinit$$0000002C  c_w.l(libinit2.o)
    0x000003b2   0x000003b2   0x00000000   Code   RO         2992    .ARM.Collect$$libinit$$0000002E  c_w.l(libinit2.o)
    0x000003b2   0x000003b2   0x00000000   Code   RO         2994    .ARM.Collect$$libinit$$00000030  c_w.l(libinit2.o)
    0x000003b2   0x000003b2   0x00000004   Code   RO         2995    .ARM.Collect$$libinit$$00000031  c_w.l(libinit2.o)
    0x000003b6   0x000003b6   0x00000000   Code   RO         2996    .ARM.Collect$$libinit$$00000032  c_w.l(libinit2.o)
    0x000003b6   0x000003b6   0x00000002   Code   RO         2997    .ARM.Collect$$libinit$$00000033  c_w.l(libinit2.o)
    0x000003b8   0x000003b8   0x00000002   Code   RO         3327    .ARM.Collect$$libshutdown$$00000000  c_w.l(libshutdown.o)
    0x000003ba   0x000003ba   0x00000006   Code   RO         3151    .ARM.Collect$$libshutdown$$00000001  c_w.l(libshutdown2.o)
    0x000003c0   0x000003c0   0x00000000   Code   RO         3152    .ARM.Collect$$libshutdown$$00000002  c_w.l(libshutdown2.o)
    0x000003c0   0x000003c0   0x00000004   Code   RO         3153    .ARM.Collect$$libshutdown$$00000003  c_w.l(libshutdown2.o)
    0x000003c4   0x000003c4   0x00000000   Code   RO         3154    .ARM.Collect$$libshutdown$$00000004  c_w.l(libshutdown2.o)
    0x000003c4   0x000003c4   0x00000000   Code   RO         3157    .ARM.Collect$$libshutdown$$00000007  c_w.l(libshutdown2.o)
    0x000003c4   0x000003c4   0x00000000   Code   RO         3160    .ARM.Collect$$libshutdown$$0000000A  c_w.l(libshutdown2.o)
    0x000003c4   0x000003c4   0x00000000   Code   RO         3162    .ARM.Collect$$libshutdown$$0000000C  c_w.l(libshutdown2.o)
    0x000003c4   0x000003c4   0x00000000   Code   RO         3165    .ARM.Collect$$libshutdown$$0000000F  c_w.l(libshutdown2.o)
    0x000003c4   0x000003c4   0x00000002   Code   RO         3166    .ARM.Collect$$libshutdown$$00000010  c_w.l(libshutdown2.o)
    0x000003c6   0x000003c6   0x00000000   Code   RO         2809    .ARM.Collect$$rtentry$$00000000  c_w.l(__rtentry.o)
    0x000003c6   0x000003c6   0x00000000   Code   RO         3058    .ARM.Collect$$rtentry$$00000002  c_w.l(__rtentry2.o)
    0x000003c6   0x000003c6   0x00000006   Code   RO         3070    .ARM.Collect$$rtentry$$00000004  c_w.l(__rtentry4.o)
    0x000003cc   0x000003cc   0x00000000   Code   RO         3060    .ARM.Collect$$rtentry$$00000009  c_w.l(__rtentry2.o)
    0x000003cc   0x000003cc   0x00000004   Code   RO         3061    .ARM.Collect$$rtentry$$0000000A  c_w.l(__rtentry2.o)
    0x000003d0   0x000003d0   0x00000000   Code   RO         3063    .ARM.Collect$$rtentry$$0000000C  c_w.l(__rtentry2.o)
    0x000003d0   0x000003d0   0x00000008   Code   RO         3064    .ARM.Collect$$rtentry$$0000000D  c_w.l(__rtentry2.o)
    0x000003d8   0x000003d8   0x00000002   Code   RO         3255    .ARM.Collect$$rtexit$$00000000  c_w.l(rtexit.o)
    0x000003da   0x000003da   0x00000000   Code   RO         3293    .ARM.Collect$$rtexit$$00000002  c_w.l(rtexit2.o)
    0x000003da   0x000003da   0x00000004   Code   RO         3294    .ARM.Collect$$rtexit$$00000003  c_w.l(rtexit2.o)
    0x000003de   0x000003de   0x00000006   Code   RO         3295    .ARM.Collect$$rtexit$$00000004  c_w.l(rtexit2.o)
    0x000003e4   0x000003e4   0x00000002   Code   RO         2529    .text               c_w.l(use_no_semi_2.o)
    0x000003e6   0x000003e6   0x00000002   PAD
    0x000003e8   0x000003e8   0x00000010   Code   RO         2531    .text               c_w.l(rt_ctype_table.o)
    0x000003f8   0x000003f8   0x00000006   Code   RO         2702    .text               c_w.l(heapauxi.o)
    0x000003fe   0x000003fe   0x00000002   Code   RO         2805    .text               c_w.l(use_no_semi.o)
    0x00000400   0x00000400   0x00000020   Data   RO          930    .ARM.__at_0x400     hc32_ll_icg.o
    0x00000420   0x00000420   0x00000080   Code   RO           42    .text               startup_hc32f460.o
    0x000004a0   0x000004a0   0x0000005e   Code   RO         2539    .text               c_w.l(h1_alloc.o)
    0x000004fe   0x000004fe   0x0000004e   Code   RO         2541    .text               c_w.l(h1_free.o)
    0x0000054c   0x0000054c   0x000000f0   Code   RO         2601    .text               c_w.l(lludivv7m.o)
    0x0000063c   0x0000063c   0x00000034   Code   RO         2607    .text               c_w.l(vsnprintf.o)
    0x00000670   0x00000670   0x0000004e   Code   RO         2615    .text               c_w.l(_printf_pad.o)
    0x000006be   0x000006be   0x00000002   PAD
    0x000006c0   0x000006c0   0x00000078   Code   RO         2617    .text               c_w.l(_printf_dec.o)
    0x00000738   0x00000738   0x00000188   Code   RO         2636    .text               c_w.l(__printf_flags_ss_wp.o)
    0x000008c0   0x000008c0   0x00000064   Code   RO         2643    .text               c_w.l(fflush.o)
    0x00000924   0x00000924   0x0000002c   Code   RO         2649    .text               c_w.l(puts.o)
    0x00000950   0x00000950   0x0000000a   Code   RO         2669    .text               c_w.l(cxa_atexit.o)
    0x0000095a   0x0000095a   0x0000004e   Code   RO         2696    .text               c_w.l(rt_memclr_w.o)
    0x000009a8   0x000009a8   0x0000007c   Code   RO         2700    .text               c_w.l(strcmpv7em.o)
    0x00000a24   0x00000a24   0x00000024   Code   RO         2709    .text               c_w.l(init_aeabi.o)
    0x00000a48   0x00000a48   0x00000008   Code   RO         2817    .text               c_w.l(rt_heap_descriptor_intlibspace.o)
    0x00000a50   0x00000a50   0x00000008   Code   RO         2822    .text               c_w.l(rt_locale_intlibspace.o)
    0x00000a58   0x00000a58   0x00000008   Code   RO         2827    .text               c_w.l(rt_errno_addr_intlibspace.o)
    0x00000a60   0x00000a60   0x00000004   Code   RO         2829    .text               c_w.l(hguard.o)
    0x00000a64   0x00000a64   0x0000008a   Code   RO         2831    .text               c_w.l(init_alloc.o)
    0x00000aee   0x00000aee   0x0000000e   Code   RO         2835    .text               c_w.l(h1_init.o)
    0x00000afc   0x00000afc   0x00000024   Code   RO         2853    .text               c_w.l(_printf_truncate.o)
    0x00000b20   0x00000b20   0x00000052   Code   RO         2855    .text               c_w.l(_printf_str.o)
    0x00000b72   0x00000b72   0x000000b2   Code   RO         2857    .text               c_w.l(_printf_intcommon.o)
    0x00000c24   0x00000c24   0x00000028   Code   RO         2859    .text               c_w.l(_printf_charcount.o)
    0x00000c4c   0x00000c4c   0x00000030   Code   RO         2861    .text               c_w.l(_printf_char_common.o)
    0x00000c7c   0x00000c7c   0x0000000a   Code   RO         2863    .text               c_w.l(_sputc.o)
    0x00000c86   0x00000c86   0x00000010   Code   RO         2865    .text               c_w.l(_snputc.o)
    0x00000c96   0x00000c96   0x00000002   PAD
    0x00000c98   0x00000c98   0x000000bc   Code   RO         2867    .text               c_w.l(_printf_wctomb.o)
    0x00000d54   0x00000d54   0x0000007c   Code   RO         2870    .text               c_w.l(_printf_longlong_dec.o)
    0x00000dd0   0x00000dd0   0x00000070   Code   RO         2876    .text               c_w.l(_printf_oct_int_ll.o)
    0x00000e40   0x00000e40   0x00000094   Code   RO         2896    .text               c_w.l(_printf_hex_int_ll_ptr.o)
    0x00000ed4   0x00000ed4   0x000001d6   Code   RO         2925    .text               c_w.l(flsbuf.o)
    0x000010aa   0x000010aa   0x00000002   PAD
    0x000010ac   0x000010ac   0x000000f8   Code   RO         2927    .text               c_w.l(fseek.o)
    0x000011a4   0x000011a4   0x000000f0   Code   RO         2929    .text               c_w.l(stdio.o)
    0x00001294   0x00001294   0x00000138   Code   RO         2932    .text               c_w.l(initio.o)
    0x000013cc   0x000013cc   0x00000016   Code   RO         2939    .text               c_w.l(abort.o)
    0x000013e2   0x000013e2   0x0000002e   Code   RO         2944    .text               c_w.l(aeabi_atexit.o)
    0x00001410   0x00001410   0x00000008   Code   RO         3054    .text               c_w.l(libspace.o)
    0x00001418   0x00001418   0x00000008   Code   RO         3077    .text               c_w.l(rt_ddtor_pointer_addr_intlibspace.o)
    0x00001420   0x00001420   0x00000000   Code   RO         3081    .text               c_w.l(maybetermalloc1.o)
    0x00001420   0x00001420   0x00000034   Code   RO         3083    .text               c_w.l(h1_extend.o)
    0x00001454   0x00001454   0x0000008a   Code   RO         3087    .text               c_w.l(lludiv10.o)
    0x000014de   0x000014de   0x0000041c   Code   RO         3089    .text               c_w.l(_printf_fp_dec.o)
    0x000018fa   0x000018fa   0x00000002   PAD
    0x000018fc   0x000018fc   0x000002fc   Code   RO         3093    .text               c_w.l(_printf_fp_hex.o)
    0x00001bf8   0x00001bf8   0x0000002c   Code   RO         3098    .text               c_w.l(_printf_char.o)
    0x00001c24   0x00001c24   0x0000002c   Code   RO         3100    .text               c_w.l(_printf_wchar.o)
    0x00001c50   0x00001c50   0x00000042   Code   RO         3106    .text               c_w.l(ftell.o)
    0x00001c92   0x00001c92   0x00000046   Code   RO         3108    .text               c_w.l(setvbuf.o)
    0x00001cd8   0x00001cd8   0x000000f0   Code   RO         3112    .text               c_w.l(fopen.o)
    0x00001dc8   0x00001dc8   0x0000004c   Code   RO         3114    .text               c_w.l(fclose.o)
    0x00001e14   0x00001e14   0x00000048   Code   RO         3124    .text               c_w.l(_c16rtomb.o)
    0x00001e5c   0x00001e5c   0x00000042   Code   RO         3129    .text               c_w.l(cxa_finalize.o)
    0x00001e9e   0x00001e9e   0x0000000e   Code   RO         3132    .text               c_w.l(defsig_abrt_outer.o)
    0x00001eac   0x00001eac   0x0000000e   Code   RO         3136    .text               c_w.l(defsig_rtred_outer.o)
    0x00001eba   0x00001eba   0x0000000e   Code   RO         3140    .text               c_w.l(defsig_rtmem_outer.o)
    0x00001ec8   0x00001ec8   0x0000004a   Code   RO         3182    .text               c_w.l(sys_stackheap_outer.o)
    0x00001f12   0x00001f12   0x00000002   PAD
    0x00001f14   0x00001f14   0x00000080   Code   RO         3188    .text               c_w.l(_printf_fp_infnan.o)
    0x00001f94   0x00001f94   0x000000e4   Code   RO         3196    .text               c_w.l(bigflt0.o)
    0x00002078   0x00002078   0x00000012   Code   RO         3227    .text               c_w.l(exit.o)
    0x0000208a   0x0000208a   0x0000000a   Code   RO         3229    .text               c_w.l(defsig_exit.o)
    0x00002094   0x00002094   0x00000030   Code   RO         3231    .text               c_w.l(defsig_abrt_inner.o)
    0x000020c4   0x000020c4   0x00000034   Code   RO         3237    .text               c_w.l(defsig_rtred_inner.o)
    0x000020f8   0x000020f8   0x00000050   Code   RO         3239    .text               c_w.l(defsig_rtmem_inner.o)
    0x00002148   0x00002148   0x00000032   Code   RO         3270    .text               c_w.l(defsig_general.o)
    0x0000217a   0x0000217a   0x00000002   PAD
    0x0000217c   0x0000217c   0x00000002   Code   RO          112    .text.BusFault_Handler  hc32f4xx_it.o
    0x0000217e   0x0000217e   0x00000002   PAD
    0x00002180   0x00002180   0x0000002e   Code   RO          485    .text.CLK_GetStableStatus  hc32_ll_clk.o
    0x000021ae   0x000021ae   0x00000002   PAD
    0x000021b0   0x000021b0   0x00000076   Code   RO          471    .text.CLK_PLLCmd    hc32_ll_clk.o
    0x00002226   0x00002226   0x00000002   PAD
    0x00002228   0x00002228   0x000001f0   Code   RO          469    .text.CLK_PLLInit   hc32_ll_clk.o
    0x00002418   0x00002418   0x00000032   Code   RO          467    .text.CLK_PLLStructInit  hc32_ll_clk.o
    0x0000244a   0x0000244a   0x00000002   PAD
    0x0000244c   0x0000244c   0x0000000c   Code   RO          499    .text.CLK_SetClockDiv  hc32_ll_clk.o
    0x00002458   0x00002458   0x0000000c   Code   RO          487    .text.CLK_SetSysClockSrc  hc32_ll_clk.o
    0x00002464   0x00002464   0x0000003a   Code   RO          435    .text.CLK_WaitStable  hc32_ll_clk.o
    0x0000249e   0x0000249e   0x00000002   PAD
    0x000024a0   0x000024a0   0x00000070   Code   RO          447    .text.CLK_XtalCmd   hc32_ll_clk.o
    0x00002510   0x00002510   0x000000d4   Code   RO          445    .text.CLK_XtalInit  hc32_ll_clk.o
    0x000025e4   0x000025e4   0x0000001e   Code   RO          443    .text.CLK_XtalStructInit  hc32_ll_clk.o
    0x00002602   0x00002602   0x00000002   PAD
    0x00002604   0x00002604   0x000001ae   Code   RO         1689    .text.ClockSync_CalculateBrr  hc32_ll_usart.o
    0x000027b2   0x000027b2   0x00000002   PAD
    0x000027b4   0x000027b4   0x00000002   Code   RO         1717    .text.DDL_AssertHandler  hc32_ll_utility.o
    0x000027b6   0x000027b6   0x00000002   PAD
    0x000027b8   0x000027b8   0x00000002   Code   RO          118    .text.DebugMon_Handler  hc32f4xx_it.o
    0x000027ba   0x000027ba   0x00000002   PAD
    0x000027bc   0x000027bc   0x00000042   Code   RO          700    .text.EFM_CacheCmd  hc32_ll_efm.o
    0x000027fe   0x000027fe   0x00000002   PAD
    0x00002800   0x00002800   0x00000042   Code   RO          698    .text.EFM_CacheRamReset  hc32_ll_efm.o
    0x00002842   0x00002842   0x00000002   PAD
    0x00002844   0x00002844   0x0000000e   Code   RO          310    .text.EFM_REG_Lock  hc32_ll.o
    0x00002852   0x00002852   0x00000002   PAD
    0x00002854   0x00002854   0x00000016   Code   RO          300    .text.EFM_REG_Unlock  hc32_ll.o
    0x0000286a   0x0000286a   0x00000002   PAD
    0x0000286c   0x0000286c   0x00000092   Code   RO          696    .text.EFM_SetWaitCycle  hc32_ll_efm.o
    0x000028fe   0x000028fe   0x00000002   PAD
    0x00002900   0x00002900   0x0000004e   Code   RO          777    .text.FCG_Fcg1PeriphClockCmd  hc32_ll_fcg.o
    0x0000294e   0x0000294e   0x00000002   PAD
    0x00002950   0x00002950   0x0000008e   Code   RO          828    .text.GPIO_AnalogCmd  hc32_ll_gpio.o
    0x000029de   0x000029de   0x00000002   PAD
    0x000029e0   0x000029e0   0x000001c2   Code   RO          792    .text.GPIO_Init     hc32_ll_gpio.o
    0x00002ba2   0x00002ba2   0x00000002   PAD
    0x00002ba4   0x00002ba4   0x00000010   Code   RO          314    .text.GPIO_REG_Lock  hc32_ll.o
    0x00002bb4   0x00002bb4   0x00000010   Code   RO          304    .text.GPIO_REG_Unlock  hc32_ll.o
    0x00002bc4   0x00002bc4   0x00000022   Code   RO         2109    .text.GPIO_ResetBits  wiring_digital.o
    0x00002be6   0x00002be6   0x00000002   PAD
    0x00002be8   0x00002be8   0x0000003e   Code   RO          822    .text.GPIO_ResetPins  hc32_ll_gpio.o
    0x00002c26   0x00002c26   0x00000002   PAD
    0x00002c28   0x00002c28   0x00000022   Code   RO         2107    .text.GPIO_SetBits  wiring_digital.o
    0x00002c4a   0x00002c4a   0x00000002   PAD
    0x00002c4c   0x00002c4c   0x000000a6   Code   RO          800    .text.GPIO_SetFunc  hc32_ll_gpio.o
    0x00002cf2   0x00002cf2   0x00000002   PAD
    0x00002cf4   0x00002cf4   0x00000026   Code   RO          215    .text.GPIO_SetFunction  spi.o
    0x00002d1a   0x00002d1a   0x00000002   PAD
    0x00002d1c   0x00002d1c   0x0000003e   Code   RO          820    .text.GPIO_SetPins  hc32_ll_gpio.o
    0x00002d5a   0x00002d5a   0x00000002   PAD
    0x00002d5c   0x00002d5c   0x00000046   Code   RO          808    .text.GPIO_SetReadWaitCycle  hc32_ll_gpio.o
    0x00002da2   0x00002da2   0x00000002   PAD
    0x00002da4   0x00002da4   0x0000001a   Code   RO          796    .text.GPIO_StructInit  hc32_ll_gpio.o
    0x00002dbe   0x00002dbe   0x00000002   PAD
    0x00002dc0   0x00002dc0   0x00000022   Code   RO         2113    .text.GPIO_Toggle   wiring_digital.o
    0x00002de2   0x00002de2   0x00000002   PAD
    0x00002de4   0x00002de4   0x0000003e   Code   RO          826    .text.GPIO_TogglePins  hc32_ll_gpio.o
    0x00002e22   0x00002e22   0x00000002   PAD
    0x00002e24   0x00002e24   0x0000000c   Code   RO          234    .text.HAL_GetTick   hal.o
    0x00002e30   0x00002e30   0x0000001a   Code   RO          232    .text.HAL_IncTick   hal.o
    0x00002e4a   0x00002e4a   0x00000002   PAD
    0x00002e4c   0x00002e4c   0x00000010   Code   RO          222    .text.HAL_Init      hal.o
    0x00002e5c   0x00002e5c   0x00000050   Code   RO          224    .text.HAL_InitTick  hal.o
    0x00002eac   0x00002eac   0x00000002   Code   RO          226    .text.HAL_MspInit   hal.o
    0x00002eae   0x00002eae   0x00000002   PAD
    0x00002eb0   0x00002eb0   0x00000042   Code   RO          261    .text.HAL_NVIC_SetPriority  hal_cortex.o
    0x00002ef2   0x00002ef2   0x00000002   PAD
    0x00002ef4   0x00002ef4   0x00000008   Code   RO          281    .text.HAL_SYSTICK_Config  hal_cortex.o
    0x00002efc   0x00002efc   0x00000002   Code   RO          122    .text.HardFault_Handler  hc32f4xx_it.o
    0x00002efe   0x00002efe   0x00000002   PAD
    0x00002f00   0x00002f00   0x00000014   Code   RO          974    .text.IRQ000_Handler  hc32_ll_interrupts.o
    0x00002f14   0x00002f14   0x00000014   Code   RO          976    .text.IRQ001_Handler  hc32_ll_interrupts.o
    0x00002f28   0x00002f28   0x00000014   Code   RO          978    .text.IRQ002_Handler  hc32_ll_interrupts.o
    0x00002f3c   0x00002f3c   0x00000014   Code   RO          980    .text.IRQ003_Handler  hc32_ll_interrupts.o
    0x00002f50   0x00002f50   0x00000014   Code   RO          982    .text.IRQ004_Handler  hc32_ll_interrupts.o
    0x00002f64   0x00002f64   0x00000014   Code   RO          984    .text.IRQ005_Handler  hc32_ll_interrupts.o
    0x00002f78   0x00002f78   0x00000014   Code   RO          986    .text.IRQ006_Handler  hc32_ll_interrupts.o
    0x00002f8c   0x00002f8c   0x00000014   Code   RO          988    .text.IRQ007_Handler  hc32_ll_interrupts.o
    0x00002fa0   0x00002fa0   0x00000014   Code   RO          990    .text.IRQ008_Handler  hc32_ll_interrupts.o
    0x00002fb4   0x00002fb4   0x00000014   Code   RO          992    .text.IRQ009_Handler  hc32_ll_interrupts.o
    0x00002fc8   0x00002fc8   0x00000014   Code   RO          994    .text.IRQ010_Handler  hc32_ll_interrupts.o
    0x00002fdc   0x00002fdc   0x00000014   Code   RO          996    .text.IRQ011_Handler  hc32_ll_interrupts.o
    0x00002ff0   0x00002ff0   0x00000014   Code   RO          998    .text.IRQ012_Handler  hc32_ll_interrupts.o
    0x00003004   0x00003004   0x00000014   Code   RO         1000    .text.IRQ013_Handler  hc32_ll_interrupts.o
    0x00003018   0x00003018   0x00000014   Code   RO         1002    .text.IRQ014_Handler  hc32_ll_interrupts.o
    0x0000302c   0x0000302c   0x00000014   Code   RO         1004    .text.IRQ015_Handler  hc32_ll_interrupts.o
    0x00003040   0x00003040   0x00000014   Code   RO         1006    .text.IRQ016_Handler  hc32_ll_interrupts.o
    0x00003054   0x00003054   0x00000014   Code   RO         1008    .text.IRQ017_Handler  hc32_ll_interrupts.o
    0x00003068   0x00003068   0x00000014   Code   RO         1010    .text.IRQ018_Handler  hc32_ll_interrupts.o
    0x0000307c   0x0000307c   0x00000014   Code   RO         1012    .text.IRQ019_Handler  hc32_ll_interrupts.o
    0x00003090   0x00003090   0x00000014   Code   RO         1014    .text.IRQ020_Handler  hc32_ll_interrupts.o
    0x000030a4   0x000030a4   0x00000014   Code   RO         1016    .text.IRQ021_Handler  hc32_ll_interrupts.o
    0x000030b8   0x000030b8   0x00000014   Code   RO         1018    .text.IRQ022_Handler  hc32_ll_interrupts.o
    0x000030cc   0x000030cc   0x00000014   Code   RO         1020    .text.IRQ023_Handler  hc32_ll_interrupts.o
    0x000030e0   0x000030e0   0x00000014   Code   RO         1022    .text.IRQ024_Handler  hc32_ll_interrupts.o
    0x000030f4   0x000030f4   0x00000014   Code   RO         1024    .text.IRQ025_Handler  hc32_ll_interrupts.o
    0x00003108   0x00003108   0x00000014   Code   RO         1026    .text.IRQ026_Handler  hc32_ll_interrupts.o
    0x0000311c   0x0000311c   0x00000014   Code   RO         1028    .text.IRQ027_Handler  hc32_ll_interrupts.o
    0x00003130   0x00003130   0x00000014   Code   RO         1030    .text.IRQ028_Handler  hc32_ll_interrupts.o
    0x00003144   0x00003144   0x00000014   Code   RO         1032    .text.IRQ029_Handler  hc32_ll_interrupts.o
    0x00003158   0x00003158   0x00000014   Code   RO         1034    .text.IRQ030_Handler  hc32_ll_interrupts.o
    0x0000316c   0x0000316c   0x00000014   Code   RO         1036    .text.IRQ031_Handler  hc32_ll_interrupts.o
    0x00003180   0x00003180   0x00000016   Code   RO         1038    .text.IRQ032_Handler  hc32_ll_interrupts.o
    0x00003196   0x00003196   0x00000002   PAD
    0x00003198   0x00003198   0x00000016   Code   RO         1040    .text.IRQ033_Handler  hc32_ll_interrupts.o
    0x000031ae   0x000031ae   0x00000002   PAD
    0x000031b0   0x000031b0   0x00000016   Code   RO         1042    .text.IRQ034_Handler  hc32_ll_interrupts.o
    0x000031c6   0x000031c6   0x00000002   PAD
    0x000031c8   0x000031c8   0x00000016   Code   RO         1044    .text.IRQ035_Handler  hc32_ll_interrupts.o
    0x000031de   0x000031de   0x00000002   PAD
    0x000031e0   0x000031e0   0x00000016   Code   RO         1046    .text.IRQ036_Handler  hc32_ll_interrupts.o
    0x000031f6   0x000031f6   0x00000002   PAD
    0x000031f8   0x000031f8   0x00000016   Code   RO         1048    .text.IRQ037_Handler  hc32_ll_interrupts.o
    0x0000320e   0x0000320e   0x00000002   PAD
    0x00003210   0x00003210   0x00000016   Code   RO         1050    .text.IRQ038_Handler  hc32_ll_interrupts.o
    0x00003226   0x00003226   0x00000002   PAD
    0x00003228   0x00003228   0x00000016   Code   RO         1052    .text.IRQ039_Handler  hc32_ll_interrupts.o
    0x0000323e   0x0000323e   0x00000002   PAD
    0x00003240   0x00003240   0x00000016   Code   RO         1054    .text.IRQ040_Handler  hc32_ll_interrupts.o
    0x00003256   0x00003256   0x00000002   PAD
    0x00003258   0x00003258   0x00000016   Code   RO         1056    .text.IRQ041_Handler  hc32_ll_interrupts.o
    0x0000326e   0x0000326e   0x00000002   PAD
    0x00003270   0x00003270   0x00000016   Code   RO         1058    .text.IRQ042_Handler  hc32_ll_interrupts.o
    0x00003286   0x00003286   0x00000002   PAD
    0x00003288   0x00003288   0x00000016   Code   RO         1060    .text.IRQ043_Handler  hc32_ll_interrupts.o
    0x0000329e   0x0000329e   0x00000002   PAD
    0x000032a0   0x000032a0   0x00000016   Code   RO         1062    .text.IRQ044_Handler  hc32_ll_interrupts.o
    0x000032b6   0x000032b6   0x00000002   PAD
    0x000032b8   0x000032b8   0x00000016   Code   RO         1064    .text.IRQ045_Handler  hc32_ll_interrupts.o
    0x000032ce   0x000032ce   0x00000002   PAD
    0x000032d0   0x000032d0   0x00000016   Code   RO         1066    .text.IRQ046_Handler  hc32_ll_interrupts.o
    0x000032e6   0x000032e6   0x00000002   PAD
    0x000032e8   0x000032e8   0x00000016   Code   RO         1068    .text.IRQ047_Handler  hc32_ll_interrupts.o
    0x000032fe   0x000032fe   0x00000002   PAD
    0x00003300   0x00003300   0x00000016   Code   RO         1070    .text.IRQ048_Handler  hc32_ll_interrupts.o
    0x00003316   0x00003316   0x00000002   PAD
    0x00003318   0x00003318   0x00000016   Code   RO         1072    .text.IRQ049_Handler  hc32_ll_interrupts.o
    0x0000332e   0x0000332e   0x00000002   PAD
    0x00003330   0x00003330   0x00000016   Code   RO         1074    .text.IRQ050_Handler  hc32_ll_interrupts.o
    0x00003346   0x00003346   0x00000002   PAD
    0x00003348   0x00003348   0x00000016   Code   RO         1076    .text.IRQ051_Handler  hc32_ll_interrupts.o
    0x0000335e   0x0000335e   0x00000002   PAD
    0x00003360   0x00003360   0x00000016   Code   RO         1078    .text.IRQ052_Handler  hc32_ll_interrupts.o
    0x00003376   0x00003376   0x00000002   PAD
    0x00003378   0x00003378   0x00000016   Code   RO         1080    .text.IRQ053_Handler  hc32_ll_interrupts.o
    0x0000338e   0x0000338e   0x00000002   PAD
    0x00003390   0x00003390   0x00000016   Code   RO         1082    .text.IRQ054_Handler  hc32_ll_interrupts.o
    0x000033a6   0x000033a6   0x00000002   PAD
    0x000033a8   0x000033a8   0x00000016   Code   RO         1084    .text.IRQ055_Handler  hc32_ll_interrupts.o
    0x000033be   0x000033be   0x00000002   PAD
    0x000033c0   0x000033c0   0x00000016   Code   RO         1086    .text.IRQ056_Handler  hc32_ll_interrupts.o
    0x000033d6   0x000033d6   0x00000002   PAD
    0x000033d8   0x000033d8   0x00000016   Code   RO         1088    .text.IRQ057_Handler  hc32_ll_interrupts.o
    0x000033ee   0x000033ee   0x00000002   PAD
    0x000033f0   0x000033f0   0x00000016   Code   RO         1090    .text.IRQ058_Handler  hc32_ll_interrupts.o
    0x00003406   0x00003406   0x00000002   PAD
    0x00003408   0x00003408   0x00000016   Code   RO         1092    .text.IRQ059_Handler  hc32_ll_interrupts.o
    0x0000341e   0x0000341e   0x00000002   PAD
    0x00003420   0x00003420   0x00000016   Code   RO         1094    .text.IRQ060_Handler  hc32_ll_interrupts.o
    0x00003436   0x00003436   0x00000002   PAD
    0x00003438   0x00003438   0x00000016   Code   RO         1096    .text.IRQ061_Handler  hc32_ll_interrupts.o
    0x0000344e   0x0000344e   0x00000002   PAD
    0x00003450   0x00003450   0x00000016   Code   RO         1098    .text.IRQ062_Handler  hc32_ll_interrupts.o
    0x00003466   0x00003466   0x00000002   PAD
    0x00003468   0x00003468   0x00000016   Code   RO         1100    .text.IRQ063_Handler  hc32_ll_interrupts.o
    0x0000347e   0x0000347e   0x00000002   PAD
    0x00003480   0x00003480   0x00000016   Code   RO         1102    .text.IRQ064_Handler  hc32_ll_interrupts.o
    0x00003496   0x00003496   0x00000002   PAD
    0x00003498   0x00003498   0x00000016   Code   RO         1104    .text.IRQ065_Handler  hc32_ll_interrupts.o
    0x000034ae   0x000034ae   0x00000002   PAD
    0x000034b0   0x000034b0   0x00000016   Code   RO         1106    .text.IRQ066_Handler  hc32_ll_interrupts.o
    0x000034c6   0x000034c6   0x00000002   PAD
    0x000034c8   0x000034c8   0x00000016   Code   RO         1108    .text.IRQ067_Handler  hc32_ll_interrupts.o
    0x000034de   0x000034de   0x00000002   PAD
    0x000034e0   0x000034e0   0x00000016   Code   RO         1110    .text.IRQ068_Handler  hc32_ll_interrupts.o
    0x000034f6   0x000034f6   0x00000002   PAD
    0x000034f8   0x000034f8   0x00000016   Code   RO         1112    .text.IRQ069_Handler  hc32_ll_interrupts.o
    0x0000350e   0x0000350e   0x00000002   PAD
    0x00003510   0x00003510   0x00000016   Code   RO         1114    .text.IRQ070_Handler  hc32_ll_interrupts.o
    0x00003526   0x00003526   0x00000002   PAD
    0x00003528   0x00003528   0x00000016   Code   RO         1116    .text.IRQ071_Handler  hc32_ll_interrupts.o
    0x0000353e   0x0000353e   0x00000002   PAD
    0x00003540   0x00003540   0x00000016   Code   RO         1118    .text.IRQ072_Handler  hc32_ll_interrupts.o
    0x00003556   0x00003556   0x00000002   PAD
    0x00003558   0x00003558   0x00000016   Code   RO         1120    .text.IRQ073_Handler  hc32_ll_interrupts.o
    0x0000356e   0x0000356e   0x00000002   PAD
    0x00003570   0x00003570   0x00000016   Code   RO         1122    .text.IRQ074_Handler  hc32_ll_interrupts.o
    0x00003586   0x00003586   0x00000002   PAD
    0x00003588   0x00003588   0x00000016   Code   RO         1124    .text.IRQ075_Handler  hc32_ll_interrupts.o
    0x0000359e   0x0000359e   0x00000002   PAD
    0x000035a0   0x000035a0   0x00000016   Code   RO         1126    .text.IRQ076_Handler  hc32_ll_interrupts.o
    0x000035b6   0x000035b6   0x00000002   PAD
    0x000035b8   0x000035b8   0x00000016   Code   RO         1128    .text.IRQ077_Handler  hc32_ll_interrupts.o
    0x000035ce   0x000035ce   0x00000002   PAD
    0x000035d0   0x000035d0   0x00000016   Code   RO         1130    .text.IRQ078_Handler  hc32_ll_interrupts.o
    0x000035e6   0x000035e6   0x00000002   PAD
    0x000035e8   0x000035e8   0x00000016   Code   RO         1132    .text.IRQ079_Handler  hc32_ll_interrupts.o
    0x000035fe   0x000035fe   0x00000002   PAD
    0x00003600   0x00003600   0x00000016   Code   RO         1134    .text.IRQ080_Handler  hc32_ll_interrupts.o
    0x00003616   0x00003616   0x00000002   PAD
    0x00003618   0x00003618   0x00000016   Code   RO         1136    .text.IRQ081_Handler  hc32_ll_interrupts.o
    0x0000362e   0x0000362e   0x00000002   PAD
    0x00003630   0x00003630   0x00000016   Code   RO         1138    .text.IRQ082_Handler  hc32_ll_interrupts.o
    0x00003646   0x00003646   0x00000002   PAD
    0x00003648   0x00003648   0x00000016   Code   RO         1140    .text.IRQ083_Handler  hc32_ll_interrupts.o
    0x0000365e   0x0000365e   0x00000002   PAD
    0x00003660   0x00003660   0x00000016   Code   RO         1142    .text.IRQ084_Handler  hc32_ll_interrupts.o
    0x00003676   0x00003676   0x00000002   PAD
    0x00003678   0x00003678   0x00000016   Code   RO         1144    .text.IRQ085_Handler  hc32_ll_interrupts.o
    0x0000368e   0x0000368e   0x00000002   PAD
    0x00003690   0x00003690   0x00000016   Code   RO         1146    .text.IRQ086_Handler  hc32_ll_interrupts.o
    0x000036a6   0x000036a6   0x00000002   PAD
    0x000036a8   0x000036a8   0x00000016   Code   RO         1148    .text.IRQ087_Handler  hc32_ll_interrupts.o
    0x000036be   0x000036be   0x00000002   PAD
    0x000036c0   0x000036c0   0x00000016   Code   RO         1150    .text.IRQ088_Handler  hc32_ll_interrupts.o
    0x000036d6   0x000036d6   0x00000002   PAD
    0x000036d8   0x000036d8   0x00000016   Code   RO         1152    .text.IRQ089_Handler  hc32_ll_interrupts.o
    0x000036ee   0x000036ee   0x00000002   PAD
    0x000036f0   0x000036f0   0x00000016   Code   RO         1154    .text.IRQ090_Handler  hc32_ll_interrupts.o
    0x00003706   0x00003706   0x00000002   PAD
    0x00003708   0x00003708   0x00000016   Code   RO         1156    .text.IRQ091_Handler  hc32_ll_interrupts.o
    0x0000371e   0x0000371e   0x00000002   PAD
    0x00003720   0x00003720   0x00000016   Code   RO         1158    .text.IRQ092_Handler  hc32_ll_interrupts.o
    0x00003736   0x00003736   0x00000002   PAD
    0x00003738   0x00003738   0x00000016   Code   RO         1160    .text.IRQ093_Handler  hc32_ll_interrupts.o
    0x0000374e   0x0000374e   0x00000002   PAD
    0x00003750   0x00003750   0x00000016   Code   RO         1162    .text.IRQ094_Handler  hc32_ll_interrupts.o
    0x00003766   0x00003766   0x00000002   PAD
    0x00003768   0x00003768   0x00000016   Code   RO         1164    .text.IRQ095_Handler  hc32_ll_interrupts.o
    0x0000377e   0x0000377e   0x00000002   PAD
    0x00003780   0x00003780   0x00000016   Code   RO         1166    .text.IRQ096_Handler  hc32_ll_interrupts.o
    0x00003796   0x00003796   0x00000002   PAD
    0x00003798   0x00003798   0x00000016   Code   RO         1168    .text.IRQ097_Handler  hc32_ll_interrupts.o
    0x000037ae   0x000037ae   0x00000002   PAD
    0x000037b0   0x000037b0   0x00000016   Code   RO         1170    .text.IRQ098_Handler  hc32_ll_interrupts.o
    0x000037c6   0x000037c6   0x00000002   PAD
    0x000037c8   0x000037c8   0x00000016   Code   RO         1172    .text.IRQ099_Handler  hc32_ll_interrupts.o
    0x000037de   0x000037de   0x00000002   PAD
    0x000037e0   0x000037e0   0x00000016   Code   RO         1174    .text.IRQ100_Handler  hc32_ll_interrupts.o
    0x000037f6   0x000037f6   0x00000002   PAD
    0x000037f8   0x000037f8   0x00000016   Code   RO         1176    .text.IRQ101_Handler  hc32_ll_interrupts.o
    0x0000380e   0x0000380e   0x00000002   PAD
    0x00003810   0x00003810   0x00000016   Code   RO         1178    .text.IRQ102_Handler  hc32_ll_interrupts.o
    0x00003826   0x00003826   0x00000002   PAD
    0x00003828   0x00003828   0x00000016   Code   RO         1180    .text.IRQ103_Handler  hc32_ll_interrupts.o
    0x0000383e   0x0000383e   0x00000002   PAD
    0x00003840   0x00003840   0x00000016   Code   RO         1182    .text.IRQ104_Handler  hc32_ll_interrupts.o
    0x00003856   0x00003856   0x00000002   PAD
    0x00003858   0x00003858   0x00000016   Code   RO         1184    .text.IRQ105_Handler  hc32_ll_interrupts.o
    0x0000386e   0x0000386e   0x00000002   PAD
    0x00003870   0x00003870   0x00000016   Code   RO         1186    .text.IRQ106_Handler  hc32_ll_interrupts.o
    0x00003886   0x00003886   0x00000002   PAD
    0x00003888   0x00003888   0x00000016   Code   RO         1188    .text.IRQ107_Handler  hc32_ll_interrupts.o
    0x0000389e   0x0000389e   0x00000002   PAD
    0x000038a0   0x000038a0   0x00000016   Code   RO         1190    .text.IRQ108_Handler  hc32_ll_interrupts.o
    0x000038b6   0x000038b6   0x00000002   PAD
    0x000038b8   0x000038b8   0x00000016   Code   RO         1192    .text.IRQ109_Handler  hc32_ll_interrupts.o
    0x000038ce   0x000038ce   0x00000002   PAD
    0x000038d0   0x000038d0   0x00000016   Code   RO         1194    .text.IRQ110_Handler  hc32_ll_interrupts.o
    0x000038e6   0x000038e6   0x00000002   PAD
    0x000038e8   0x000038e8   0x00000016   Code   RO         1196    .text.IRQ111_Handler  hc32_ll_interrupts.o
    0x000038fe   0x000038fe   0x00000002   PAD
    0x00003900   0x00003900   0x00000016   Code   RO         1198    .text.IRQ112_Handler  hc32_ll_interrupts.o
    0x00003916   0x00003916   0x00000002   PAD
    0x00003918   0x00003918   0x00000016   Code   RO         1200    .text.IRQ113_Handler  hc32_ll_interrupts.o
    0x0000392e   0x0000392e   0x00000002   PAD
    0x00003930   0x00003930   0x00000016   Code   RO         1202    .text.IRQ114_Handler  hc32_ll_interrupts.o
    0x00003946   0x00003946   0x00000002   PAD
    0x00003948   0x00003948   0x00000016   Code   RO         1204    .text.IRQ115_Handler  hc32_ll_interrupts.o
    0x0000395e   0x0000395e   0x00000002   PAD
    0x00003960   0x00003960   0x00000016   Code   RO         1206    .text.IRQ116_Handler  hc32_ll_interrupts.o
    0x00003976   0x00003976   0x00000002   PAD
    0x00003978   0x00003978   0x00000016   Code   RO         1208    .text.IRQ117_Handler  hc32_ll_interrupts.o
    0x0000398e   0x0000398e   0x00000002   PAD
    0x00003990   0x00003990   0x00000016   Code   RO         1210    .text.IRQ118_Handler  hc32_ll_interrupts.o
    0x000039a6   0x000039a6   0x00000002   PAD
    0x000039a8   0x000039a8   0x00000016   Code   RO         1212    .text.IRQ119_Handler  hc32_ll_interrupts.o
    0x000039be   0x000039be   0x00000002   PAD
    0x000039c0   0x000039c0   0x00000016   Code   RO         1214    .text.IRQ120_Handler  hc32_ll_interrupts.o
    0x000039d6   0x000039d6   0x00000002   PAD
    0x000039d8   0x000039d8   0x00000016   Code   RO         1216    .text.IRQ121_Handler  hc32_ll_interrupts.o
    0x000039ee   0x000039ee   0x00000002   PAD
    0x000039f0   0x000039f0   0x00000016   Code   RO         1218    .text.IRQ122_Handler  hc32_ll_interrupts.o
    0x00003a06   0x00003a06   0x00000002   PAD
    0x00003a08   0x00003a08   0x00000016   Code   RO         1220    .text.IRQ123_Handler  hc32_ll_interrupts.o
    0x00003a1e   0x00003a1e   0x00000002   PAD
    0x00003a20   0x00003a20   0x00000016   Code   RO         1222    .text.IRQ124_Handler  hc32_ll_interrupts.o
    0x00003a36   0x00003a36   0x00000002   PAD
    0x00003a38   0x00003a38   0x00000016   Code   RO         1224    .text.IRQ125_Handler  hc32_ll_interrupts.o
    0x00003a4e   0x00003a4e   0x00000002   PAD
    0x00003a50   0x00003a50   0x00000016   Code   RO         1226    .text.IRQ126_Handler  hc32_ll_interrupts.o
    0x00003a66   0x00003a66   0x00000002   PAD
    0x00003a68   0x00003a68   0x00000016   Code   RO         1228    .text.IRQ127_Handler  hc32_ll_interrupts.o
    0x00003a7e   0x00003a7e   0x00000002   PAD
    0x00003a80   0x00003a80   0x00000042   Code   RO          298    .text.LL_PERIPH_WE  hc32_ll.o
    0x00003ac2   0x00003ac2   0x00000002   PAD
    0x00003ac4   0x00003ac4   0x00000042   Code   RO          308    .text.LL_PERIPH_WP  hc32_ll.o
    0x00003b06   0x00003b06   0x00000002   PAD
    0x00003b08   0x00003b08   0x00000002   Code   RO          110    .text.MemManage_Handler  hc32f4xx_it.o
    0x00003b0a   0x00003b0a   0x00000002   PAD
    0x00003b0c   0x00003b0c   0x00000002   Code   RO          108    .text.NMI_Handler   hc32f4xx_it.o
    0x00003b0e   0x00003b0e   0x00000002   PAD
    0x00003b10   0x00003b10   0x0000002c   Code   RO          267    .text.NVIC_EncodePriority  hal_cortex.o
    0x00003b3c   0x00003b3c   0x00000012   Code   RO          312    .text.PWC_FCG0_REG_Lock  hc32_ll.o
    0x00003b4e   0x00003b4e   0x00000002   PAD
    0x00003b50   0x00003b50   0x00000012   Code   RO          302    .text.PWC_FCG0_REG_Unlock  hc32_ll.o
    0x00003b62   0x00003b62   0x00000002   PAD
    0x00003b64   0x00003b64   0x0000003a   Code   RO         1312    .text.PWC_HighSpeedToHighPerformance  hc32_ll_pwc.o
    0x00003b9e   0x00003b9e   0x00000002   PAD
    0x00003ba0   0x00003ba0   0x00000016   Code   RO          316    .text.PWC_REG_Lock  hc32_ll.o
    0x00003bb6   0x00003bb6   0x00000002   PAD
    0x00003bb8   0x00003bb8   0x00000010   Code   RO          306    .text.PWC_REG_Unlock  hc32_ll.o
    0x00003bc8   0x00003bc8   0x00000002   Code   RO          120    .text.PendSV_Handler  hc32f4xx_it.o
    0x00003bca   0x00003bca   0x00000002   PAD
    0x00003bcc   0x00003bcc   0x00000098   Code   RO         1409    .text.SPI_Cmd       hc32_ll_spi.o
    0x00003c64   0x00003c64   0x00000066   Code   RO         1403    .text.SPI_DeInit    hc32_ll_spi.o
    0x00003cca   0x00003cca   0x00000002   PAD
    0x00003ccc   0x00003ccc   0x0000020a   Code   RO         1401    .text.SPI_Init      hc32_ll_spi.o
    0x00003ed6   0x00003ed6   0x00000002   PAD
    0x00003ed8   0x00003ed8   0x0000002c   Code   RO         1405    .text.SPI_StructInit  hc32_ll_spi.o
    0x00003f04   0x00003f04   0x00000010   Code   RO          294    .text.SRAM_REG_Lock  hc32_ll.o
    0x00003f14   0x00003f14   0x00000010   Code   RO          296    .text.SRAM_REG_Unlock  hc32_ll.o
    0x00003f24   0x00003f24   0x000000ca   Code   RO         1462    .text.SRAM_SetWaitCycle  hc32_ll_sram.o
    0x00003fee   0x00003fee   0x00000002   PAD
    0x00003ff0   0x00003ff0   0x00000002   Code   RO          116    .text.SVC_Handler   hc32f4xx_it.o
    0x00003ff2   0x00003ff2   0x00000002   PAD
    0x00003ff4   0x00003ff4   0x00000188   Code   RO          501    .text.SetSysClockDiv  hc32_ll_clk.o
    0x0000417c   0x0000417c   0x000000b6   Code   RO          489    .text.SetSysClockSrc  hc32_ll_clk.o
    0x00004232   0x00004232   0x00000002   PAD
    0x00004234   0x00004234   0x000001e8   Code   RO         1687    .text.SmartCard_CalculateBrr  hc32_ll_usart.o
    0x0000441c   0x0000441c   0x0000002e   Code   RO          283    .text.SysTick_Config  hal_cortex.o
    0x0000444a   0x0000444a   0x00000002   PAD
    0x0000444c   0x0000444c   0x00000008   Code   RO            8    .text.SysTick_Handler  main.o
    0x00004454   0x00004454   0x0000009c   Code   RO           29    .text.SystemCoreClockUpdate  system_hc32f460.o
    0x000044f0   0x000044f0   0x0000001e   Code   RO           27    .text.SystemInit    system_hc32f460.o
    0x0000450e   0x0000450e   0x00000002   PAD
    0x00004510   0x00004510   0x000001e0   Code   RO         1685    .text.UART_CalculateBrr  hc32_ll_usart.o
    0x000046f0   0x000046f0   0x000000a6   Code   RO         1633    .text.USART_FuncCmd  hc32_ll_usart.o
    0x00004796   0x00004796   0x00000002   PAD
    0x00004798   0x00004798   0x0000001c   Code   RO         1705    .text.USART_GetBusClockFreq  hc32_ll_usart.o
    0x000047b4   0x000047b4   0x00000082   Code   RO         1637    .text.USART_GetStatus  hc32_ll_usart.o
    0x00004836   0x00004836   0x00000002   PAD
    0x00004838   0x00004838   0x00000062   Code   RO         1683    .text.USART_GetUsartClockFreq  hc32_ll_usart.o
    0x0000489a   0x0000489a   0x00000002   PAD
    0x0000489c   0x0000489c   0x0000005c   Code   RO           78    .text.USART_Init    usart.o
    0x000048f8   0x000048f8   0x00000038   Code   RO           80    .text.USART_PutC    usart.o
    0x00004930   0x00004930   0x000000ee   Code   RO         1617    .text.USART_SetBaudrate  hc32_ll_usart.o
    0x00004a1e   0x00004a1e   0x00000002   PAD
    0x00004a20   0x00004a20   0x000001de   Code   RO         1625    .text.USART_UART_Init  hc32_ll_usart.o
    0x00004bfe   0x00004bfe   0x00000002   PAD
    0x00004c00   0x00004c00   0x00000030   Code   RO         1623    .text.USART_UART_StructInit  hc32_ll_usart.o
    0x00004c30   0x00004c30   0x00000076   Code   RO         1679    .text.USART_WriteData  hc32_ll_usart.o
    0x00004ca6   0x00004ca6   0x00000002   PAD
    0x00004ca8   0x00004ca8   0x00000002   Code   RO          114    .text.UsageFault_Handler  hc32f4xx_it.o
    0x00004caa   0x00004caa   0x00000002   PAD
    0x00004cac   0x00004cac   0x00000008   Code   RO           10    .text._GLOBAL__sub_I_main.cpp  main.o
    0x00004cb4   0x00004cb4   0x00000026   Code   RO         2101    .text._GPIO_Init    wiring_digital.o
    0x00004cda   0x00004cda   0x00000002   PAD
    0x00004cdc   0x00004cdc   0x000000c4   Code   RO            6    .text._Z18SystemClock_Configv  main.o
    0x00004da0   0x00004da0   0x00000008   Code   RO         2310    .text._Z18pgm_read_glyph_ptrPK7GFXfonth  adafruit_gfx.o
    0x00004da8   0x00004da8   0x00000004   Code   RO         2312    .text._Z19pgm_read_bitmap_ptrPK7GFXfont  adafruit_gfx.o
    0x00004dac   0x00004dac   0x00000024   Code   RO         2140    .text._ZN12Adafruit_GFX10fillScreenEt  adafruit_gfx.o
    0x00004dd0   0x00004dd0   0x00000002   Code   RO         2122    .text._ZN12Adafruit_GFX10startWriteEv  adafruit_gfx.o
    0x00004dd2   0x00004dd2   0x00000002   PAD
    0x00004dd4   0x00004dd4   0x0000000e   Code   RO         2124    .text._ZN12Adafruit_GFX10writePixelEsst  adafruit_gfx.o
    0x00004de2   0x00004de2   0x00000002   PAD
    0x00004de4   0x00004de4   0x00000026   Code   RO         2202    .text._ZN12Adafruit_GFX11setRotationEh  adafruit_gfx.o
    0x00004e0a   0x00004e0a   0x00000002   PAD
    0x00004e0c   0x00004e0c   0x00000040   Code   RO         2136    .text._ZN12Adafruit_GFX13drawFastHLineEssst  adafruit_gfx.o
    0x00004e4c   0x00004e4c   0x00000042   Code   RO         2134    .text._ZN12Adafruit_GFX13drawFastVLineEssst  adafruit_gfx.o
    0x00004e8e   0x00004e8e   0x00000002   PAD
    0x00004e90   0x00004e90   0x00000002   Code   RO         2214    .text._ZN12Adafruit_GFX13invertDisplayEb  adafruit_gfx.o
    0x00004e92   0x00004e92   0x00000002   PAD
    0x00004e94   0x00004e94   0x0000001c   Code   RO         2130    .text._ZN12Adafruit_GFX13writeFillRectEsssst  adafruit_gfx.o
    0x00004eb0   0x00004eb0   0x0000001a   Code   RO         2128    .text._ZN12Adafruit_GFX14writeFastHLineEssst  adafruit_gfx.o
    0x00004eca   0x00004eca   0x00000002   PAD
    0x00004ecc   0x00004ecc   0x0000001a   Code   RO         2126    .text._ZN12Adafruit_GFX14writeFastVLineEssst  adafruit_gfx.o
    0x00004ee6   0x00004ee6   0x00000002   PAD
    0x00004ee8   0x00004ee8   0x0000011c   Code   RO         2196    .text._ZN12Adafruit_GFX5writeEh  adafruit_gfx.o
    0x00005004   0x00005004   0x000002da   Code   RO         2194    .text._ZN12Adafruit_GFX8drawCharEsshtthh  adafruit_gfx.o
    0x000052de   0x000052de   0x00000002   PAD
    0x000052e0   0x000052e0   0x00000080   Code   RO         2142    .text._ZN12Adafruit_GFX8drawLineEsssst  adafruit_gfx.o
    0x00005360   0x00005360   0x00000080   Code   RO         2156    .text._ZN12Adafruit_GFX8drawRectEsssst  adafruit_gfx.o
    0x000053e0   0x000053e0   0x00000002   Code   RO         2132    .text._ZN12Adafruit_GFX8endWriteEv  adafruit_gfx.o
    0x000053e2   0x000053e2   0x00000002   PAD
    0x000053e4   0x000053e4   0x00000048   Code   RO         2138    .text._ZN12Adafruit_GFX8fillRectEsssst  adafruit_gfx.o
    0x0000542c   0x0000542c   0x00000006   Code   RO           24    .text._ZN12Adafruit_GFX9setCursorEss  main.o
    0x00005432   0x00005432   0x00000002   PAD
    0x00005434   0x00005434   0x000000b2   Code   RO         2120    .text._ZN12Adafruit_GFX9writeLineEsssst  adafruit_gfx.o
    0x000054e6   0x000054e6   0x00000002   PAD
    0x000054e8   0x000054e8   0x0000003a   Code   RO         2118    .text._ZN12Adafruit_GFXC2Ess  adafruit_gfx.o
    0x00005522   0x00005522   0x00000002   PAD
    0x00005524   0x00005524   0x0000000e   Code   RO         2405    .text._ZN15Adafruit_SPITFT10SPI_CS_LOWEv  adafruit_spitft.o
    0x00005532   0x00005532   0x00000002   PAD
    0x00005534   0x00005534   0x0000000e   Code   RO         2423    .text._ZN15Adafruit_SPITFT10SPI_DC_LOWEv  adafruit_spitft.o
    0x00005542   0x00005542   0x00000002   PAD
    0x00005544   0x00005544   0x0000001a   Code   RO         2335    .text._ZN15Adafruit_SPITFT10startWriteEv  adafruit_spitft.o
    0x0000555e   0x0000555e   0x00000002   PAD
    0x00005560   0x00005560   0x0000008e   Code   RO         2351    .text._ZN15Adafruit_SPITFT10writeColorEtj  adafruit_spitft.o
    0x000055ee   0x000055ee   0x00000002   PAD
    0x000055f0   0x000055f0   0x00000048   Code   RO         2339    .text._ZN15Adafruit_SPITFT10writePixelEsst  adafruit_spitft.o
    0x00005638   0x00005638   0x0000000e   Code   RO         2407    .text._ZN15Adafruit_SPITFT11SPI_CS_HIGHEv  adafruit_spitft.o
    0x00005646   0x00005646   0x00000002   PAD
    0x00005648   0x00005648   0x0000000e   Code   RO         2425    .text._ZN15Adafruit_SPITFT11SPI_DC_HIGHEv  adafruit_spitft.o
    0x00005656   0x00005656   0x00000002   PAD
    0x00005658   0x00005658   0x0000000e   Code   RO         2417    .text._ZN15Adafruit_SPITFT11SPI_SCK_LOWEv  adafruit_spitft.o
    0x00005666   0x00005666   0x00000002   PAD
    0x00005668   0x00005668   0x0000005c   Code   RO         2341    .text._ZN15Adafruit_SPITFT11SPI_WRITE16Et  adafruit_spitft.o
    0x000056c4   0x000056c4   0x0000006c   Code   RO         2393    .text._ZN15Adafruit_SPITFT11SPI_WRITE32Ej  adafruit_spitft.o
    0x00005730   0x00005730   0x0000007a   Code   RO         2377    .text._ZN15Adafruit_SPITFT11sendCommandEhPKhh  adafruit_spitft.o
    0x000057aa   0x000057aa   0x00000002   PAD
    0x000057ac   0x000057ac   0x0000007c   Code   RO         2373    .text._ZN15Adafruit_SPITFT11sendCommandEhPhh  adafruit_spitft.o
    0x00005828   0x00005828   0x0000000e   Code   RO         2413    .text._ZN15Adafruit_SPITFT12SPI_MOSI_LOWEv  adafruit_spitft.o
    0x00005836   0x00005836   0x00000002   PAD
    0x00005838   0x00005838   0x0000000e   Code   RO         2415    .text._ZN15Adafruit_SPITFT12SPI_SCK_HIGHEv  adafruit_spitft.o
    0x00005846   0x00005846   0x00000002   PAD
    0x00005848   0x00005848   0x0000001a   Code   RO         2369    .text._ZN15Adafruit_SPITFT12writeCommandEh  adafruit_spitft.o
    0x00005862   0x00005862   0x00000002   PAD
    0x00005864   0x00005864   0x0000000e   Code   RO         2411    .text._ZN15Adafruit_SPITFT13SPI_MOSI_HIGHEv  adafruit_spitft.o
    0x00005872   0x00005872   0x00000002   PAD
    0x00005874   0x00005874   0x0000001a   Code   RO         2419    .text._ZN15Adafruit_SPITFT13TFT_WR_STROBEEv  adafruit_spitft.o
    0x0000588e   0x0000588e   0x00000002   PAD
    0x00005890   0x00005890   0x0000007e   Code   RO         2359    .text._ZN15Adafruit_SPITFT13drawFastHLineEssst  adafruit_spitft.o
    0x0000590e   0x0000590e   0x00000002   PAD
    0x00005910   0x00005910   0x0000007e   Code   RO         2361    .text._ZN15Adafruit_SPITFT13drawFastVLineEssst  adafruit_spitft.o
    0x0000598e   0x0000598e   0x00000002   PAD
    0x00005990   0x00005990   0x0000002c   Code   RO         2367    .text._ZN15Adafruit_SPITFT13invertDisplayEb  adafruit_spitft.o
    0x000059bc   0x000059bc   0x0000009a   Code   RO         2353    .text._ZN15Adafruit_SPITFT13writeFillRectEsssst  adafruit_spitft.o
    0x00005a56   0x00005a56   0x00000002   PAD
    0x00005a58   0x00005a58   0x00000062   Code   RO         2431    .text._ZN15Adafruit_SPITFT14writeFastHLineEssst  adafruit_spitft.o
    0x00005aba   0x00005aba   0x00000002   PAD
    0x00005abc   0x00005abc   0x00000062   Code   RO         2429    .text._ZN15Adafruit_SPITFT14writeFastVLineEssst  adafruit_spitft.o
    0x00005b1e   0x00005b1e   0x00000002   PAD
    0x00005b20   0x00005b20   0x00000002   Code   RO         2409    .text._ZN15Adafruit_SPITFT19SPI_END_TRANSACTIONEv  adafruit_spitft.o
    0x00005b22   0x00005b22   0x00000002   PAD
    0x00005b24   0x00005b24   0x0000002a   Code   RO         2403    .text._ZN15Adafruit_SPITFT21SPI_BEGIN_TRANSACTIONEv  adafruit_spitft.o
    0x00005b4e   0x00005b4e   0x00000002   PAD
    0x00005b50   0x00005b50   0x00000038   Code   RO         2421    .text._ZN15Adafruit_SPITFT23writeFillRectPreclippedEsssst  adafruit_spitft.o
    0x00005b88   0x00005b88   0x0000010c   Code   RO         2331    .text._ZN15Adafruit_SPITFT7initSPIEjh  adafruit_spitft.o
    0x00005c94   0x00005c94   0x0000001a   Code   RO         2337    .text._ZN15Adafruit_SPITFT8endWriteEv  adafruit_spitft.o
    0x00005cae   0x00005cae   0x00000002   PAD
    0x00005cb0   0x00005cb0   0x000000bc   Code   RO         2357    .text._ZN15Adafruit_SPITFT8fillRectEsssst  adafruit_spitft.o
    0x00005d6c   0x00005d6c   0x00000054   Code   RO         2375    .text._ZN15Adafruit_SPITFT8spiWriteEh  adafruit_spitft.o
    0x00005dc0   0x00005dc0   0x0000005c   Code   RO         2355    .text._ZN15Adafruit_SPITFT9drawPixelEsst  adafruit_spitft.o
    0x00005e1c   0x00005e1c   0x0000003e   Code   RO         2327    .text._ZN15Adafruit_SPITFTC2EttP8SPIClassaaa  adafruit_spitft.o
    0x00005e5a   0x00005e5a   0x00000002   PAD
    0x00005e5c   0x00005e5c   0x0000000e   Code   RO           22    .text._ZN15Adafruit_SPITFTD2Ev  main.o
    0x00005e6a   0x00005e6a   0x00000002   PAD
    0x00005e6c   0x00005e6c   0x00000096   Code   RO         2475    .text._ZN15Adafruit_ST778911setRotationEh  adafruit_st7789.o
    0x00005f02   0x00005f02   0x00000002   PAD
    0x00005f04   0x00005f04   0x0000008a   Code   RO         2473    .text._ZN15Adafruit_ST77894initEtth  adafruit_st7789.o
    0x00005f8e   0x00005f8e   0x00000002   PAD
    0x00005f90   0x00005f90   0x00000034   Code   RO         2471    .text._ZN15Adafruit_ST7789C2EP8SPIClassaaa  adafruit_st7789.o
    0x00005fc4   0x00005fc4   0x00000020   Code   RO         2444    .text._ZN15Adafruit_ST77xx10commonInitEPKh  adafruit_st77xx.o
    0x00005fe4   0x00005fe4   0x0000004e   Code   RO         2440    .text._ZN15Adafruit_ST77xx11displayInitEPKh  adafruit_st77xx.o
    0x00006032   0x00006032   0x00000002   PAD
    0x00006034   0x00006034   0x00000076   Code   RO         2448    .text._ZN15Adafruit_ST77xx11setRotationEh  adafruit_st77xx.o
    0x000060aa   0x000060aa   0x00000002   PAD
    0x000060ac   0x000060ac   0x00000050   Code   RO         2446    .text._ZN15Adafruit_ST77xx13setAddrWindowEtttt  adafruit_st77xx.o
    0x000060fc   0x000060fc   0x00000020   Code   RO         2442    .text._ZN15Adafruit_ST77xx5beginEj  adafruit_st77xx.o
    0x0000611c   0x0000611c   0x0000002e   Code   RO         2438    .text._ZN15Adafruit_ST77xxC2EttP8SPIClassaaa  adafruit_st77xx.o
    0x0000614a   0x0000614a   0x00000002   PAD
    0x0000614c   0x0000614c   0x00000004   Code   RO         1822    .text._ZN5Print17availableForWriteEv  print.o
    0x00006150   0x00006150   0x00000002   Code   RO         1824    .text._ZN5Print5flushEv  print.o
    0x00006152   0x00006152   0x00000002   PAD
    0x00006154   0x00006154   0x0000002e   Code   RO         1751    .text._ZN5Print5writeEPKhj  print.o
    0x00006182   0x00006182   0x00000002   PAD
    0x00006184   0x00006184   0x00000076   Code   RO         1753    .text._ZN5Print6printfEPKcz  print.o
    0x000061fa   0x000061fa   0x00000002   PAD
    0x000061fc   0x000061fc   0x00000012   Code   RO         2308    .text._ZN5PrintC2Ev  adafruit_gfx.o
    0x0000620e   0x0000620e   0x00000002   PAD
    0x00006210   0x00006210   0x00000002   Code   RO          165    .text._ZN8SPIClass11setBitOrderEt  spi.o
    0x00006212   0x00006212   0x00000002   PAD
    0x00006214   0x00006214   0x00000002   Code   RO          167    .text._ZN8SPIClass11setDataModeEh  spi.o
    0x00006216   0x00006216   0x00000002   PAD
    0x00006218   0x00006218   0x00000052   Code   RO          157    .text._ZN8SPIClass12SPI_SettingsEjjjjj  spi.o
    0x0000626a   0x0000626a   0x00000002   PAD
    0x0000626c   0x0000626c   0x00000002   Code   RO          175    .text._ZN8SPIClass15setClockDividerEj  spi.o
    0x0000626e   0x0000626e   0x00000002   PAD
    0x00006270   0x00006270   0x000000f8   Code   RO          159    .text._ZN8SPIClass5beginEv  spi.o
    0x00006368   0x00006368   0x00000010   Code   RO          219    .text._ZNK10pin_info_t8bit_maskEv  spi.o
    0x00006378   0x00006378   0x00000022   Code   RO          197    .text._ZNK8SPIClass8transferEh  spi.o
    0x0000639a   0x0000639a   0x00000002   PAD
    0x0000639c   0x0000639c   0x00000010   Code   RO          263    .text.__NVIC_GetPriorityGrouping  hal_cortex.o
    0x000063ac   0x000063ac   0x00000022   Code   RO          265    .text.__NVIC_SetPriority  hal_cortex.o
    0x000063ce   0x000063ce   0x00000002   PAD
    0x000063d0   0x000063d0   0x00000028   Code   RO         2794    .text.__cxa_pure_virtual  libcppabi_w.l(cxa_virtual.cpp.o)
    0x000063f8   0x000063f8   0x00000040   Code   RO            2    .text.__cxx_global_var_init  main.o
    0x00006438   0x00006438   0x00000002   Code   RO         1743    .text.__empty       yield.o
    0x0000643a   0x0000643a   0x00000002   PAD
    0x0000643c   0x0000643c   0x00000004   Code   RO          137    .text._sys_close    syscalls_keil.o
    0x00006440   0x00006440   0x00000002   Code   RO          131    .text._sys_exit     syscalls_keil.o
    0x00006442   0x00006442   0x00000002   PAD
    0x00006444   0x00006444   0x00000004   Code   RO          145    .text._sys_flen     syscalls_keil.o
    0x00006448   0x00006448   0x0000000e   Code   RO          141    .text._sys_istty    syscalls_keil.o
    0x00006456   0x00006456   0x00000002   PAD
    0x00006458   0x00006458   0x00000034   Code   RO          135    .text._sys_open     syscalls_keil.o
    0x0000648c   0x0000648c   0x00000004   Code   RO          143    .text._sys_seek     syscalls_keil.o
    0x00006490   0x00006490   0x0000001a   Code   RO          139    .text._sys_write    syscalls_keil.o
    0x000064aa   0x000064aa   0x00000002   PAD
    0x000064ac   0x000064ac   0x00000018   Code   RO          133    .text._ttywrch      syscalls_keil.o
    0x000064c4   0x000064c4   0x00000004   Code   RO         3047    .text.abort_message  libcppabi_w.l(abort_message.cpp.o)
    0x000064c8   0x000064c8   0x00000020   Code   RO           52    .text.delay_ms      delay.o
    0x000064e8   0x000064e8   0x0000003e   Code   RO           54    .text.delay_us      delay.o
    0x00006526   0x00006526   0x00000002   PAD
    0x00006528   0x00006528   0x00000012   Code   RO         2092    .text.digitalToggle  wiring_digital.o
    0x0000653a   0x0000653a   0x00000002   PAD
    0x0000653c   0x0000653c   0x00000018   Code   RO         2088    .text.digitalWrite  wiring_digital.o
    0x00006554   0x00006554   0x0000000e   Code   RO           97    .text.disable_JTAG  addon_gpio.o
    0x00006562   0x00006562   0x00000002   PAD
    0x00006564   0x00006564   0x0000000c   Code   RO           56    .text.dwt_getCycles  delay.o
    0x00006570   0x00006570   0x0000000c   Code   RO           68    .text.dwt_getStatus  dwt.o
    0x0000657c   0x0000657c   0x00000046   Code   RO           66    .text.dwt_init      dwt.o
    0x000065c2   0x000065c2   0x00000002   PAD
    0x000065c4   0x000065c4   0x0000008c   Code   RO            4    .text.main          main.o
    0x00006650   0x00006650   0x0000007c   Code   RO         2084    .text.pinMode       wiring_digital.o
    0x000066cc   0x000066cc   0x00000024   Code   RO           82    .text.usart1_write  usart.o
    0x000066f0   0x000066f0   0x0000003e   Code   RO         3199    CL$$btod_d2e        c_w.l(btod.o)
    0x0000672e   0x0000672e   0x00000046   Code   RO         3201    CL$$btod_d2e_denorm_low  c_w.l(btod.o)
    0x00006774   0x00006774   0x00000060   Code   RO         3200    CL$$btod_d2e_norm_op1  c_w.l(btod.o)
    0x000067d4   0x000067d4   0x00000338   Code   RO         3209    CL$$btod_div_common  c_w.l(btod.o)
    0x00006b0c   0x00006b0c   0x000000dc   Code   RO         3206    CL$$btod_e2e        c_w.l(btod.o)
    0x00006be8   0x00006be8   0x0000002a   Code   RO         3203    CL$$btod_ediv       c_w.l(btod.o)
    0x00006c12   0x00006c12   0x0000002a   Code   RO         3202    CL$$btod_emul       c_w.l(btod.o)
    0x00006c3c   0x00006c3c   0x00000244   Code   RO         3208    CL$$btod_mult_common  c_w.l(btod.o)
    0x00006e80   0x00006e80   0x00000030   Code   RO         3253    i.__ARM_fpclassify  m_wm.l(fpclassify.o)
    0x00006eb0   0x00006eb0   0x0000000e   Code   RO         2629    i._is_digit         c_w.l(__printf_wp.o)
    0x00006ebe   0x00006ebe   0x0000001a   Code   RO         2646    i.fputc             c_w.l(fputc.o)
    0x00006ed8   0x00006ed8   0x0000002c   Code   RO         2937    locale$$code        c_w.l(lc_ctype_c.o)
    0x00006f04   0x00006f04   0x0000002c   Code   RO         3127    locale$$code        c_w.l(lc_numeric_c.o)
    0x00006f30   0x00006f30   0x00000062   Code   RO         2712    x$fpl$d2f           fz_wm.l(d2f.o)
    0x00006f92   0x00006f92   0x00000002   PAD
    0x00006f94   0x00006f94   0x000002b4   Code   RO         2723    x$fpl$ddiv          fz_wm.l(ddiv.o)
    0x00007248   0x00007248   0x00000026   Code   RO         2734    x$fpl$dfltu         fz_wm.l(dflt_clz.o)
    0x0000726e   0x0000726e   0x00000002   PAD
    0x00007270   0x00007270   0x0000008a   Code   RO         2741    x$fpl$dfltull       fz_wm.l(dfltll_clz.o)
    0x000072fa   0x000072fa   0x0000009c   Code   RO         3010    x$fpl$dnaninf       fz_wm.l(dnaninf.o)
    0x00007396   0x00007396   0x0000000c   Code   RO         3012    x$fpl$dretinf       fz_wm.l(dretinf.o)
    0x000073a2   0x000073a2   0x0000001a   Code   RO         3169    x$fpl$fpinit        fz_wm.l(fpinit.o)
    0x000073bc   0x000073bc   0x0000000a   Code   RO         3016    x$fpl$fretinf       fz_wm.l(fretinf.o)
    0x000073c6   0x000073c6   0x00000004   Code   RO         3018    x$fpl$printf1       fz_wm.l(printf1.o)
    0x000073ca   0x000073ca   0x00000004   Code   RO         3020    x$fpl$printf2       fz_wm.l(printf2.o)
    0x000073ce   0x000073ce   0x00000000   Code   RO         3026    x$fpl$usenofp       fz_wm.l(usenofp.o)
    0x000073ce   0x000073ce   0x00000004   Data   RO         2526    .constdata          c_w.l(sys_io_names.o)
    0x000073d2   0x000073d2   0x00000004   Data   RO         2527    .constdata          c_w.l(sys_io_names.o)
    0x000073d6   0x000073d6   0x00000004   Data   RO         2528    .constdata          c_w.l(sys_io_names.o)
    0x000073da   0x000073da   0x00000011   Data   RO         2637    .constdata          c_w.l(__printf_flags_ss_wp.o)
    0x000073eb   0x000073eb   0x00000001   PAD
    0x000073ec   0x000073ec   0x00000008   Data   RO         2868    .constdata          c_w.l(_printf_wctomb.o)
    0x000073f4   0x000073f4   0x00000028   Data   RO         2897    .constdata          c_w.l(_printf_hex_int_ll_ptr.o)
    0x0000741c   0x0000741c   0x00000026   Data   RO         3094    .constdata          c_w.l(_printf_fp_hex.o)
    0x00007442   0x00007442   0x00000002   PAD
    0x00007444   0x00007444   0x00000094   Data   RO         3197    .constdata          c_w.l(bigflt0.o)
    0x000074d8   0x000074d8   0x00000099   Data   RO         2078    .rodata.PIN_MAP     variant.o
    0x00007571   0x00007571   0x00000023   Data   RO         2478    .rodata._ZL14generic_st7789  adafruit_st7789.o
    0x00007594   0x00007594   0x00000500   Data   RO         2297    .rodata._ZL4font    adafruit_gfx.o
    0x00007a94   0x00007a94   0x00000058   Data   RO         2296    .rodata._ZTV12Adafruit_GFX  adafruit_gfx.o
    0x00007aec   0x00007aec   0x00000060   Data   RO         2395    .rodata._ZTV15Adafruit_SPITFT  adafruit_spitft.o
    0x00007b4c   0x00007b4c   0x00000060   Data   RO         2477    .rodata._ZTV15Adafruit_ST7789  adafruit_st7789.o
    0x00007bac   0x00007bac   0x00000060   Data   RO         2458    .rodata._ZTV15Adafruit_ST77xx  adafruit_st77xx.o
    0x00007c0c   0x00007c0c   0x00000018   Data   RO         1806    .rodata._ZTV5Print  print.o
    0x00007c24   0x00007c24   0x00000010   Data   RO         1708    .rodata.cst16       hc32_ll_usart.o
    0x00007c34   0x00007c34   0x00000014   Data   RO          285    .rodata.str1.1      hal_cortex.o
    0x00007c48   0x00007c48   0x0000001c   Data   RO          513    .rodata.str1.1      hc32_ll_clk.o
    0x00007c64   0x00007c64   0x0000001c   Data   RO          764    .rodata.str1.1      hc32_ll_efm.o
    0x00007c80   0x00007c80   0x0000001c   Data   RO          783    .rodata.str1.1      hc32_ll_fcg.o
    0x00007c9c   0x00007c9c   0x0000001d   Data   RO          832    .rodata.str1.1      hc32_ll_gpio.o
    0x00007cb9   0x00007cb9   0x0000001c   Data   RO         1373    .rodata.str1.1      hc32_ll_pwc.o
    0x00007cd5   0x00007cd5   0x0000001c   Data   RO         1449    .rodata.str1.1      hc32_ll_spi.o
    0x00007cf1   0x00007cf1   0x0000001d   Data   RO         1472    .rodata.str1.1      hc32_ll_sram.o
    0x00007d0e   0x00007d0e   0x0000001e   Data   RO         1707    .rodata.str1.1      hc32_ll_usart.o
    0x00007d2c   0x00007d2c   0x00000020   Data   RO         3358    Region$$Table       anon$$obj.o
    0x00007d4c   0x00007d4c   0x00000110   Data   RO         2936    locale$$data        c_w.l(lc_ctype_c.o)
    0x00007e5c   0x00007e5c   0x0000001c   Data   RO         3126    locale$$data        c_w.l(lc_numeric_c.o)
    0x00007e78   0x00007e78   0x00000004   Data   RO           13    .init_array         main.o
    0x00007e7c   0x00007e78   0x00000000   Data   RO         2707    .init_array         c_w.l(init_aeabi.o)


    Execution Region RW_IRAM1 (Exec base: 0x1fff8000, Load base: 0x00007e7c, Size: 0x00000008, Max: 0x00000008, ABSOLUTE, UNINIT)

    Exec Addr    Load Addr    Size         Type   Attr      Idx    E Section Name        Object

    0x1fff8000        -       0x00000008   Zero   RW           31    .bss.noinit         system_hc32f460.o


    Execution Region RW_IRAM2 (Exec base: 0x1fff8008, Load base: 0x00007e80, Size: 0x00000e08, Max: 0x0002eff8, ABSOLUTE)

    Exec Addr    Load Addr    Size         Type   Attr      Idx    E Section Name        Object

    0x1fff8008   0x00007e80   0x00000004   Data   RW         2654    .data               c_w.l(stdio_streams.o)
    0x1fff800c   0x00007e84   0x00000004   Data   RW         2655    .data               c_w.l(stdio_streams.o)
    0x1fff8010   0x00007e88   0x00000004   Data   RW         2656    .data               c_w.l(stdio_streams.o)
    0x1fff8014   0x00007e8c   0x0000003c   Data   RW          207    .data.SPI_3         spi.o
    0x1fff8050   0x00007ec8   0x00000001   Data   RW          247    .data.uwTickFreq    hal.o
    0x1fff8051   0x00007ec9   0x00000003   PAD
    0x1fff8054   0x00007ecc   0x00000004   Data   RW          246    .data.uwTickPrio    hal.o
    0x1fff8058        -       0x00000054   Zero   RW         2651    .bss                c_w.l(stdio_streams.o)
    0x1fff80ac        -       0x00000054   Zero   RW         2652    .bss                c_w.l(stdio_streams.o)
    0x1fff8100        -       0x00000054   Zero   RW         2653    .bss                c_w.l(stdio_streams.o)
    0x1fff8154        -       0x00000060   Zero   RW         3055    .bss                c_w.l(libspace.o)
    0x1fff81b4        -       0x0000004c   Zero   RW           12    .bss._ZL6screen     main.o
    0x1fff8200        -       0x00000001   Zero   RW           70    .bss.dwt_enabled    dwt.o
    0x1fff8201   0x00007ed0   0x00000003   PAD
    0x1fff8204        -       0x00000200   Zero   RW         1231    .bss.m_apfnIrqHandler  hc32_ll_interrupts.o
    0x1fff8404        -       0x00000001   Zero   RW           84    .bss.printf_init_done  usart.o
    0x1fff8405   0x00007ed0   0x00000003   PAD
    0x1fff8408        -       0x00000004   Zero   RW          248    .bss.uwTick         hal.o
    0x1fff840c   0x00007ed0   0x00000004   PAD
    0x1fff8410        -       0x00000200   Zero   RW           40    HEAP                startup_hc32f460.o
    0x1fff8610        -       0x00000800   Zero   RW           39    STACK               startup_hc32f460.o


    Execution Region RW_IRAMB (Exec base: 0x200f0000, Load base: 0x00007ed0, Size: 0x00000000, Max: 0x00001000, ABSOLUTE)

    **** No section assigned to this execution region ****


==============================================================================

Image component sizes


      Code (inc. data)   RO Data    RW Data    ZI Data      Debug   Object Name

      1912          4       1368          0          0      84844   adafruit_gfx.o
      2316          0         96          0          0      41684   adafruit_spitft.o
       340          4        131          0          0      20077   adafruit_st7789.o
       386          4         96          0          0      22387   adafruit_st77xx.o
        14          0          0          0          0       7054   addon_gpio.o
       106          0          0          0          0       2196   delay.o
        82          0          0          0          1       1693   dwt.o
       136          0          0          5          4       5517   hal.o
       214          0         20          0          0       7704   hal_cortex.o
       306          0          0          0          0       8179   hc32_ll.o
      1720          0         28          0          0      16987   hc32_ll_clk.o
       278          0         28          0          0      16200   hc32_ll_efm.o
        78          0         28          0          0       2874   hc32_ll_fcg.o
      1040          0         29          0          0      15896   hc32_ll_gpio.o
         0          0         32          0          0        493   hc32_ll_icg.o
      2752          0          0          0        512      32330   hc32_ll_interrupts.o
        58          0         28          0          0      38281   hc32_ll_pwc.o
       820          0         28          0          0      10935   hc32_ll_spi.o
       202          0         29          0          0       2604   hc32_ll_sram.o
      2702          0         46          0          0      23644   hc32_ll_usart.o
         2          0          0          0          0        499   hc32_ll_utility.o
        16          0          0          0          0       1295   hc32f4xx_it.o
       436          8          4          0         76      19856   main.o
       170          0         24          0          0      34053   print.o
       424          0          0         60          0      28112   spi.o
       128         42        640          0       2560        936   startup_hc32f460.o
       130          0          0          0          0       2014   syscalls_keil.o
       186          6          0          0          8       3082   system_hc32f460.o
       184          0          0          0          1      12172   usart.o
         0          0        153          0          0       2286   variant.o
       306         10          0          0          0      11616   wiring_digital.o
         2          0          0          0          0        354   yield.o

    ----------------------------------------------------------------------
     17864         78       2840         68       3172     477854   Object Totals
         0          0         32          0          0          0   (incl. Generated)
       418          0          0          3         10          0   (incl. Padding)

    ----------------------------------------------------------------------

      Code (inc. data)   RO Data    RW Data    ZI Data      Debug   Library Member Name

         8          0          0          0          0         68   __main.o
       392          4         17          0          0         92   __printf_flags_ss_wp.o
        14          0          0          0          0         68   __printf_wp.o
         0          0          0          0          0          0   __rtentry.o
        12          0          0          0          0          0   __rtentry2.o
         6          0          0          0          0          0   __rtentry4.o
        52          8          0          0          0          0   __scatter.o
        26          0          0          0          0          0   __scatter_copy.o
        28          0          0          0          0          0   __scatter_zi.o
        72          0          0          0          0         96   _c16rtomb.o
         6          0          0          0          0          0   _printf_a.o
         6          0          0          0          0          0   _printf_c.o
        44          0          0          0          0        108   _printf_char.o
        48          6          0          0          0         96   _printf_char_common.o
        40          0          0          0          0         68   _printf_charcount.o
         6          0          0          0          0          0   _printf_d.o
       120         16          0          0          0         92   _printf_dec.o
         6          0          0          0          0          0   _printf_e.o
         6          0          0          0          0          0   _printf_f.o
      1052          0          0          0          0        148   _printf_fp_dec.o
       764          8         38          0          0        100   _printf_fp_hex.o
       128         16          0          0          0         84   _printf_fp_infnan.o
         6          0          0          0          0          0   _printf_g.o
       148          4         40          0          0        160   _printf_hex_int_ll_ptr.o
         6          0          0          0          0          0   _printf_i.o
       178          0          0          0          0         88   _printf_intcommon.o
        10          0          0          0          0          0   _printf_l.o
         6          0          0          0          0          0   _printf_lc.o
        10          0          0          0          0          0   _printf_ll.o
         6          0          0          0          0          0   _printf_lld.o
         6          0          0          0          0          0   _printf_lli.o
         6          0          0          0          0          0   _printf_llo.o
         6          0          0          0          0          0   _printf_llu.o
         6          0          0          0          0          0   _printf_llx.o
       124         16          0          0          0         92   _printf_longlong_dec.o
         6          0          0          0          0          0   _printf_ls.o
         6          0          0          0          0          0   _printf_n.o
         6          0          0          0          0          0   _printf_o.o
       112          8          0          0          0        124   _printf_oct_int_ll.o
         6          0          0          0          0          0   _printf_p.o
        78          0          0          0          0        108   _printf_pad.o
         0          0          0          0          0          0   _printf_percent.o
         4          0          0          0          0          0   _printf_percent_end.o
         6          0          0          0          0          0   _printf_s.o
        82          0          0          0          0         80   _printf_str.o
        36          0          0          0          0         84   _printf_truncate.o
         6          0          0          0          0          0   _printf_u.o
        44          0          0          0          0        108   _printf_wchar.o
       188          6          8          0          0         92   _printf_wctomb.o
         6          0          0          0          0          0   _printf_x.o
        16          0          0          0          0         68   _snputc.o
        10          0          0          0          0         68   _sputc.o
        22          0          0          0          0         80   abort.o
        46          0          0          0          0         84   aeabi_atexit.o
       228          4        148          0          0         96   bigflt0.o
      1936        128          0          0          0        668   btod.o
        10          0          0          0          0         68   cxa_atexit.o
        66          0          0          0          0         84   cxa_finalize.o
        48         34          0          0          0         76   defsig_abrt_inner.o
        14          0          0          0          0         80   defsig_abrt_outer.o
        10          0          0          0          0         68   defsig_exit.o
        50          0          0          0          0         88   defsig_general.o
        80         58          0          0          0         76   defsig_rtmem_inner.o
        14          0          0          0          0         80   defsig_rtmem_outer.o
        52         38          0          0          0         76   defsig_rtred_inner.o
        14          0          0          0          0         80   defsig_rtred_outer.o
        18          0          0          0          0         80   exit.o
        76          0          0          0          0         88   fclose.o
       100          4          0          0          0        120   fflush.o
       470          0          0          0          0         88   flsbuf.o
       240          6          0          0          0        128   fopen.o
        26          0          0          0          0         68   fputc.o
       248          6          0          0          0         84   fseek.o
        66          0          0          0          0         76   ftell.o
        94          0          0          0          0         80   h1_alloc.o
        52          0          0          0          0         68   h1_extend.o
        78          0          0          0          0         80   h1_free.o
        14          0          0          0          0         84   h1_init.o
         6          0          0          0          0        152   heapauxi.o
         4          0          0          0          0        136   hguard.o
        36          8          0          0          0         80   init_aeabi.o
       138          0          0          0          0        168   init_alloc.o
       312         46          0          0          0        112   initio.o
        44         10        272          0          0         76   lc_ctype_c.o
        44         10         28          0          0         76   lc_numeric_c.o
         2          0          0          0          0          0   libinit.o
        50          0          0          0          0          0   libinit2.o
         2          0          0          0          0          0   libshutdown.o
        12          0          0          0          0          0   libshutdown2.o
         8          4          0          0         96         68   libspace.o
       138          0          0          0          0         80   lludiv10.o
       240          0          0          0          0        100   lludivv7m.o
         0          0          0          0          0          0   maybetermalloc1.o
        44          4          0          0          0         84   puts.o
        16          4          0          0          0         76   rt_ctype_table.o
         8          4          0          0          0         68   rt_ddtor_pointer_addr_intlibspace.o
         8          4          0          0          0         68   rt_errno_addr_intlibspace.o
         8          4          0          0          0         68   rt_heap_descriptor_intlibspace.o
         8          4          0          0          0         68   rt_locale_intlibspace.o
        78          0          0          0          0         80   rt_memclr_w.o
         2          0          0          0          0          0   rtexit.o
        10          0          0          0          0          0   rtexit2.o
        70          0          0          0          0         80   setvbuf.o
       240          6          0          0          0        156   stdio.o
         0          0          0         12        252          0   stdio_streams.o
       124          0          0          0          0         88   strcmpv7em.o
         0          0         12          0          0          0   sys_io_names.o
        74          0          0          0          0         80   sys_stackheap_outer.o
         2          0          0          0          0         68   use_no_semi.o
         2          0          0          0          0         68   use_no_semi_2.o
        52          4          0          0          0         80   vsnprintf.o
        98          4          0          0          0        140   d2f.o
       692        140          0          0          0        264   ddiv.o
        38          0          0          0          0        116   dflt_clz.o
       138          0          0          0          0        132   dfltll_clz.o
       156          4          0          0          0        140   dnaninf.o
        12          0          0          0          0        116   dretinf.o
        26          0          0          0          0        116   fpinit.o
        10          0          0          0          0        116   fretinf.o
         4          0          0          0          0        116   printf1.o
         4          0          0          0          0        116   printf2.o
         0          0          0          0          0          0   usenofp.o
         4          0          0          0          0         36   abort_message.cpp.o
        40         32          0          0          0         52   cxa_virtual.cpp.o
        48          0          0          0          0        124   fpclassify.o

    ----------------------------------------------------------------------
     11110        662        566         12        348       8604   Library Totals
        20          0          3          0          0          0   (incl. Padding)

    ----------------------------------------------------------------------

      Code (inc. data)   RO Data    RW Data    ZI Data      Debug   Library Name

      9820        482        563         12        348       7020   c_w.l
      1178        148          0          0          0       1372   fz_wm.l
        44         32          0          0          0         88   libcppabi_w.l
        48          0          0          0          0        124   m_wm.l

    ----------------------------------------------------------------------
     11110        662        566         12        348       8604   Library Totals

    ----------------------------------------------------------------------

==============================================================================


      Code (inc. data)   RO Data    RW Data    ZI Data      Debug   

     28974        740       3406         80       3520     481006   Grand Totals
     28974        740       3406         80       3520     481006   ELF Image Totals
     28974        740       3406         80          0          0   ROM Totals

==============================================================================

    Total RO  Size (Code + RO Data)                32380 (  31.62kB)
    Total RW  Size (RW Data + ZI Data)              3600 (   3.52kB)
    Total ROM Size (Code + RO Data + RW Data)      32460 (  31.70kB)

==============================================================================

