Component: ARM Compiler 6.16 Tool: armlink [5dfeaa00]

==============================================================================

Section Cross References

    main.o(.text.main) refers to hc32_ll.o(.text.LL_PERIPH_WE) for LL_PERIPH_WE
    main.o(.text.main) refers to dwt.o(.text.dwt_init) for dwt_init
    main.o(.text.main) refers to main.o(.text._Z18SystemClock_Configv) for SystemClock_Config()
    main.o(.text.main) refers to hal.o(.text.HAL_Init) for HAL_Init
    main.o(.text.main) refers to wiring_digital.o(.text.pinMode) for pinMode
    main.o(.text.main) refers to hc32_ll.o(.text.LL_PERIPH_WP) for LL_PERIPH_WP
    main.o(.text.main) refers to wiring_digital.o(.text.digitalToggle) for digitalToggle
    main.o(.text.main) refers to delay.o(.text.delay_ms) for delay_ms
    main.o(.ARM.exidx.text.main) refers to main.o(.text.main) for [Anonymous Symbol]
    main.o(.text._Z18SystemClock_Configv) refers to hc32_ll_gpio.o(.text.GPIO_AnalogCmd) for GPIO_AnalogCmd
    main.o(.text._Z18SystemClock_Configv) refers to hc32_ll_clk.o(.text.CLK_XtalStructInit) for CLK_XtalStructInit
    main.o(.text._Z18SystemClock_Configv) refers to hc32_ll_clk.o(.text.CLK_PLLStructInit) for CLK_PLLStructInit
    main.o(.text._Z18SystemClock_Configv) refers to hc32_ll_clk.o(.text.CLK_SetClockDiv) for CLK_SetClockDiv
    main.o(.text._Z18SystemClock_Configv) refers to hc32_ll_clk.o(.text.CLK_XtalInit) for CLK_XtalInit
    main.o(.text._Z18SystemClock_Configv) refers to hc32_ll_clk.o(.text.CLK_PLLInit) for CLK_PLLInit
    main.o(.text._Z18SystemClock_Configv) refers to hc32_ll_clk.o(.text.CLK_GetStableStatus) for CLK_GetStableStatus
    main.o(.text._Z18SystemClock_Configv) refers to hc32_ll_sram.o(.text.SRAM_SetWaitCycle) for SRAM_SetWaitCycle
    main.o(.text._Z18SystemClock_Configv) refers to hc32_ll_efm.o(.text.EFM_SetWaitCycle) for EFM_SetWaitCycle
    main.o(.text._Z18SystemClock_Configv) refers to hc32_ll_gpio.o(.text.GPIO_SetReadWaitCycle) for GPIO_SetReadWaitCycle
    main.o(.text._Z18SystemClock_Configv) refers to hc32_ll_pwc.o(.text.PWC_HighSpeedToHighPerformance) for PWC_HighSpeedToHighPerformance
    main.o(.text._Z18SystemClock_Configv) refers to hc32_ll_clk.o(.text.CLK_SetSysClockSrc) for CLK_SetSysClockSrc
    main.o(.text._Z18SystemClock_Configv) refers to hc32_ll_efm.o(.text.EFM_CacheRamReset) for EFM_CacheRamReset
    main.o(.text._Z18SystemClock_Configv) refers to hc32_ll_efm.o(.text.EFM_CacheCmd) for EFM_CacheCmd
    main.o(.text._Z18SystemClock_Configv) refers to system_hc32f460.o(.text.SystemCoreClockUpdate) for SystemCoreClockUpdate
    main.o(.ARM.exidx.text._Z18SystemClock_Configv) refers to main.o(.text._Z18SystemClock_Configv) for [Anonymous Symbol]
    main.o(.text.SysTick_Handler) refers to hal.o(.text.HAL_IncTick) for HAL_IncTick
    main.o(.ARM.exidx.text.SysTick_Handler) refers to main.o(.text.SysTick_Handler) for [Anonymous Symbol]
    system_hc32f460.o(.text.SystemInit) refers to system_hc32f460.o(.text.SystemCoreClockUpdate) for SystemCoreClockUpdate
    system_hc32f460.o(.ARM.exidx.text.SystemInit) refers to system_hc32f460.o(.text.SystemInit) for [Anonymous Symbol]
    system_hc32f460.o(.text.SystemCoreClockUpdate) refers to system_hc32f460.o(.bss.noinit) for HRC_VALUE
    system_hc32f460.o(.ARM.exidx.text.SystemCoreClockUpdate) refers to system_hc32f460.o(.text.SystemCoreClockUpdate) for [Anonymous Symbol]
    startup_hc32f460.o(STACK) refers (Special) to heapauxi.o(.text) for __use_two_region_memory
    startup_hc32f460.o(HEAP) refers (Special) to heapauxi.o(.text) for __use_two_region_memory
    startup_hc32f460.o(RESET) refers (Special) to heapauxi.o(.text) for __use_two_region_memory
    startup_hc32f460.o(RESET) refers to startup_hc32f460.o(STACK) for __initial_sp
    startup_hc32f460.o(RESET) refers to startup_hc32f460.o(.text) for Reset_Handler
    startup_hc32f460.o(RESET) refers to hc32f4xx_it.o(.text.NMI_Handler) for NMI_Handler
    startup_hc32f460.o(RESET) refers to hc32f4xx_it.o(.text.HardFault_Handler) for HardFault_Handler
    startup_hc32f460.o(RESET) refers to hc32f4xx_it.o(.text.MemManage_Handler) for MemManage_Handler
    startup_hc32f460.o(RESET) refers to hc32f4xx_it.o(.text.BusFault_Handler) for BusFault_Handler
    startup_hc32f460.o(RESET) refers to hc32f4xx_it.o(.text.UsageFault_Handler) for UsageFault_Handler
    startup_hc32f460.o(RESET) refers to hc32f4xx_it.o(.text.SVC_Handler) for SVC_Handler
    startup_hc32f460.o(RESET) refers to hc32f4xx_it.o(.text.DebugMon_Handler) for DebugMon_Handler
    startup_hc32f460.o(RESET) refers to hc32f4xx_it.o(.text.PendSV_Handler) for PendSV_Handler
    startup_hc32f460.o(RESET) refers to main.o(.text.SysTick_Handler) for SysTick_Handler
    startup_hc32f460.o(RESET) refers to hc32_ll_interrupts.o(.text.IRQ000_Handler) for IRQ000_Handler
    startup_hc32f460.o(RESET) refers to hc32_ll_interrupts.o(.text.IRQ001_Handler) for IRQ001_Handler
[...]
    [Anonymous Symbol]                       0x00001268   Section        0  hc32_ll_interrupts.o(.text.IRQ051_Handler)
    [Anonymous Symbol]                       0x00001280   Section        0  hc32_ll_interrupts.o(.text.IRQ052_Handler)
    [Anonymous Symbol]                       0x00001298   Section        0  hc32_ll_interrupts.o(.text.IRQ053_Handler)
    [Anonymous Symbol]                       0x000012b0   Section        0  hc32_ll_interrupts.o(.text.IRQ054_Handler)
    [Anonymous Symbol]                       0x000012c8   Section        0  hc32_ll_interrupts.o(.text.IRQ055_Handler)
    [Anonymous Symbol]                       0x000012e0   Section        0  hc32_ll_interrupts.o(.text.IRQ056_Handler)
    [Anonymous Symbol]                       0x000012f8   Section        0  hc32_ll_interrupts.o(.text.IRQ057_Handler)
    [Anonymous Symbol]                       0x00001310   Section        0  hc32_ll_interrupts.o(.text.IRQ058_Handler)
    [Anonymous Symbol]                       0x00001328   Section        0  hc32_ll_interrupts.o(.text.IRQ059_Handler)
    [Anonymous Symbol]                       0x00001340   Section        0  hc32_ll_interrupts.o(.text.IRQ060_Handler)
    [Anonymous Symbol]                       0x00001358   Section        0  hc32_ll_interrupts.o(.text.IRQ061_Handler)
    [Anonymous Symbol]                       0x00001370   Section        0  hc32_ll_interrupts.o(.text.IRQ062_Handler)
    [Anonymous Symbol]                       0x00001388   Section        0  hc32_ll_interrupts.o(.text.IRQ063_Handler)
    [Anonymous Symbol]                       0x000013a0   Section        0  hc32_ll_interrupts.o(.text.IRQ064_Handler)
    [Anonymous Symbol]                       0x000013b8   Section        0  hc32_ll_interrupts.o(.text.IRQ065_Handler)
    [Anonymous Symbol]                       0x000013d0   Section        0  hc32_ll_interrupts.o(.text.IRQ066_Handler)
    [Anonymous Symbol]                       0x000013e8   Section        0  hc32_ll_interrupts.o(.text.IRQ067_Handler)
    [Anonymous Symbol]                       0x00001400   Section        0  hc32_ll_interrupts.o(.text.IRQ068_Handler)
    [Anonymous Symbol]                       0x00001418   Section        0  hc32_ll_interrupts.o(.text.IRQ069_Handler)
    [Anonymous Symbol]                       0x00001430   Section        0  hc32_ll_interrupts.o(.text.IRQ070_Handler)
    [Anonymous Symbol]                       0x00001448   Section        0  hc32_ll_interrupts.o(.text.IRQ071_Handler)
    [Anonymous Symbol]                       0x00001460   Section        0  hc32_ll_interrupts.o(.text.IRQ072_Handler)
    [Anonymous Symbol]                       0x00001478   Section        0  hc32_ll_interrupts.o(.text.IRQ073_Handler)
    [Anonymous Symbol]                       0x00001490   Section        0  hc32_ll_interrupts.o(.text.IRQ074_Handler)
    [Anonymous Symbol]                       0x000014a8   Section        0  hc32_ll_interrupts.o(.text.IRQ075_Handler)
    [Anonymous Symbol]                       0x000014c0   Section        0  hc32_ll_interrupts.o(.text.IRQ076_Handler)
    [Anonymous Symbol]                       0x000014d8   Section        0  hc32_ll_interrupts.o(.text.IRQ077_Handler)
    [Anonymous Symbol]                       0x000014f0   Section        0  hc32_ll_interrupts.o(.text.IRQ078_Handler)
    [Anonymous Symbol]                       0x00001508   Section        0  hc32_ll_interrupts.o(.text.IRQ079_Handler)
    [Anonymous Symbol]                       0x00001520   Section        0  hc32_ll_interrupts.o(.text.IRQ080_Handler)
    [Anonymous Symbol]                       0x00001538   Section        0  hc32_ll_interrupts.o(.text.IRQ081_Handler)
    [Anonymous Symbol]                       0x00001550   Section        0  hc32_ll_interrupts.o(.text.IRQ082_Handler)
    [Anonymous Symbol]                       0x00001568   Section        0  hc32_ll_interrupts.o(.text.IRQ083_Handler)
    [Anonymous Symbol]                       0x00001580   Section        0  hc32_ll_interrupts.o(.text.IRQ084_Handler)
    [Anonymous Symbol]                       0x00001598   Section        0  hc32_ll_interrupts.o(.text.IRQ085_Handler)
    [Anonymous Symbol]                       0x000015b0   Section        0  hc32_ll_interrupts.o(.text.IRQ086_Handler)
    [Anonymous Symbol]                       0x000015c8   Section        0  hc32_ll_interrupts.o(.text.IRQ087_Handler)
    [Anonymous Symbol]                       0x000015e0   Section        0  hc32_ll_interrupts.o(.text.IRQ088_Handler)
    [Anonymous Symbol]                       0x000015f8   Section        0  hc32_ll_interrupts.o(.text.IRQ089_Handler)
    [Anonymous Symbol]                       0x00001610   Section        0  hc32_ll_interrupts.o(.text.IRQ090_Handler)
    [Anonymous Symbol]                       0x00001628   Section        0  hc32_ll_interrupts.o(.text.IRQ091_Handler)
    [Anonymous Symbol]                       0x00001640   Section        0  hc32_ll_interrupts.o(.text.IRQ092_Handler)
    [Anonymous Symbol]                       0x00001658   Section        0  hc32_ll_interrupts.o(.text.IRQ093_Handler)
    [Anonymous Symbol]                       0x00001670   Section        0  hc32_ll_interrupts.o(.text.IRQ094_Handler)
    [Anonymous Symbol]                       0x00001688   Section        0  hc32_ll_interrupts.o(.text.IRQ095_Handler)
    [Anonymous Symbol]                       0x000016a0   Section        0  hc32_ll_interrupts.o(.text.IRQ096_Handler)
    [Anonymous Symbol]                       0x000016b8   Section        0  hc32_ll_interrupts.o(.text.IRQ097_Handler)
    [Anonymous Symbol]                       0x000016d0   Section        0  hc32_ll_interrupts.o(.text.IRQ098_Handler)
    [Anonymous Symbol]                       0x000016e8   Section        0  hc32_ll_interrupts.o(.text.IRQ099_Handler)
    [Anonymous Symbol]                       0x00001700   Section        0  hc32_ll_interrupts.o(.text.IRQ100_Handler)
    [Anonymous Symbol]                       0x00001718   Section        0  hc32_ll_interrupts.o(.text.IRQ101_Handler)
    [Anonymous Symbol]                       0x00001730   Section        0  hc32_ll_interrupts.o(.text.IRQ102_Handler)
    [Anonymous Symbol]                       0x00001748   Section        0  hc32_ll_interrupts.o(.text.IRQ103_Handler)
    [Anonymous Symbol]                       0x00001760   Section        0  hc32_ll_interrupts.o(.text.IRQ104_Handler)
    [Anonymous Symbol]                       0x00001778   Section        0  hc32_ll_interrupts.o(.text.IRQ105_Handler)
    [Anonymous Symbol]                       0x00001790   Section        0  hc32_ll_interrupts.o(.text.IRQ106_Handler)
    [Anonymous Symbol]                       0x000017a8   Section        0  hc32_ll_interrupts.o(.text.IRQ107_Handler)
    [Anonymous Symbol]                       0x000017c0   Section        0  hc32_ll_interrupts.o(.text.IRQ108_Handler)
    [Anonymous Symbol]                       0x000017d8   Section        0  hc32_ll_interrupts.o(.text.IRQ109_Handler)
    [Anonymous Symbol]                       0x000017f0   Section        0  hc32_ll_interrupts.o(.text.IRQ110_Handler)
    [Anonymous Symbol]                       0x00001808   Section        0  hc32_ll_interrupts.o(.text.IRQ111_Handler)
    [Anonymous Symbol]                       0x00001820   Section        0  hc32_ll_interrupts.o(.text.IRQ112_Handler)
    [Anonymous Symbol]                       0x00001838   Section        0  hc32_ll_interrupts.o(.text.IRQ113_Handler)
    [Anonymous Symbol]                       0x00001850   Section        0  hc32_ll_interrupts.o(.text.IRQ114_Handler)
    [Anonymous Symbol]                       0x00001868   Section        0  hc32_ll_interrupts.o(.text.IRQ115_Handler)
    [Anonymous Symbol]                       0x00001880   Section        0  hc32_ll_interrupts.o(.text.IRQ116_Handler)
    [Anonymous Symbol]                       0x00001898   Section        0  hc32_ll_interrupts.o(.text.IRQ117_Handler)
    [Anonymous Symbol]                       0x000018b0   Section        0  hc32_ll_interrupts.o(.text.IRQ118_Handler)
    [Anonymous Symbol]                       0x000018c8   Section        0  hc32_ll_interrupts.o(.text.IRQ119_Handler)
    [Anonymous Symbol]                       0x000018e0   Section        0  hc32_ll_interrupts.o(.text.IRQ120_Handler)
    [Anonymous Symbol]                       0x000018f8   Section        0  hc32_ll_interrupts.o(.text.IRQ121_Handler)
    [Anonymous Symbol]                       0x00001910   Section        0  hc32_ll_interrupts.o(.text.IRQ122_Handler)
    [Anonymous Symbol]                       0x00001928   Section        0  hc32_ll_interrupts.o(.text.IRQ123_Handler)
    [Anonymous Symbol]                       0x00001940   Section        0  hc32_ll_interrupts.o(.text.IRQ124_Handler)
    [Anonymous Symbol]                       0x00001958   Section        0  hc32_ll_interrupts.o(.text.IRQ125_Handler)
    [Anonymous Symbol]                       0x00001970   Section        0  hc32_ll_interrupts.o(.text.IRQ126_Handler)
    [Anonymous Symbol]                       0x00001988   Section        0  hc32_ll_interrupts.o(.text.IRQ127_Handler)
    [Anonymous Symbol]                       0x000019a0   Section        0  hc32_ll.o(.text.LL_PERIPH_WE)
    [Anonymous Symbol]                       0x000019e4   Section        0  hc32_ll.o(.text.LL_PERIPH_WP)
    [Anonymous Symbol]                       0x00001a28   Section        0  hc32f4xx_it.o(.text.MemManage_Handler)
    [Anonymous Symbol]                       0x00001a2c   Section        0  hc32f4xx_it.o(.text.NMI_Handler)
    NVIC_EncodePriority                      0x00001a31   Thumb Code    44  hal_cortex.o(.text.NVIC_EncodePriority)
    [Anonymous Symbol]                       0x00001a30   Section        0  hal_cortex.o(.text.NVIC_EncodePriority)
    PWC_FCG0_REG_Lock                        0x00001a5d   Thumb Code    18  hc32_ll.o(.text.PWC_FCG0_REG_Lock)
    [Anonymous Symbol]                       0x00001a5c   Section        0  hc32_ll.o(.text.PWC_FCG0_REG_Lock)
    PWC_FCG0_REG_Unlock                      0x00001a71   Thumb Code    18  hc32_ll.o(.text.PWC_FCG0_REG_Unlock)
    [Anonymous Symbol]                       0x00001a70   Section        0  hc32_ll.o(.text.PWC_FCG0_REG_Unlock)
    [Anonymous Symbol]                       0x00001a84   Section        0  hc32_ll_pwc.o(.text.PWC_HighSpeedToHighPerformance)
    PWC_REG_Lock                             0x00001ac1   Thumb Code    22  hc32_ll.o(.text.PWC_REG_Lock)
    [Anonymous Symbol]                       0x00001ac0   Section        0  hc32_ll.o(.text.PWC_REG_Lock)
    PWC_REG_Unlock                           0x00001ad9   Thumb Code    16  hc32_ll.o(.text.PWC_REG_Unlock)
    [Anonymous Symbol]                       0x00001ad8   Section        0  hc32_ll.o(.text.PWC_REG_Unlock)
    [Anonymous Symbol]                       0x00001ae8   Section        0  hc32f4xx_it.o(.text.PendSV_Handler)
    SRAM_REG_Lock                            0x00001aed   Thumb Code    16  hc32_ll.o(.text.SRAM_REG_Lock)
    [Anonymous Symbol]                       0x00001aec   Section        0  hc32_ll.o(.text.SRAM_REG_Lock)
    SRAM_REG_Unlock                          0x00001afd   Thumb Code    16  hc32_ll.o(.text.SRAM_REG_Unlock)
    [Anonymous Symbol]                       0x00001afc   Section        0  hc32_ll.o(.text.SRAM_REG_Unlock)
    [Anonymous Symbol]                       0x00001b0c   Section        0  hc32_ll_sram.o(.text.SRAM_SetWaitCycle)
    [Anonymous Symbol]                       0x00001bd8   Section        0  hc32f4xx_it.o(.text.SVC_Handler)
    SetSysClockDiv                           0x00001bdd   Thumb Code   392  hc32_ll_clk.o(.text.SetSysClockDiv)
    [Anonymous Symbol]                       0x00001bdc   Section        0  hc32_ll_clk.o(.text.SetSysClockDiv)
    SetSysClockSrc                           0x00001d65   Thumb Code   182  hc32_ll_clk.o(.text.SetSysClockSrc)
    [Anonymous Symbol]                       0x00001d64   Section        0  hc32_ll_clk.o(.text.SetSysClockSrc)
    SysTick_Config                           0x00001e1d   Thumb Code    46  hal_cortex.o(.text.SysTick_Config)
    [Anonymous Symbol]                       0x00001e1c   Section        0  hal_cortex.o(.text.SysTick_Config)
    [Anonymous Symbol]                       0x00001e4c   Section        0  main.o(.text.SysTick_Handler)
    [Anonymous Symbol]                       0x00001e54   Section        0  system_hc32f460.o(.text.SystemCoreClockUpdate)
    [Anonymous Symbol]                       0x00001ef0   Section        0  system_hc32f460.o(.text.SystemInit)
    [Anonymous Symbol]                       0x00001f10   Section        0  hc32f4xx_it.o(.text.UsageFault_Handler)
    [Anonymous Symbol]                       0x00001f14   Section        0  wiring_digital.o(.text._GPIO_Init)
    [Anonymous Symbol]                       0x00001f3c   Section        0  main.o(.text._Z18SystemClock_Configv)
    [Anonymous Symbol]                       0x00002000   Section        0  wiring_digital.o(.text._ZNK10pin_info_t8bit_maskEv)
    __NVIC_GetPriorityGrouping               0x00002011   Thumb Code    16  hal_cortex.o(.text.__NVIC_GetPriorityGrouping)
    [Anonymous Symbol]                       0x00002010   Section        0  hal_cortex.o(.text.__NVIC_GetPriorityGrouping)
    __NVIC_SetPriority                       0x00002021   Thumb Code    34  hal_cortex.o(.text.__NVIC_SetPriority)
    [Anonymous Symbol]                       0x00002020   Section        0  hal_cortex.o(.text.__NVIC_SetPriority)
    __empty                                  0x00002045   Thumb Code     2  yield.o(.text.__empty)
    [Anonymous Symbol]                       0x00002044   Section        0  yield.o(.text.__empty)
    [Anonymous Symbol]                       0x00002048   Section        0  syscalls_keil.o(.text._sys_exit)
    [Anonymous Symbol]                       0x0000204c   Section        0  delay.o(.text.delay_ms)
    [Anonymous Symbol]                       0x0000206c   Section        0  delay.o(.text.delay_us)
    [Anonymous Symbol]                       0x000020ac   Section        0  wiring_digital.o(.text.digitalToggle)
    dwt_getCycles                            0x000020c1   Thumb Code    12  delay.o(.text.dwt_getCycles)
    [Anonymous Symbol]                       0x000020c0   Section        0  delay.o(.text.dwt_getCycles)
    [Anonymous Symbol]                       0x000020cc   Section        0  dwt.o(.text.dwt_getStatus)
    [Anonymous Symbol]                       0x000020d8   Section        0  dwt.o(.text.dwt_init)
    [Anonymous Symbol]                       0x00002120   Section        0  main.o(.text.main)
    [Anonymous Symbol]                       0x00002154   Section        0  wiring_digital.o(.text.pinMode)
    $v0                                      0x000021c2   Number         0  fpinit.o(x$fpl$fpinit)
    x$fpl$fpinit                             0x000021c2   Section       26  fpinit.o(x$fpl$fpinit)
    .L.str                                   0x000022d5   Data          20  hal_cortex.o(.rodata.str1.1)
    [Anonymous Symbol]                       0x000022d5   Section        0  hal_cortex.o(.rodata.str1.1)
    .L.str                                   0x000022e9   Data          28  hc32_ll_clk.o(.rodata.str1.1)
    [Anonymous Symbol]                       0x000022e9   Section        0  hc32_ll_clk.o(.rodata.str1.1)
    .L.str                                   0x00002305   Data          28  hc32_ll_efm.o(.rodata.str1.1)
    [Anonymous Symbol]                       0x00002305   Section        0  hc32_ll_efm.o(.rodata.str1.1)
    .L.str                                   0x00002321   Data          29  hc32_ll_gpio.o(.rodata.str1.1)
    [Anonymous Symbol]                       0x00002321   Section        0  hc32_ll_gpio.o(.rodata.str1.1)
    .L.str                                   0x0000233e   Data          28  hc32_ll_pwc.o(.rodata.str1.1)
    [Anonymous Symbol]                       0x0000233e   Section        0  hc32_ll_pwc.o(.rodata.str1.1)
    .L.str                                   0x0000235a   Data          29  hc32_ll_sram.o(.rodata.str1.1)
    [Anonymous Symbol]                       0x0000235a   Section        0  hc32_ll_sram.o(.rodata.str1.1)
    .bss                                     0x1fff8010   Section       96  libspace.o(.bss)
    dwt_enabled                              0x1fff8070   Data           1  dwt.o(.bss.dwt_enabled)
    [Anonymous Symbol]                       0x1fff8070   Section        0  dwt.o(.bss.dwt_enabled)
    m_apfnIrqHandler                         0x1fff8074   Data         512  hc32_ll_interrupts.o(.bss.m_apfnIrqHandler)
    [Anonymous Symbol]                       0x1fff8074   Section        0  hc32_ll_interrupts.o(.bss.m_apfnIrqHandler)
    Heap_Mem                                 0x1fff8278   Data         512  startup_hc32f460.o(HEAP)
    HEAP                                     0x1fff8278   Section      512  startup_hc32f460.o(HEAP)
    Stack_Mem                                0x1fff8478   Data        2048  startup_hc32f460.o(STACK)
    STACK                                    0x1fff8478   Section     2048  startup_hc32f460.o(STACK)
    __initial_sp                             0x1fff8c78   Data           0  startup_hc32f460.o(STACK)

    Global Symbols

    Symbol Name                              Value     Ov Type        Size  Object(Section)

    BuildAttributes$$THM_ISAv4$E$P$D$K$B$S$7EM$VFPi3$EXTD16$VFPS$VFMA$PE$A:L22UL41UL21$X:L11$S22US41US21$IEEE1$IW$~IW$USESV6$~STKCKD$USESV7$~SHL$OTIME$ROPI$IEEEX$EBA8$UX$STANDARDLIB$REQ8$PRES8$EABIv2 0x00000000   Number         0  anon$$obj.o ABSOLUTE
    __Vectors                                0x00000000   Data           4  startup_hc32f460.o(RESET)
    _printf_flags                            0x00000000   Number         0  printf_stubs.o ABSOLUTE
    _printf_return_value                     0x00000000   Number         0  printf_stubs.o ABSOLUTE
    _printf_sizespec                         0x00000000   Number         0  printf_stubs.o ABSOLUTE
    _printf_widthprec                        0x00000000   Number         0  printf_stubs.o ABSOLUTE
    __ARM_exceptions_init                     - Undefined Weak Reference
    __alloca_initialize                       - Undefined Weak Reference
    __arm_preinit_                            - Undefined Weak Reference
    __cpp_initialize__aeabi_                  - Undefined Weak Reference
    __cxa_finalize                            - Undefined Weak Reference
    __sigvec_lookup                           - Undefined Weak Reference
    __user_heap_extent                        - Undefined Weak Reference
    _atexit_init                              - Undefined Weak Reference
    _call_atexit_fns                          - Undefined Weak Reference
    _clock_init                               - Undefined Weak Reference
    _fp_trap_init                             - Undefined Weak Reference
    _fp_trap_shutdown                         - Undefined Weak Reference
    _get_lc_collate                           - Undefined Weak Reference
    _get_lc_monetary                          - Undefined Weak Reference
    _get_lc_time                              - Undefined Weak Reference
    _getenv_init                              - Undefined Weak Reference
    _handle_redirection                       - Undefined Weak Reference
    _mutex_acquire                            - Undefined Weak Reference
    _mutex_free                               - Undefined Weak Reference
    _mutex_release                            - Undefined Weak Reference
    _printf_mbtowc                            - Undefined Weak Reference
    _printf_wc                                - Undefined Weak Reference
    _signal_finish                            - Undefined Weak Reference
    _signal_init                              - Undefined Weak Reference
    __Vectors_End                            0x00000280   Data           0  startup_hc32f460.o(RESET)
    __Vectors_Size                           0x00000280   Number         0  startup_hc32f460.o ABSOLUTE
    __main                                   0x00000281   Thumb Code     8  __main.o(!!!main)
    __scatterload                            0x00000289   Thumb Code     0  __scatter.o(!!!scatter)
    __scatterload_rt2                        0x00000289   Thumb Code    44  __scatter.o(!!!scatter)
    __scatterload_rt2_thumb_only             0x00000289   Thumb Code     0  __scatter.o(!!!scatter)
    __scatterload_null                       0x00000297   Thumb Code     0  __scatter.o(!!!scatter)
    __scatterload_copy                       0x000002bd   Thumb Code    26  __scatter_copy.o(!!handler_copy)
    __scatterload_zeroinit                   0x000002d9   Thumb Code    28  __scatter_zi.o(!!handler_zi)
    __rt_lib_init                            0x000002f5   Thumb Code     0  libinit.o(.ARM.Collect$$libinit$$00000000)
    __rt_lib_init_fp_1                       0x000002f7   Thumb Code     0  libinit2.o(.ARM.Collect$$libinit$$00000001)
    __rt_lib_init_alloca_1                   0x000002fb   Thumb Code     0  libinit2.o(.ARM.Collect$$libinit$$0000002E)
    __rt_lib_init_argv_1                     0x000002fb   Thumb Code     0  libinit2.o(.ARM.Collect$$libinit$$0000002C)
    __rt_lib_init_atexit_1                   0x000002fb   Thumb Code     0  libinit2.o(.ARM.Collect$$libinit$$0000001B)
    __rt_lib_init_clock_1                    0x000002fb   Thumb Code     0  libinit2.o(.ARM.Collect$$libinit$$00000021)
    __rt_lib_init_cpp_1                      0x000002fb   Thumb Code     0  libinit2.o(.ARM.Collect$$libinit$$00000032)
    __rt_lib_init_exceptions_1               0x000002fb   Thumb Code     0  libinit2.o(.ARM.Collect$$libinit$$00000030)
    __rt_lib_init_fp_trap_1                  0x000002fb   Thumb Code     0  libinit2.o(.ARM.Collect$$libinit$$0000001F)
    __rt_lib_init_getenv_1                   0x000002fb   Thumb Code     0  libinit2.o(.ARM.Collect$$libinit$$00000023)
    __rt_lib_init_heap_1                     0x000002fb   Thumb Code     0  libinit2.o(.ARM.Collect$$libinit$$0000000A)
    __rt_lib_init_lc_collate_1               0x000002fb   Thumb Code     0  libinit2.o(.ARM.Collect$$libinit$$00000011)
    __rt_lib_init_lc_ctype_1                 0x000002fb   Thumb Code     0  libinit2.o(.ARM.Collect$$libinit$$00000013)
    __rt_lib_init_lc_monetary_1              0x000002fb   Thumb Code     0  libinit2.o(.ARM.Collect$$libinit$$00000015)
    __rt_lib_init_lc_numeric_1               0x000002fb   Thumb Code     0  libinit2.o(.ARM.Collect$$libinit$$00000017)
    __rt_lib_init_lc_time_1                  0x000002fb   Thumb Code     0  libinit2.o(.ARM.Collect$$libinit$$00000019)
    __rt_lib_init_preinit_1                  0x000002fb   Thumb Code     0  libinit2.o(.ARM.Collect$$libinit$$00000004)
    __rt_lib_init_rand_1                     0x000002fb   Thumb Code     0  libinit2.o(.ARM.Collect$$libinit$$0000000E)
    __rt_lib_init_return                     0x000002fb   Thumb Code     0  libinit2.o(.ARM.Collect$$libinit$$00000033)
    __rt_lib_init_signal_1                   0x000002fb   Thumb Code     0  libinit2.o(.ARM.Collect$$libinit$$0000001D)
    __rt_lib_init_stdio_1                    0x000002fb   Thumb Code     0  libinit2.o(.ARM.Collect$$libinit$$00000025)
    __rt_lib_init_user_alloc_1               0x000002fb   Thumb Code     0  libinit2.o(.ARM.Collect$$libinit$$0000000C)
    __rt_lib_shutdown                        0x000002fd   Thumb Code     0  libshutdown.o(.ARM.Collect$$libshutdown$$00000000)
    __rt_lib_shutdown_cpp_1                  0x000002ff   Thumb Code     0  libshutdown2.o(.ARM.Collect$$libshutdown$$00000002)
    __rt_lib_shutdown_fp_trap_1              0x000002ff   Thumb Code     0  libshutdown2.o(.ARM.Collect$$libshutdown$$00000007)
    __rt_lib_shutdown_heap_1                 0x000002ff   Thumb Code     0  libshutdown2.o(.ARM.Collect$$libshutdown$$0000000F)
    __rt_lib_shutdown_return                 0x000002ff   Thumb Code     0  libshutdown2.o(.ARM.Collect$$libshutdown$$00000010)
    __rt_lib_shutdown_signal_1               0x000002ff   Thumb Code     0  libshutdown2.o(.ARM.Collect$$libshutdown$$0000000A)
    __rt_lib_shutdown_stdio_1                0x000002ff   Thumb Code     0  libshutdown2.o(.ARM.Collect$$libshutdown$$00000004)
    __rt_lib_shutdown_user_alloc_1           0x000002ff   Thumb Code     0  libshutdown2.o(.ARM.Collect$$libshutdown$$0000000C)
    __rt_entry                               0x00000301   Thumb Code     0  __rtentry.o(.ARM.Collect$$rtentry$$00000000)
    __rt_entry_presh_1                       0x00000301   Thumb Code     0  __rtentry2.o(.ARM.Collect$$rtentry$$00000002)
    __rt_entry_sh                            0x00000301   Thumb Code     0  __rtentry4.o(.ARM.Collect$$rtentry$$00000004)
    __rt_entry_li                            0x00000307   Thumb Code     0  __rtentry2.o(.ARM.Collect$$rtentry$$0000000A)
    __rt_entry_postsh_1                      0x00000307   Thumb Code     0  __rtentry2.o(.ARM.Collect$$rtentry$$00000009)
    __rt_entry_main                          0x0000030b   Thumb Code     0  __rtentry2.o(.ARM.Collect$$rtentry$$0000000D)
    __rt_entry_postli_1                      0x0000030b   Thumb Code     0  __rtentry2.o(.ARM.Collect$$rtentry$$0000000C)
    __rt_exit                                0x00000313   Thumb Code     0  rtexit.o(.ARM.Collect$$rtexit$$00000000)
    __rt_exit_ls                             0x00000315   Thumb Code     0  rtexit2.o(.ARM.Collect$$rtexit$$00000003)
    __rt_exit_prels_1                        0x00000315   Thumb Code     0  rtexit2.o(.ARM.Collect$$rtexit$$00000002)
    __rt_exit_exit                           0x00000319   Thumb Code     0  rtexit2.o(.ARM.Collect$$rtexit$$00000004)
    Reset_Handler                            0x00000321   Thumb Code    56  startup_hc32f460.o(.text)
    IRQ128_Handler                           0x0000036b   Thumb Code     0  startup_hc32f460.o(.text)
    IRQ129_Handler                           0x0000036b   Thumb Code     0  startup_hc32f460.o(.text)
    IRQ130_Handler                           0x0000036b   Thumb Code     0  startup_hc32f460.o(.text)
    IRQ131_Handler                           0x0000036b   Thumb Code     0  startup_hc32f460.o(.text)
    IRQ132_Handler                           0x0000036b   Thumb Code     0  startup_hc32f460.o(.text)
    IRQ133_Handler                           0x0000036b   Thumb Code     0  startup_hc32f460.o(.text)
    IRQ134_Handler                           0x0000036b   Thumb Code     0  startup_hc32f460.o(.text)
    IRQ135_Handler                           0x0000036b   Thumb Code     0  startup_hc32f460.o(.text)
    IRQ136_Handler                           0x0000036b   Thumb Code     0  startup_hc32f460.o(.text)
    IRQ137_Handler                           0x0000036b   Thumb Code     0  startup_hc32f460.o(.text)
    IRQ138_Handler                           0x0000036b   Thumb Code     0  startup_hc32f460.o(.text)
    IRQ139_Handler                           0x0000036b   Thumb Code     0  startup_hc32f460.o(.text)
    IRQ140_Handler                           0x0000036b   Thumb Code     0  startup_hc32f460.o(.text)
    IRQ141_Handler                           0x0000036b   Thumb Code     0  startup_hc32f460.o(.text)
    IRQ142_Handler                           0x0000036b   Thumb Code     0  startup_hc32f460.o(.text)
    IRQ143_Handler                           0x0000036b   Thumb Code     0  startup_hc32f460.o(.text)
    __user_initial_stackheap                 0x0000036d   Thumb Code     0  startup_hc32f460.o(.text)
    __use_no_semihosting                     0x000003a1   Thumb Code     2  use_no_semi_2.o(.text)
    __use_two_region_memory                  0x000003a3   Thumb Code     2  heapauxi.o(.text)
    __rt_heap_escrow                         0x000003a5   Thumb Code     2  heapauxi.o(.text)
    __rt_heap_expand                         0x000003a7   Thumb Code     2  heapauxi.o(.text)
    __I$use$semihosting                      0x000003a9   Thumb Code     0  use_no_semi.o(.text)
    __use_no_semihosting_swi                 0x000003a9   Thumb Code     2  use_no_semi.o(.text)
    __user_libspace                          0x000003ad   Thumb Code     8  libspace.o(.text)
    __user_perproc_libspace                  0x000003ad   Thumb Code     0  libspace.o(.text)
    __user_perthread_libspace                0x000003ad   Thumb Code     0  libspace.o(.text)
    __user_setup_stackheap                   0x000003b5   Thumb Code    74  sys_stackheap_outer.o(.text)
    u32ICGValue                              0x00000400   Data          32  hc32_ll_icg.o(.ARM.__at_0x400)
    exit                                     0x00000421   Thumb Code    18  exit.o(.text)
    BusFault_Handler                         0x00000435   Thumb Code     2  hc32f4xx_it.o(.text.BusFault_Handler)
    CLK_GetStableStatus                      0x00000439   Thumb Code    46  hc32_ll_clk.o(.text.CLK_GetStableStatus)
    CLK_PLLCmd                               0x00000469   Thumb Code   118  hc32_ll_clk.o(.text.CLK_PLLCmd)
    CLK_PLLInit                              0x000004e1   Thumb Code   496  hc32_ll_clk.o(.text.CLK_PLLInit)
    CLK_PLLStructInit                        0x000006d1   Thumb Code    50  hc32_ll_clk.o(.text.CLK_PLLStructInit)
    CLK_SetClockDiv                          0x00000705   Thumb Code    12  hc32_ll_clk.o(.text.CLK_SetClockDiv)
    CLK_SetSysClockSrc                       0x00000711   Thumb Code    12  hc32_ll_clk.o(.text.CLK_SetSysClockSrc)
    CLK_XtalCmd                              0x00000759   Thumb Code   112  hc32_ll_clk.o(.text.CLK_XtalCmd)
    CLK_XtalInit                             0x000007c9   Thumb Code   212  hc32_ll_clk.o(.text.CLK_XtalInit)
    CLK_XtalStructInit                       0x0000089d   Thumb Code    30  hc32_ll_clk.o(.text.CLK_XtalStructInit)
    DDL_AssertHandler                        0x000008bd   Thumb Code     2  hc32_ll_utility.o(.text.DDL_AssertHandler)
    DebugMon_Handler                         0x000008c1   Thumb Code     2  hc32f4xx_it.o(.text.DebugMon_Handler)
    EFM_CacheCmd                             0x000008c5   Thumb Code    66  hc32_ll_efm.o(.text.EFM_CacheCmd)
    EFM_CacheRamReset                        0x00000909   Thumb Code    66  hc32_ll_efm.o(.text.EFM_CacheRamReset)
    EFM_SetWaitCycle                         0x00000975   Thumb Code   146  hc32_ll_efm.o(.text.EFM_SetWaitCycle)
    GPIO_AnalogCmd                           0x00000a09   Thumb Code   142  hc32_ll_gpio.o(.text.GPIO_AnalogCmd)
    GPIO_Init                                0x00000a99   Thumb Code   450  hc32_ll_gpio.o(.text.GPIO_Init)
    GPIO_SetReadWaitCycle                    0x00000c7d   Thumb Code    70  hc32_ll_gpio.o(.text.GPIO_SetReadWaitCycle)
    GPIO_StructInit                          0x00000cc5   Thumb Code    26  hc32_ll_gpio.o(.text.GPIO_StructInit)
    GPIO_Toggle                              0x00000ce1   Thumb Code    34  wiring_digital.o(.text.GPIO_Toggle)
    GPIO_TogglePins                          0x00000d05   Thumb Code    62  hc32_ll_gpio.o(.text.GPIO_TogglePins)
    HAL_GetTick                              0x00000d45   Thumb Code    12  hal.o(.text.HAL_GetTick)
    HAL_IncTick                              0x00000d51   Thumb Code    26  hal.o(.text.HAL_IncTick)
    HAL_Init                                 0x00000d6d   Thumb Code    16  hal.o(.text.HAL_Init)
    HAL_InitTick                             0x00000d7d   Thumb Code    80  hal.o(.text.HAL_InitTick)
    HAL_MspInit                              0x00000dcd   Thumb Code     2  hal.o(.text.HAL_MspInit)
    HAL_NVIC_SetPriority                     0x00000dd1   Thumb Code    66  hal_cortex.o(.text.HAL_NVIC_SetPriority)
    HAL_SYSTICK_Config                       0x00000e15   Thumb Code     8  hal_cortex.o(.text.HAL_SYSTICK_Config)
    HardFault_Handler                        0x00000e1d   Thumb Code     2  hc32f4xx_it.o(.text.HardFault_Handler)
    IRQ000_Handler                           0x00000e21   Thumb Code    20  hc32_ll_interrupts.o(.text.IRQ000_Handler)
    IRQ001_Handler                           0x00000e35   Thumb Code    20  hc32_ll_interrupts.o(.text.IRQ001_Handler)
    IRQ002_Handler                           0x00000e49   Thumb Code    20  hc32_ll_interrupts.o(.text.IRQ002_Handler)
    IRQ003_Handler                           0x00000e5d   Thumb Code    20  hc32_ll_interrupts.o(.text.IRQ003_Handler)
    IRQ004_Handler                           0x00000e71   Thumb Code    20  hc32_ll_interrupts.o(.text.IRQ004_Handler)
    IRQ005_Handler                           0x00000e85   Thumb Code    20  hc32_ll_interrupts.o(.text.IRQ005_Handler)
    IRQ006_Handler                           0x00000e99   Thumb Code    20  hc32_ll_interrupts.o(.text.IRQ006_Handler)
    IRQ007_Handler                           0x00000ead   Thumb Code    20  hc32_ll_interrupts.o(.text.IRQ007_Handler)
    IRQ008_Handler                           0x00000ec1   Thumb Code    20  hc32_ll_interrupts.o(.text.IRQ008_Handler)
    IRQ009_Handler                           0x00000ed5   Thumb Code    20  hc32_ll_interrupts.o(.text.IRQ009_Handler)
    IRQ010_Handler                           0x00000ee9   Thumb Code    20  hc32_ll_interrupts.o(.text.IRQ010_Handler)
    IRQ011_Handler                           0x00000efd   Thumb Code    20  hc32_ll_interrupts.o(.text.IRQ011_Handler)
    IRQ012_Handler                           0x00000f11   Thumb Code    20  hc32_ll_interrupts.o(.text.IRQ012_Handler)
    IRQ013_Handler                           0x00000f25   Thumb Code    20  hc32_ll_interrupts.o(.text.IRQ013_Handler)
    IRQ014_Handler                           0x00000f39   Thumb Code    20  hc32_ll_interrupts.o(.text.IRQ014_Handler)
    IRQ015_Handler                           0x00000f4d   Thumb Code    20  hc32_ll_interrupts.o(.text.IRQ015_Handler)
    IRQ016_Handler                           0x00000f61   Thumb Code    20  hc32_ll_interrupts.o(.text.IRQ016_Handler)
    IRQ017_Handler                           0x00000f75   Thumb Code    20  hc32_ll_interrupts.o(.text.IRQ017_Handler)
    IRQ018_Handler                           0x00000f89   Thumb Code    20  hc32_ll_interrupts.o(.text.IRQ018_Handler)
    IRQ019_Handler                           0x00000f9d   Thumb Code    20  hc32_ll_interrupts.o(.text.IRQ019_Handler)
    IRQ020_Handler                           0x00000fb1   Thumb Code    20  hc32_ll_interrupts.o(.text.IRQ020_Handler)
    IRQ021_Handler                           0x00000fc5   Thumb Code    20  hc32_ll_interrupts.o(.text.IRQ021_Handler)
    IRQ022_Handler                           0x00000fd9   Thumb Code    20  hc32_ll_interrupts.o(.text.IRQ022_Handler)
    IRQ023_Handler                           0x00000fed   Thumb Code    20  hc32_ll_interrupts.o(.text.IRQ023_Handler)
    IRQ024_Handler                           0x00001001   Thumb Code    20  hc32_ll_interrupts.o(.text.IRQ024_Handler)
    IRQ025_Handler                           0x00001015   Thumb Code    20  hc32_ll_interrupts.o(.text.IRQ025_Handler)
    IRQ026_Handler                           0x00001029   Thumb Code    20  hc32_ll_interrupts.o(.text.IRQ026_Handler)
    IRQ027_Handler                           0x0000103d   Thumb Code    20  hc32_ll_interrupts.o(.text.IRQ027_Handler)
    IRQ028_Handler                           0x00001051   Thumb Code    20  hc32_ll_interrupts.o(.text.IRQ028_Handler)
    IRQ029_Handler                           0x00001065   Thumb Code    20  hc32_ll_interrupts.o(.text.IRQ029_Handler)
    IRQ030_Handler                           0x00001079   Thumb Code    20  hc32_ll_interrupts.o(.text.IRQ030_Handler)
    IRQ031_Handler                           0x0000108d   Thumb Code    20  hc32_ll_interrupts.o(.text.IRQ031_Handler)
    IRQ032_Handler                           0x000010a1   Thumb Code    22  hc32_ll_interrupts.o(.text.IRQ032_Handler)
    IRQ033_Handler                           0x000010b9   Thumb Code    22  hc32_ll_interrupts.o(.text.IRQ033_Handler)
    IRQ034_Handler                           0x000010d1   Thumb Code    22  hc32_ll_interrupts.o(.text.IRQ034_Handler)
    IRQ035_Handler                           0x000010e9   Thumb Code    22  hc32_ll_interrupts.o(.text.IRQ035_Handler)
    IRQ036_Handler                           0x00001101   Thumb Code    22  hc32_ll_interrupts.o(.text.IRQ036_Handler)
    IRQ037_Handler                           0x00001119   Thumb Code    22  hc32_ll_interrupts.o(.text.IRQ037_Handler)
    IRQ038_Handler                           0x00001131   Thumb Code    22  hc32_ll_interrupts.o(.text.IRQ038_Handler)
    IRQ039_Handler                           0x00001149   Thumb Code    22  hc32_ll_interrupts.o(.text.IRQ039_Handler)
    IRQ040_Handler                           0x00001161   Thumb Code    22  hc32_ll_interrupts.o(.text.IRQ040_Handler)
    IRQ041_Handler                           0x00001179   Thumb Code    22  hc32_ll_interrupts.o(.text.IRQ041_Handler)
    IRQ042_Handler                           0x00001191   Thumb Code    22  hc32_ll_interrupts.o(.text.IRQ042_Handler)
    IRQ043_Handler                           0x000011a9   Thumb Code    22  hc32_ll_interrupts.o(.text.IRQ043_Handler)
    IRQ044_Handler                           0x000011c1   Thumb Code    22  hc32_ll_interrupts.o(.text.IRQ044_Handler)
    IRQ045_Handler                           0x000011d9   Thumb Code    22  hc32_ll_interrupts.o(.text.IRQ045_Handler)
    IRQ046_Handler                           0x000011f1   Thumb Code    22  hc32_ll_interrupts.o(.text.IRQ046_Handler)
    IRQ047_Handler                           0x00001209   Thumb Code    22  hc32_ll_interrupts.o(.text.IRQ047_Handler)
    IRQ048_Handler                           0x00001221   Thumb Code    22  hc32_ll_interrupts.o(.text.IRQ048_Handler)
    IRQ049_Handler                           0x00001239   Thumb Code    22  hc32_ll_interrupts.o(.text.IRQ049_Handler)
    IRQ050_Handler                           0x00001251   Thumb Code    22  hc32_ll_interrupts.o(.text.IRQ050_Handler)
    IRQ051_Handler                           0x00001269   Thumb Code    22  hc32_ll_interrupts.o(.text.IRQ051_Handler)
    IRQ052_Handler                           0x00001281   Thumb Code    22  hc32_ll_interrupts.o(.text.IRQ052_Handler)
    IRQ053_Handler                           0x00001299   Thumb Code    22  hc32_ll_interrupts.o(.text.IRQ053_Handler)
    IRQ054_Handler                           0x000012b1   Thumb Code    22  hc32_ll_interrupts.o(.text.IRQ054_Handler)
    IRQ055_Handler                           0x000012c9   Thumb Code    22  hc32_ll_interrupts.o(.text.IRQ055_Handler)
    IRQ056_Handler                           0x000012e1   Thumb Code    22  hc32_ll_interrupts.o(.text.IRQ056_Handler)
    IRQ057_Handler                           0x000012f9   Thumb Code    22  hc32_ll_interrupts.o(.text.IRQ057_Handler)
    IRQ058_Handler                           0x00001311   Thumb Code    22  hc32_ll_interrupts.o(.text.IRQ058_Handler)
    IRQ059_Handler                           0x00001329   Thumb Code    22  hc32_ll_interrupts.o(.text.IRQ059_Handler)
    IRQ060_Handler                           0x00001341   Thumb Code    22  hc32_ll_interrupts.o(.text.IRQ060_Handler)
    IRQ061_Handler                           0x00001359   Thumb Code    22  hc32_ll_interrupts.o(.text.IRQ061_Handler)
    IRQ062_Handler                           0x00001371   Thumb Code    22  hc32_ll_interrupts.o(.text.IRQ062_Handler)
    IRQ063_Handler                           0x00001389   Thumb Code    22  hc32_ll_interrupts.o(.text.IRQ063_Handler)
    IRQ064_Handler                           0x000013a1   Thumb Code    22  hc32_ll_interrupts.o(.text.IRQ064_Handler)
    IRQ065_Handler                           0x000013b9   Thumb Code    22  hc32_ll_interrupts.o(.text.IRQ065_Handler)
    IRQ066_Handler                           0x000013d1   Thumb Code    22  hc32_ll_interrupts.o(.text.IRQ066_Handler)
    IRQ067_Handler                           0x000013e9   Thumb Code    22  hc32_ll_interrupts.o(.text.IRQ067_Handler)
    IRQ068_Handler                           0x00001401   Thumb Code    22  hc32_ll_interrupts.o(.text.IRQ068_Handler)
    IRQ069_Handler                           0x00001419   Thumb Code    22  hc32_ll_interrupts.o(.text.IRQ069_Handler)
    IRQ070_Handler                           0x00001431   Thumb Code    22  hc32_ll_interrupts.o(.text.IRQ070_Handler)
    IRQ071_Handler                           0x00001449   Thumb Code    22  hc32_ll_interrupts.o(.text.IRQ071_Handler)
    IRQ072_Handler                           0x00001461   Thumb Code    22  hc32_ll_interrupts.o(.text.IRQ072_Handler)
    IRQ073_Handler                           0x00001479   Thumb Code    22  hc32_ll_interrupts.o(.text.IRQ073_Handler)
    IRQ074_Handler                           0x00001491   Thumb Code    22  hc32_ll_interrupts.o(.text.IRQ074_Handler)
    IRQ075_Handler                           0x000014a9   Thumb Code    22  hc32_ll_interrupts.o(.text.IRQ075_Handler)
    IRQ076_Handler                           0x000014c1   Thumb Code    22  hc32_ll_interrupts.o(.text.IRQ076_Handler)
    IRQ077_Handler                           0x000014d9   Thumb Code    22  hc32_ll_interrupts.o(.text.IRQ077_Handler)
    IRQ078_Handler                           0x000014f1   Thumb Code    22  hc32_ll_interrupts.o(.text.IRQ078_Handler)
    IRQ079_Handler                           0x00001509   Thumb Code    22  hc32_ll_interrupts.o(.text.IRQ079_Handler)
    IRQ080_Handler                           0x00001521   Thumb Code    22  hc32_ll_interrupts.o(.text.IRQ080_Handler)
    IRQ081_Handler                           0x00001539   Thumb Code    22  hc32_ll_interrupts.o(.text.IRQ081_Handler)
    IRQ082_Handler                           0x00001551   Thumb Code    22  hc32_ll_interrupts.o(.text.IRQ082_Handler)
    IRQ083_Handler                           0x00001569   Thumb Code    22  hc32_ll_interrupts.o(.text.IRQ083_Handler)
    IRQ084_Handler                           0x00001581   Thumb Code    22  hc32_ll_interrupts.o(.text.IRQ084_Handler)
    IRQ085_Handler                           0x00001599   Thumb Code    22  hc32_ll_interrupts.o(.text.IRQ085_Handler)
    IRQ086_Handler                           0x000015b1   Thumb Code    22  hc32_ll_interrupts.o(.text.IRQ086_Handler)
    IRQ087_Handler                           0x000015c9   Thumb Code    22  hc32_ll_interrupts.o(.text.IRQ087_Handler)
    IRQ088_Handler                           0x000015e1   Thumb Code    22  hc32_ll_interrupts.o(.text.IRQ088_Handler)
    IRQ089_Handler                           0x000015f9   Thumb Code    22  hc32_ll_interrupts.o(.text.IRQ089_Handler)
    IRQ090_Handler                           0x00001611   Thumb Code    22  hc32_ll_interrupts.o(.text.IRQ090_Handler)
    IRQ091_Handler                           0x00001629   Thumb Code    22  hc32_ll_interrupts.o(.text.IRQ091_Handler)
    IRQ092_Handler                           0x00001641   Thumb Code    22  hc32_ll_interrupts.o(.text.IRQ092_Handler)
    IRQ093_Handler                           0x00001659   Thumb Code    22  hc32_ll_interrupts.o(.text.IRQ093_Handler)
    IRQ094_Handler                           0x00001671   Thumb Code    22  hc32_ll_interrupts.o(.text.IRQ094_Handler)
    IRQ095_Handler                           0x00001689   Thumb Code    22  hc32_ll_interrupts.o(.text.IRQ095_Handler)
    IRQ096_Handler                           0x000016a1   Thumb Code    22  hc32_ll_interrupts.o(.text.IRQ096_Handler)
    IRQ097_Handler                           0x000016b9   Thumb Code    22  hc32_ll_interrupts.o(.text.IRQ097_Handler)
    IRQ098_Handler                           0x000016d1   Thumb Code    22  hc32_ll_interrupts.o(.text.IRQ098_Handler)
    IRQ099_Handler                           0x000016e9   Thumb Code    22  hc32_ll_interrupts.o(.text.IRQ099_Handler)
    IRQ100_Handler                           0x00001701   Thumb Code    22  hc32_ll_interrupts.o(.text.IRQ100_Handler)
    IRQ101_Handler                           0x00001719   Thumb Code    22  hc32_ll_interrupts.o(.text.IRQ101_Handler)
    IRQ102_Handler                           0x00001731   Thumb Code    22  hc32_ll_interrupts.o(.text.IRQ102_Handler)
    IRQ103_Handler                           0x00001749   Thumb Code    22  hc32_ll_interrupts.o(.text.IRQ103_Handler)
    IRQ104_Handler                           0x00001761   Thumb Code    22  hc32_ll_interrupts.o(.text.IRQ104_Handler)
    IRQ105_Handler                           0x00001779   Thumb Code    22  hc32_ll_interrupts.o(.text.IRQ105_Handler)
    IRQ106_Handler                           0x00001791   Thumb Code    22  hc32_ll_interrupts.o(.text.IRQ106_Handler)
    IRQ107_Handler                           0x000017a9   Thumb Code    22  hc32_ll_interrupts.o(.text.IRQ107_Handler)
    IRQ108_Handler                           0x000017c1   Thumb Code    22  hc32_ll_interrupts.o(.text.IRQ108_Handler)
    IRQ109_Handler                           0x000017d9   Thumb Code    22  hc32_ll_interrupts.o(.text.IRQ109_Handler)
    IRQ110_Handler                           0x000017f1   Thumb Code    22  hc32_ll_interrupts.o(.text.IRQ110_Handler)
    IRQ111_Handler                           0x00001809   Thumb Code    22  hc32_ll_interrupts.o(.text.IRQ111_Handler)
    IRQ112_Handler                           0x00001821   Thumb Code    22  hc32_ll_interrupts.o(.text.IRQ112_Handler)
    IRQ113_Handler                           0x00001839   Thumb Code    22  hc32_ll_interrupts.o(.text.IRQ113_Handler)
    IRQ114_Handler                           0x00001851   Thumb Code    22  hc32_ll_interrupts.o(.text.IRQ114_Handler)
    IRQ115_Handler                           0x00001869   Thumb Code    22  hc32_ll_interrupts.o(.text.IRQ115_Handler)
    IRQ116_Handler                           0x00001881   Thumb Code    22  hc32_ll_interrupts.o(.text.IRQ116_Handler)
    IRQ117_Handler                           0x00001899   Thumb Code    22  hc32_ll_interrupts.o(.text.IRQ117_Handler)
    IRQ118_Handler                           0x000018b1   Thumb Code    22  hc32_ll_interrupts.o(.text.IRQ118_Handler)
    IRQ119_Handler                           0x000018c9   Thumb Code    22  hc32_ll_interrupts.o(.text.IRQ119_Handler)
    IRQ120_Handler                           0x000018e1   Thumb Code    22  hc32_ll_interrupts.o(.text.IRQ120_Handler)
    IRQ121_Handler                           0x000018f9   Thumb Code    22  hc32_ll_interrupts.o(.text.IRQ121_Handler)
    IRQ122_Handler                           0x00001911   Thumb Code    22  hc32_ll_interrupts.o(.text.IRQ122_Handler)
    IRQ123_Handler                           0x00001929   Thumb Code    22  hc32_ll_interrupts.o(.text.IRQ123_Handler)
    IRQ124_Handler                           0x00001941   Thumb Code    22  hc32_ll_interrupts.o(.text.IRQ124_Handler)
    IRQ125_Handler                           0x00001959   Thumb Code    22  hc32_ll_interrupts.o(.text.IRQ125_Handler)
    IRQ126_Handler                           0x00001971   Thumb Code    22  hc32_ll_interrupts.o(.text.IRQ126_Handler)
    IRQ127_Handler                           0x00001989   Thumb Code    22  hc32_ll_interrupts.o(.text.IRQ127_Handler)
    LL_PERIPH_WE                             0x000019a1   Thumb Code    66  hc32_ll.o(.text.LL_PERIPH_WE)
    LL_PERIPH_WP                             0x000019e5   Thumb Code    66  hc32_ll.o(.text.LL_PERIPH_WP)
    MemManage_Handler                        0x00001a29   Thumb Code     2  hc32f4xx_it.o(.text.MemManage_Handler)
    NMI_Handler                              0x00001a2d   Thumb Code     2  hc32f4xx_it.o(.text.NMI_Handler)
    PWC_HighSpeedToHighPerformance           0x00001a85   Thumb Code    58  hc32_ll_pwc.o(.text.PWC_HighSpeedToHighPerformance)
    PendSV_Handler                           0x00001ae9   Thumb Code     2  hc32f4xx_it.o(.text.PendSV_Handler)
    SRAM_SetWaitCycle                        0x00001b0d   Thumb Code   202  hc32_ll_sram.o(.text.SRAM_SetWaitCycle)
    SVC_Handler                              0x00001bd9   Thumb Code     2  hc32f4xx_it.o(.text.SVC_Handler)
    SysTick_Handler                          0x00001e4d   Thumb Code     8  main.o(.text.SysTick_Handler)
    SystemCoreClockUpdate                    0x00001e55   Thumb Code   156  system_hc32f460.o(.text.SystemCoreClockUpdate)
    SystemInit                               0x00001ef1   Thumb Code    30  system_hc32f460.o(.text.SystemInit)
    UsageFault_Handler                       0x00001f11   Thumb Code     2  hc32f4xx_it.o(.text.UsageFault_Handler)
    _GPIO_Init                               0x00001f15   Thumb Code    38  wiring_digital.o(.text._GPIO_Init)
    SystemClock_Config()                     0x00001f3d   Thumb Code   196  main.o(.text._Z18SystemClock_Configv)
    pin_info_t::bit_mask() const             0x00002001   Thumb Code    16  wiring_digital.o(.text._ZNK10pin_info_t8bit_maskEv)
    yield                                    0x00002045   Thumb Code     2  yield.o(.text.__empty)
    _sys_exit                                0x00002049   Thumb Code     2  syscalls_keil.o(.text._sys_exit)
    delay_ms                                 0x0000204d   Thumb Code    32  delay.o(.text.delay_ms)
    delay_us                                 0x0000206d   Thumb Code    62  delay.o(.text.delay_us)
    digitalToggle                            0x000020ad   Thumb Code    18  wiring_digital.o(.text.digitalToggle)
    dwt_getStatus                            0x000020cd   Thumb Code    12  dwt.o(.text.dwt_getStatus)
    dwt_init                                 0x000020d9   Thumb Code    70  dwt.o(.text.dwt_init)
    main                                     0x00002121   Thumb Code    50  main.o(.text.main)
    pinMode                                  0x00002155   Thumb Code   110  wiring_digital.o(.text.pinMode)
    _fp_init                                 0x000021c3   Thumb Code    26  fpinit.o(x$fpl$fpinit)
    __fplib_config_fpu_vfp                   0x000021db   Thumb Code     0  fpinit.o(x$fpl$fpinit)
    __fplib_config_pureend_doubles           0x000021db   Thumb Code     0  fpinit.o(x$fpl$fpinit)
    PIN_MAP                                  0x000021dc   Data         249  variant.o(.rodata.PIN_MAP)
    Region$$Table$$Base                      0x00002378   Number         0  anon$$obj.o(Region$$Table)
    Region$$Table$$Limit                     0x00002398   Number         0  anon$$obj.o(Region$$Table)
    HRC_VALUE                                0x1fff8000   Data           4  system_hc32f460.o(.bss.noinit)
    SystemCoreClock                          0x1fff8004   Data           4  system_hc32f460.o(.bss.noinit)
    uwTickFreq                               0x1fff8008   Data           1  hal.o(.data.uwTickFreq)
    uwTickPrio                               0x1fff800c   Data           4  hal.o(.data.uwTickPrio)
    __libspace_start                         0x1fff8010   Data          96  libspace.o(.bss)
    __temporary_stack_top$libspace           0x1fff8070   Data           0  libspace.o(.bss)
    uwTick                                   0x1fff8274   Data           4  hal.o(.bss.uwTick)



==============================================================================

Memory Map of the image

  Image Entry point : 0x00000281

  Load Region LR_IROM1 (Base: 0x00000000, Size: 0x000023a0, Max: 0x00080000, ABSOLUTE)

    Execution Region ER_IROM1 (Exec base: 0x00000000, Load base: 0x00000000, Size: 0x00002398, Max: 0x00080000, ABSOLUTE)

    Exec Addr    Load Addr    Size         Type   Attr      Idx    E Section Name        Object

    0x00000000   0x00000000   0x00000280   Data   RO           30    RESET               startup_hc32f460.o
    0x00000280   0x00000280   0x00000008   Code   RO         2191  * !!!main             c_w.l(__main.o)
    0x00000288   0x00000288   0x00000034   Code   RO         2747    !!!scatter          c_w.l(__scatter.o)
    0x000002bc   0x000002bc   0x0000001a   Code   RO         2749    !!handler_copy      c_w.l(__scatter_copy.o)
    0x000002d6   0x000002d6   0x00000002   PAD
    0x000002d8   0x000002d8   0x0000001c   Code   RO         2751    !!handler_zi        c_w.l(__scatter_zi.o)
    0x000002f4   0x000002f4   0x00000002   Code   RO         2635    .ARM.Collect$$libinit$$00000000  c_w.l(libinit.o)
    0x000002f6   0x000002f6   0x00000004   Code   RO         2379    .ARM.Collect$$libinit$$00000001  c_w.l(libinit2.o)
    0x000002fa   0x000002fa   0x00000000   Code   RO         2382    .ARM.Collect$$libinit$$00000004  c_w.l(libinit2.o)
    0x000002fa   0x000002fa   0x00000000   Code   RO         2385    .ARM.Collect$$libinit$$0000000A  c_w.l(libinit2.o)
    0x000002fa   0x000002fa   0x00000000   Code   RO         2387    .ARM.Collect$$libinit$$0000000C  c_w.l(libinit2.o)
    0x000002fa   0x000002fa   0x00000000   Code   RO         2389    .ARM.Collect$$libinit$$0000000E  c_w.l(libinit2.o)
    0x000002fa   0x000002fa   0x00000000   Code   RO         2392    .ARM.Collect$$libinit$$00000011  c_w.l(libinit2.o)
    0x000002fa   0x000002fa   0x00000000   Code   RO         2394    .ARM.Collect$$libinit$$00000013  c_w.l(libinit2.o)
    0x000002fa   0x000002fa   0x00000000   Code   RO         2396    .ARM.Collect$$libinit$$00000015  c_w.l(libinit2.o)
    0x000002fa   0x000002fa   0x00000000   Code   RO         2398    .ARM.Collect$$libinit$$00000017  c_w.l(libinit2.o)
    0x000002fa   0x000002fa   0x00000000   Code   RO         2400    .ARM.Collect$$libinit$$00000019  c_w.l(libinit2.o)
    0x000002fa   0x000002fa   0x00000000   Code   RO         2402    .ARM.Collect$$libinit$$0000001B  c_w.l(libinit2.o)
    0x000002fa   0x000002fa   0x00000000   Code   RO         2404    .ARM.Collect$$libinit$$0000001D  c_w.l(libinit2.o)
    0x000002fa   0x000002fa   0x00000000   Code   RO         2406    .ARM.Collect$$libinit$$0000001F  c_w.l(libinit2.o)
    0x000002fa   0x000002fa   0x00000000   Code   RO         2408    .ARM.Collect$$libinit$$00000021  c_w.l(libinit2.o)
    0x000002fa   0x000002fa   0x00000000   Code   RO         2410    .ARM.Collect$$libinit$$00000023  c_w.l(libinit2.o)
    0x000002fa   0x000002fa   0x00000000   Code   RO         2412    .ARM.Collect$$libinit$$00000025  c_w.l(libinit2.o)
    0x000002fa   0x000002fa   0x00000000   Code   RO         2416    .ARM.Collect$$libinit$$0000002C  c_w.l(libinit2.o)
    0x000002fa   0x000002fa   0x00000000   Code   RO         2418    .ARM.Collect$$libinit$$0000002E  c_w.l(libinit2.o)
    0x000002fa   0x000002fa   0x00000000   Code   RO         2420    .ARM.Collect$$libinit$$00000030  c_w.l(libinit2.o)
    0x000002fa   0x000002fa   0x00000000   Code   RO         2422    .ARM.Collect$$libinit$$00000032  c_w.l(libinit2.o)
    0x000002fa   0x000002fa   0x00000002   Code   RO         2423    .ARM.Collect$$libinit$$00000033  c_w.l(libinit2.o)
    0x000002fc   0x000002fc   0x00000002   Code   RO         2714    .ARM.Collect$$libshutdown$$00000000  c_w.l(libshutdown.o)
    0x000002fe   0x000002fe   0x00000000   Code   RO         2543    .ARM.Collect$$libshutdown$$00000002  c_w.l(libshutdown2.o)
    0x000002fe   0x000002fe   0x00000000   Code   RO         2545    .ARM.Collect$$libshutdown$$00000004  c_w.l(libshutdown2.o)
    0x000002fe   0x000002fe   0x00000000   Code   RO         2548    .ARM.Collect$$libshutdown$$00000007  c_w.l(libshutdown2.o)
    0x000002fe   0x000002fe   0x00000000   Code   RO         2551    .ARM.Collect$$libshutdown$$0000000A  c_w.l(libshutdown2.o)
    0x000002fe   0x000002fe   0x00000000   Code   RO         2553    .ARM.Collect$$libshutdown$$0000000C  c_w.l(libshutdown2.o)
    0x000002fe   0x000002fe   0x00000000   Code   RO         2556    .ARM.Collect$$libshutdown$$0000000F  c_w.l(libshutdown2.o)
    0x000002fe   0x000002fe   0x00000002   Code   RO         2557    .ARM.Collect$$libshutdown$$00000010  c_w.l(libshutdown2.o)
    0x00000300   0x00000300   0x00000000   Code   RO         2245    .ARM.Collect$$rtentry$$00000000  c_w.l(__rtentry.o)
    0x00000300   0x00000300   0x00000000   Code   RO         2461    .ARM.Collect$$rtentry$$00000002  c_w.l(__rtentry2.o)
    0x00000300   0x00000300   0x00000006   Code   RO         2473    .ARM.Collect$$rtentry$$00000004  c_w.l(__rtentry4.o)
    0x00000306   0x00000306   0x00000000   Code   RO         2463    .ARM.Collect$$rtentry$$00000009  c_w.l(__rtentry2.o)
    0x00000306   0x00000306   0x00000004   Code   RO         2464    .ARM.Collect$$rtentry$$0000000A  c_w.l(__rtentry2.o)
    0x0000030a   0x0000030a   0x00000000   Code   RO         2466    .ARM.Collect$$rtentry$$0000000C  c_w.l(__rtentry2.o)
    0x0000030a   0x0000030a   0x00000008   Code   RO         2467    .ARM.Collect$$rtentry$$0000000D  c_w.l(__rtentry2.o)
    0x00000312   0x00000312   0x00000002   Code   RO         2640    .ARM.Collect$$rtexit$$00000000  c_w.l(rtexit.o)
    0x00000314   0x00000314   0x00000000   Code   RO         2680    .ARM.Collect$$rtexit$$00000002  c_w.l(rtexit2.o)
    0x00000314   0x00000314   0x00000004   Code   RO         2681    .ARM.Collect$$rtexit$$00000003  c_w.l(rtexit2.o)
    0x00000318   0x00000318   0x00000006   Code   RO         2682    .ARM.Collect$$rtexit$$00000004  c_w.l(rtexit2.o)
    0x0000031e   0x0000031e   0x00000002   PAD
    0x00000320   0x00000320   0x00000080   Code   RO           31    .text               startup_hc32f460.o
    0x000003a0   0x000003a0   0x00000002   Code   RO         2028    .text               c_w.l(use_no_semi_2.o)
    0x000003a2   0x000003a2   0x00000006   Code   RO         2189    .text               c_w.l(heapauxi.o)
    0x000003a8   0x000003a8   0x00000002   Code   RO         2241    .text               c_w.l(use_no_semi.o)
    0x000003aa   0x000003aa   0x00000002   PAD
    0x000003ac   0x000003ac   0x00000008   Code   RO         2457    .text               c_w.l(libspace.o)
    0x000003b4   0x000003b4   0x0000004a   Code   RO         2565    .text               c_w.l(sys_stackheap_outer.o)
    0x000003fe   0x000003fe   0x00000002   PAD
    0x00000400   0x00000400   0x00000020   Data   RO          836    .ARM.__at_0x400     hc32_ll_icg.o
    0x00000420   0x00000420   0x00000012   Code   RO         2610    .text               c_w.l(exit.o)
    0x00000432   0x00000432   0x00000002   PAD
    0x00000434   0x00000434   0x00000002   Code   RO          109    .text.BusFault_Handler  hc32f4xx_it.o
    0x00000436   0x00000436   0x00000002   PAD
    0x00000438   0x00000438   0x0000002e   Code   RO          391    .text.CLK_GetStableStatus  hc32_ll_clk.o
    0x00000466   0x00000466   0x00000002   PAD
    0x00000468   0x00000468   0x00000076   Code   RO          377    .text.CLK_PLLCmd    hc32_ll_clk.o
    0x000004de   0x000004de   0x00000002   PAD
    0x000004e0   0x000004e0   0x000001f0   Code   RO          375    .text.CLK_PLLInit   hc32_ll_clk.o
    0x000006d0   0x000006d0   0x00000032   Code   RO          373    .text.CLK_PLLStructInit  hc32_ll_clk.o
    0x00000702   0x00000702   0x00000002   PAD
    0x00000704   0x00000704   0x0000000c   Code   RO          405    .text.CLK_SetClockDiv  hc32_ll_clk.o
    0x00000710   0x00000710   0x0000000c   Code   RO          393    .text.CLK_SetSysClockSrc  hc32_ll_clk.o
    0x0000071c   0x0000071c   0x0000003a   Code   RO          341    .text.CLK_WaitStable  hc32_ll_clk.o
    0x00000756   0x00000756   0x00000002   PAD
    0x00000758   0x00000758   0x00000070   Code   RO          353    .text.CLK_XtalCmd   hc32_ll_clk.o
    0x000007c8   0x000007c8   0x000000d4   Code   RO          351    .text.CLK_XtalInit  hc32_ll_clk.o
    0x0000089c   0x0000089c   0x0000001e   Code   RO          349    .text.CLK_XtalStructInit  hc32_ll_clk.o
    0x000008ba   0x000008ba   0x00000002   PAD
    0x000008bc   0x000008bc   0x00000002   Code   RO         1623    .text.DDL_AssertHandler  hc32_ll_utility.o
    0x000008be   0x000008be   0x00000002   PAD
    0x000008c0   0x000008c0   0x00000002   Code   RO          115    .text.DebugMon_Handler  hc32f4xx_it.o
    0x000008c2   0x000008c2   0x00000002   PAD
    0x000008c4   0x000008c4   0x00000042   Code   RO          606    .text.EFM_CacheCmd  hc32_ll_efm.o
    0x00000906   0x00000906   0x00000002   PAD
    0x00000908   0x00000908   0x00000042   Code   RO          604    .text.EFM_CacheRamReset  hc32_ll_efm.o
    0x0000094a   0x0000094a   0x00000002   PAD
    0x0000094c   0x0000094c   0x0000000e   Code   RO          216    .text.EFM_REG_Lock  hc32_ll.o
    0x0000095a   0x0000095a   0x00000002   PAD
    0x0000095c   0x0000095c   0x00000016   Code   RO          206    .text.EFM_REG_Unlock  hc32_ll.o
    0x00000972   0x00000972   0x00000002   PAD
    0x00000974   0x00000974   0x00000092   Code   RO          602    .text.EFM_SetWaitCycle  hc32_ll_efm.o
    0x00000a06   0x00000a06   0x00000002   PAD
    0x00000a08   0x00000a08   0x0000008e   Code   RO          734    .text.GPIO_AnalogCmd  hc32_ll_gpio.o
    0x00000a96   0x00000a96   0x00000002   PAD
    0x00000a98   0x00000a98   0x000001c2   Code   RO          698    .text.GPIO_Init     hc32_ll_gpio.o
    0x00000c5a   0x00000c5a   0x00000002   PAD
    0x00000c5c   0x00000c5c   0x00000010   Code   RO          220    .text.GPIO_REG_Lock  hc32_ll.o
    0x00000c6c   0x00000c6c   0x00000010   Code   RO          210    .text.GPIO_REG_Unlock  hc32_ll.o
    0x00000c7c   0x00000c7c   0x00000046   Code   RO          714    .text.GPIO_SetReadWaitCycle  hc32_ll_gpio.o
    0x00000cc2   0x00000cc2   0x00000002   PAD
    0x00000cc4   0x00000cc4   0x0000001a   Code   RO          702    .text.GPIO_StructInit  hc32_ll_gpio.o
    0x00000cde   0x00000cde   0x00000002   PAD
    0x00000ce0   0x00000ce0   0x00000022   Code   RO         2019    .text.GPIO_Toggle   wiring_digital.o
    0x00000d02   0x00000d02   0x00000002   PAD
    0x00000d04   0x00000d04   0x0000003e   Code   RO          732    .text.GPIO_TogglePins  hc32_ll_gpio.o
    0x00000d42   0x00000d42   0x00000002   PAD
    0x00000d44   0x00000d44   0x0000000c   Code   RO          140    .text.HAL_GetTick   hal.o
    0x00000d50   0x00000d50   0x0000001a   Code   RO          138    .text.HAL_IncTick   hal.o
    0x00000d6a   0x00000d6a   0x00000002   PAD
    0x00000d6c   0x00000d6c   0x00000010   Code   RO          128    .text.HAL_Init      hal.o
    0x00000d7c   0x00000d7c   0x00000050   Code   RO          130    .text.HAL_InitTick  hal.o
    0x00000dcc   0x00000dcc   0x00000002   Code   RO          132    .text.HAL_MspInit   hal.o
    0x00000dce   0x00000dce   0x00000002   PAD
    0x00000dd0   0x00000dd0   0x00000042   Code   RO          167    .text.HAL_NVIC_SetPriority  hal_cortex.o
    0x00000e12   0x00000e12   0x00000002   PAD
    0x00000e14   0x00000e14   0x00000008   Code   RO          187    .text.HAL_SYSTICK_Config  hal_cortex.o
    0x00000e1c   0x00000e1c   0x00000002   Code   RO          119    .text.HardFault_Handler  hc32f4xx_it.o
    0x00000e1e   0x00000e1e   0x00000002   PAD
    0x00000e20   0x00000e20   0x00000014   Code   RO          880    .text.IRQ000_Handler  hc32_ll_interrupts.o
    0x00000e34   0x00000e34   0x00000014   Code   RO          882    .text.IRQ001_Handler  hc32_ll_interrupts.o
    0x00000e48   0x00000e48   0x00000014   Code   RO          884    .text.IRQ002_Handler  hc32_ll_interrupts.o
    0x00000e5c   0x00000e5c   0x00000014   Code   RO          886    .text.IRQ003_Handler  hc32_ll_interrupts.o
    0x00000e70   0x00000e70   0x00000014   Code   RO          888    .text.IRQ004_Handler  hc32_ll_interrupts.o
    0x00000e84   0x00000e84   0x00000014   Code   RO          890    .text.IRQ005_Handler  hc32_ll_interrupts.o
    0x00000e98   0x00000e98   0x00000014   Code   RO          892    .text.IRQ006_Handler  hc32_ll_interrupts.o
    0x00000eac   0x00000eac   0x00000014   Code   RO          894    .text.IRQ007_Handler  hc32_ll_interrupts.o
    0x00000ec0   0x00000ec0   0x00000014   Code   RO          896    .text.IRQ008_Handler  hc32_ll_interrupts.o
    0x00000ed4   0x00000ed4   0x00000014   Code   RO          898    .text.IRQ009_Handler  hc32_ll_interrupts.o
    0x00000ee8   0x00000ee8   0x00000014   Code   RO          900    .text.IRQ010_Handler  hc32_ll_interrupts.o
    0x00000efc   0x00000efc   0x00000014   Code   RO          902    .text.IRQ011_Handler  hc32_ll_interrupts.o
    0x00000f10   0x00000f10   0x00000014   Code   RO          904    .text.IRQ012_Handler  hc32_ll_interrupts.o
    0x00000f24   0x00000f24   0x00000014   Code   RO          906    .text.IRQ013_Handler  hc32_ll_interrupts.o
    0x00000f38   0x00000f38   0x00000014   Code   RO          908    .text.IRQ014_Handler  hc32_ll_interrupts.o
    0x00000f4c   0x00000f4c   0x00000014   Code   RO          910    .text.IRQ015_Handler  hc32_ll_interrupts.o
    0x00000f60   0x00000f60   0x00000014   Code   RO          912    .text.IRQ016_Handler  hc32_ll_interrupts.o
    0x00000f74   0x00000f74   0x00000014   Code   RO          914    .text.IRQ017_Handler  hc32_ll_interrupts.o
    0x00000f88   0x00000f88   0x00000014   Code   RO          916    .text.IRQ018_Handler  hc32_ll_interrupts.o
    0x00000f9c   0x00000f9c   0x00000014   Code   RO          918    .text.IRQ019_Handler  hc32_ll_interrupts.o
    0x00000fb0   0x00000fb0   0x00000014   Code   RO          920    .text.IRQ020_Handler  hc32_ll_interrupts.o
    0x00000fc4   0x00000fc4   0x00000014   Code   RO          922    .text.IRQ021_Handler  hc32_ll_interrupts.o
    0x00000fd8   0x00000fd8   0x00000014   Code   RO          924    .text.IRQ022_Handler  hc32_ll_interrupts.o
    0x00000fec   0x00000fec   0x00000014   Code   RO          926    .text.IRQ023_Handler  hc32_ll_interrupts.o
    0x00001000   0x00001000   0x00000014   Code   RO          928    .text.IRQ024_Handler  hc32_ll_interrupts.o
    0x00001014   0x00001014   0x00000014   Code   RO          930    .text.IRQ025_Handler  hc32_ll_interrupts.o
    0x00001028   0x00001028   0x00000014   Code   RO          932    .text.IRQ026_Handler  hc32_ll_interrupts.o
    0x0000103c   0x0000103c   0x00000014   Code   RO          934    .text.IRQ027_Handler  hc32_ll_interrupts.o
    0x00001050   0x00001050   0x00000014   Code   RO          936    .text.IRQ028_Handler  hc32_ll_interrupts.o
    0x00001064   0x00001064   0x00000014   Code   RO          938    .text.IRQ029_Handler  hc32_ll_interrupts.o
    0x00001078   0x00001078   0x00000014   Code   RO          940    .text.IRQ030_Handler  hc32_ll_interrupts.o
    0x0000108c   0x0000108c   0x00000014   Code   RO          942    .text.IRQ031_Handler  hc32_ll_interrupts.o
    0x000010a0   0x000010a0   0x00000016   Code   RO          944    .text.IRQ032_Handler  hc32_ll_interrupts.o
    0x000010b6   0x000010b6   0x00000002   PAD
    0x000010b8   0x000010b8   0x00000016   Code   RO          946    .text.IRQ033_Handler  hc32_ll_interrupts.o
    0x000010ce   0x000010ce   0x00000002   PAD
    0x000010d0   0x000010d0   0x00000016   Code   RO          948    .text.IRQ034_Handler  hc32_ll_interrupts.o
    0x000010e6   0x000010e6   0x00000002   PAD
    0x000010e8   0x000010e8   0x00000016   Code   RO          950    .text.IRQ035_Handler  hc32_ll_interrupts.o
    0x000010fe   0x000010fe   0x00000002   PAD
    0x00001100   0x00001100   0x00000016   Code   RO          952    .text.IRQ036_Handler  hc32_ll_interrupts.o
    0x00001116   0x00001116   0x00000002   PAD
    0x00001118   0x00001118   0x00000016   Code   RO          954    .text.IRQ037_Handler  hc32_ll_interrupts.o
    0x0000112e   0x0000112e   0x00000002   PAD
    0x00001130   0x00001130   0x00000016   Code   RO          956    .text.IRQ038_Handler  hc32_ll_interrupts.o
    0x00001146   0x00001146   0x00000002   PAD
    0x00001148   0x00001148   0x00000016   Code   RO          958    .text.IRQ039_Handler  hc32_ll_interrupts.o
    0x0000115e   0x0000115e   0x00000002   PAD
    0x00001160   0x00001160   0x00000016   Code   RO          960    .text.IRQ040_Handler  hc32_ll_interrupts.o
    0x00001176   0x00001176   0x00000002   PAD
    0x00001178   0x00001178   0x00000016   Code   RO          962    .text.IRQ041_Handler  hc32_ll_interrupts.o
    0x0000118e   0x0000118e   0x00000002   PAD
    0x00001190   0x00001190   0x00000016   Code   RO          964    .text.IRQ042_Handler  hc32_ll_interrupts.o
    0x000011a6   0x000011a6   0x00000002   PAD
    0x000011a8   0x000011a8   0x00000016   Code   RO          966    .text.IRQ043_Handler  hc32_ll_interrupts.o
    0x000011be   0x000011be   0x00000002   PAD
    0x000011c0   0x000011c0   0x00000016   Code   RO          968    .text.IRQ044_Handler  hc32_ll_interrupts.o
    0x000011d6   0x000011d6   0x00000002   PAD
    0x000011d8   0x000011d8   0x00000016   Code   RO          970    .text.IRQ045_Handler  hc32_ll_interrupts.o
    0x000011ee   0x000011ee   0x00000002   PAD
    0x000011f0   0x000011f0   0x00000016   Code   RO          972    .text.IRQ046_Handler  hc32_ll_interrupts.o
    0x00001206   0x00001206   0x00000002   PAD
    0x00001208   0x00001208   0x00000016   Code   RO          974    .text.IRQ047_Handler  hc32_ll_interrupts.o
    0x0000121e   0x0000121e   0x00000002   PAD
    0x00001220   0x00001220   0x00000016   Code   RO          976    .text.IRQ048_Handler  hc32_ll_interrupts.o
    0x00001236   0x00001236   0x00000002   PAD
    0x00001238   0x00001238   0x00000016   Code   RO          978    .text.IRQ049_Handler  hc32_ll_interrupts.o
    0x0000124e   0x0000124e   0x00000002   PAD
    0x00001250   0x00001250   0x00000016   Code   RO          980    .text.IRQ050_Handler  hc32_ll_interrupts.o
    0x00001266   0x00001266   0x00000002   PAD
    0x00001268   0x00001268   0x00000016   Code   RO          982    .text.IRQ051_Handler  hc32_ll_interrupts.o
    0x0000127e   0x0000127e   0x00000002   PAD
    0x00001280   0x00001280   0x00000016   Code   RO          984    .text.IRQ052_Handler  hc32_ll_interrupts.o
    0x00001296   0x00001296   0x00000002   PAD
    0x00001298   0x00001298   0x00000016   Code   RO          986    .text.IRQ053_Handler  hc32_ll_interrupts.o
    0x000012ae   0x000012ae   0x00000002   PAD
    0x000012b0   0x000012b0   0x00000016   Code   RO          988    .text.IRQ054_Handler  hc32_ll_interrupts.o
    0x000012c6   0x000012c6   0x00000002   PAD
    0x000012c8   0x000012c8   0x00000016   Code   RO          990    .text.IRQ055_Handler  hc32_ll_interrupts.o
    0x000012de   0x000012de   0x00000002   PAD
    0x000012e0   0x000012e0   0x00000016   Code   RO          992    .text.IRQ056_Handler  hc32_ll_interrupts.o
    0x000012f6   0x000012f6   0x00000002   PAD
    0x000012f8   0x000012f8   0x00000016   Code   RO          994    .text.IRQ057_Handler  hc32_ll_interrupts.o
    0x0000130e   0x0000130e   0x00000002   PAD
    0x00001310   0x00001310   0x00000016   Code   RO          996    .text.IRQ058_Handler  hc32_ll_interrupts.o
    0x00001326   0x00001326   0x00000002   PAD
    0x00001328   0x00001328   0x00000016   Code   RO          998    .text.IRQ059_Handler  hc32_ll_interrupts.o
    0x0000133e   0x0000133e   0x00000002   PAD
    0x00001340   0x00001340   0x00000016   Code   RO         1000    .text.IRQ060_Handler  hc32_ll_interrupts.o
    0x00001356   0x00001356   0x00000002   PAD
    0x00001358   0x00001358   0x00000016   Code   RO         1002    .text.IRQ061_Handler  hc32_ll_interrupts.o
    0x0000136e   0x0000136e   0x00000002   PAD
    0x00001370   0x00001370   0x00000016   Code   RO         1004    .text.IRQ062_Handler  hc32_ll_interrupts.o
    0x00001386   0x00001386   0x00000002   PAD
    0x00001388   0x00001388   0x00000016   Code   RO         1006    .text.IRQ063_Handler  hc32_ll_interrupts.o
    0x0000139e   0x0000139e   0x00000002   PAD
    0x000013a0   0x000013a0   0x00000016   Code   RO         1008    .text.IRQ064_Handler  hc32_ll_interrupts.o
    0x000013b6   0x000013b6   0x00000002   PAD
    0x000013b8   0x000013b8   0x00000016   Code   RO         1010    .text.IRQ065_Handler  hc32_ll_interrupts.o
    0x000013ce   0x000013ce   0x00000002   PAD
    0x000013d0   0x000013d0   0x00000016   Code   RO         1012    .text.IRQ066_Handler  hc32_ll_interrupts.o
    0x000013e6   0x000013e6   0x00000002   PAD
    0x000013e8   0x000013e8   0x00000016   Code   RO         1014    .text.IRQ067_Handler  hc32_ll_interrupts.o
    0x000013fe   0x000013fe   0x00000002   PAD
    0x00001400   0x00001400   0x00000016   Code   RO         1016    .text.IRQ068_Handler  hc32_ll_interrupts.o
    0x00001416   0x00001416   0x00000002   PAD
    0x00001418   0x00001418   0x00000016   Code   RO         1018    .text.IRQ069_Handler  hc32_ll_interrupts.o
    0x0000142e   0x0000142e   0x00000002   PAD
    0x00001430   0x00001430   0x00000016   Code   RO         1020    .text.IRQ070_Handler  hc32_ll_interrupts.o
    0x00001446   0x00001446   0x00000002   PAD
    0x00001448   0x00001448   0x00000016   Code   RO         1022    .text.IRQ071_Handler  hc32_ll_interrupts.o
    0x0000145e   0x0000145e   0x00000002   PAD
    0x00001460   0x00001460   0x00000016   Code   RO         1024    .text.IRQ072_Handler  hc32_ll_interrupts.o
    0x00001476   0x00001476   0x00000002   PAD
    0x00001478   0x00001478   0x00000016   Code   RO         1026    .text.IRQ073_Handler  hc32_ll_interrupts.o
    0x0000148e   0x0000148e   0x00000002   PAD
    0x00001490   0x00001490   0x00000016   Code   RO         1028    .text.IRQ074_Handler  hc32_ll_interrupts.o
    0x000014a6   0x000014a6   0x00000002   PAD
    0x000014a8   0x000014a8   0x00000016   Code   RO         1030    .text.IRQ075_Handler  hc32_ll_interrupts.o
    0x000014be   0x000014be   0x00000002   PAD
    0x000014c0   0x000014c0   0x00000016   Code   RO         1032    .text.IRQ076_Handler  hc32_ll_interrupts.o
    0x000014d6   0x000014d6   0x00000002   PAD
    0x000014d8   0x000014d8   0x00000016   Code   RO         1034    .text.IRQ077_Handler  hc32_ll_interrupts.o
    0x000014ee   0x000014ee   0x00000002   PAD
    0x000014f0   0x000014f0   0x00000016   Code   RO         1036    .text.IRQ078_Handler  hc32_ll_interrupts.o
    0x00001506   0x00001506   0x00000002   PAD
    0x00001508   0x00001508   0x00000016   Code   RO         1038    .text.IRQ079_Handler  hc32_ll_interrupts.o
    0x0000151e   0x0000151e   0x00000002   PAD
    0x00001520   0x00001520   0x00000016   Code   RO         1040    .text.IRQ080_Handler  hc32_ll_interrupts.o
    0x00001536   0x00001536   0x00000002   PAD
    0x00001538   0x00001538   0x00000016   Code   RO         1042    .text.IRQ081_Handler  hc32_ll_interrupts.o
    0x0000154e   0x0000154e   0x00000002   PAD
    0x00001550   0x00001550   0x00000016   Code   RO         1044    .text.IRQ082_Handler  hc32_ll_interrupts.o
    0x00001566   0x00001566   0x00000002   PAD
    0x00001568   0x00001568   0x00000016   Code   RO         1046    .text.IRQ083_Handler  hc32_ll_interrupts.o
    0x0000157e   0x0000157e   0x00000002   PAD
    0x00001580   0x00001580   0x00000016   Code   RO         1048    .text.IRQ084_Handler  hc32_ll_interrupts.o
    0x00001596   0x00001596   0x00000002   PAD
    0x00001598   0x00001598   0x00000016   Code   RO         1050    .text.IRQ085_Handler  hc32_ll_interrupts.o
    0x000015ae   0x000015ae   0x00000002   PAD
    0x000015b0   0x000015b0   0x00000016   Code   RO         1052    .text.IRQ086_Handler  hc32_ll_interrupts.o
    0x000015c6   0x000015c6   0x00000002   PAD
    0x000015c8   0x000015c8   0x00000016   Code   RO         1054    .text.IRQ087_Handler  hc32_ll_interrupts.o
    0x000015de   0x000015de   0x00000002   PAD
    0x000015e0   0x000015e0   0x00000016   Code   RO         1056    .text.IRQ088_Handler  hc32_ll_interrupts.o
    0x000015f6   0x000015f6   0x00000002   PAD
    0x000015f8   0x000015f8   0x00000016   Code   RO         1058    .text.IRQ089_Handler  hc32_ll_interrupts.o
    0x0000160e   0x0000160e   0x00000002   PAD
    0x00001610   0x00001610   0x00000016   Code   RO         1060    .text.IRQ090_Handler  hc32_ll_interrupts.o
    0x00001626   0x00001626   0x00000002   PAD
    0x00001628   0x00001628   0x00000016   Code   RO         1062    .text.IRQ091_Handler  hc32_ll_interrupts.o
    0x0000163e   0x0000163e   0x00000002   PAD
    0x00001640   0x00001640   0x00000016   Code   RO         1064    .text.IRQ092_Handler  hc32_ll_interrupts.o
    0x00001656   0x00001656   0x00000002   PAD
    0x00001658   0x00001658   0x00000016   Code   RO         1066    .text.IRQ093_Handler  hc32_ll_interrupts.o
    0x0000166e   0x0000166e   0x00000002   PAD
    0x00001670   0x00001670   0x00000016   Code   RO         1068    .text.IRQ094_Handler  hc32_ll_interrupts.o
    0x00001686   0x00001686   0x00000002   PAD
    0x00001688   0x00001688   0x00000016   Code   RO         1070    .text.IRQ095_Handler  hc32_ll_interrupts.o
    0x0000169e   0x0000169e   0x00000002   PAD
    0x000016a0   0x000016a0   0x00000016   Code   RO         1072    .text.IRQ096_Handler  hc32_ll_interrupts.o
    0x000016b6   0x000016b6   0x00000002   PAD
    0x000016b8   0x000016b8   0x00000016   Code   RO         1074    .text.IRQ097_Handler  hc32_ll_interrupts.o
    0x000016ce   0x000016ce   0x00000002   PAD
    0x000016d0   0x000016d0   0x00000016   Code   RO         1076    .text.IRQ098_Handler  hc32_ll_interrupts.o
    0x000016e6   0x000016e6   0x00000002   PAD
    0x000016e8   0x000016e8   0x00000016   Code   RO         1078    .text.IRQ099_Handler  hc32_ll_interrupts.o
    0x000016fe   0x000016fe   0x00000002   PAD
    0x00001700   0x00001700   0x00000016   Code   RO         1080    .text.IRQ100_Handler  hc32_ll_interrupts.o
    0x00001716   0x00001716   0x00000002   PAD
    0x00001718   0x00001718   0x00000016   Code   RO         1082    .text.IRQ101_Handler  hc32_ll_interrupts.o
    0x0000172e   0x0000172e   0x00000002   PAD
    0x00001730   0x00001730   0x00000016   Code   RO         1084    .text.IRQ102_Handler  hc32_ll_interrupts.o
    0x00001746   0x00001746   0x00000002   PAD
    0x00001748   0x00001748   0x00000016   Code   RO         1086    .text.IRQ103_Handler  hc32_ll_interrupts.o
    0x0000175e   0x0000175e   0x00000002   PAD
    0x00001760   0x00001760   0x00000016   Code   RO         1088    .text.IRQ104_Handler  hc32_ll_interrupts.o
    0x00001776   0x00001776   0x00000002   PAD
    0x00001778   0x00001778   0x00000016   Code   RO         1090    .text.IRQ105_Handler  hc32_ll_interrupts.o
    0x0000178e   0x0000178e   0x00000002   PAD
    0x00001790   0x00001790   0x00000016   Code   RO         1092    .text.IRQ106_Handler  hc32_ll_interrupts.o
    0x000017a6   0x000017a6   0x00000002   PAD
    0x000017a8   0x000017a8   0x00000016   Code   RO         1094    .text.IRQ107_Handler  hc32_ll_interrupts.o
    0x000017be   0x000017be   0x00000002   PAD
    0x000017c0   0x000017c0   0x00000016   Code   RO         1096    .text.IRQ108_Handler  hc32_ll_interrupts.o
    0x000017d6   0x000017d6   0x00000002   PAD
    0x000017d8   0x000017d8   0x00000016   Code   RO         1098    .text.IRQ109_Handler  hc32_ll_interrupts.o
    0x000017ee   0x000017ee   0x00000002   PAD
    0x000017f0   0x000017f0   0x00000016   Code   RO         1100    .text.IRQ110_Handler  hc32_ll_interrupts.o
    0x00001806   0x00001806   0x00000002   PAD
    0x00001808   0x00001808   0x00000016   Code   RO         1102    .text.IRQ111_Handler  hc32_ll_interrupts.o
    0x0000181e   0x0000181e   0x00000002   PAD
    0x00001820   0x00001820   0x00000016   Code   RO         1104    .text.IRQ112_Handler  hc32_ll_interrupts.o
    0x00001836   0x00001836   0x00000002   PAD
    0x00001838   0x00001838   0x00000016   Code   RO         1106    .text.IRQ113_Handler  hc32_ll_interrupts.o
    0x0000184e   0x0000184e   0x00000002   PAD
    0x00001850   0x00001850   0x00000016   Code   RO         1108    .text.IRQ114_Handler  hc32_ll_interrupts.o
    0x00001866   0x00001866   0x00000002   PAD
    0x00001868   0x00001868   0x00000016   Code   RO         1110    .text.IRQ115_Handler  hc32_ll_interrupts.o
    0x0000187e   0x0000187e   0x00000002   PAD
    0x00001880   0x00001880   0x00000016   Code   RO         1112    .text.IRQ116_Handler  hc32_ll_interrupts.o
    0x00001896   0x00001896   0x00000002   PAD
    0x00001898   0x00001898   0x00000016   Code   RO         1114    .text.IRQ117_Handler  hc32_ll_interrupts.o
    0x000018ae   0x000018ae   0x00000002   PAD
    0x000018b0   0x000018b0   0x00000016   Code   RO         1116    .text.IRQ118_Handler  hc32_ll_interrupts.o
    0x000018c6   0x000018c6   0x00000002   PAD
    0x000018c8   0x000018c8   0x00000016   Code   RO         1118    .text.IRQ119_Handler  hc32_ll_interrupts.o
    0x000018de   0x000018de   0x00000002   PAD
    0x000018e0   0x000018e0   0x00000016   Code   RO         1120    .text.IRQ120_Handler  hc32_ll_interrupts.o
    0x000018f6   0x000018f6   0x00000002   PAD
    0x000018f8   0x000018f8   0x00000016   Code   RO         1122    .text.IRQ121_Handler  hc32_ll_interrupts.o
    0x0000190e   0x0000190e   0x00000002   PAD
    0x00001910   0x00001910   0x00000016   Code   RO         1124    .text.IRQ122_Handler  hc32_ll_interrupts.o
    0x00001926   0x00001926   0x00000002   PAD
    0x00001928   0x00001928   0x00000016   Code   RO         1126    .text.IRQ123_Handler  hc32_ll_interrupts.o
    0x0000193e   0x0000193e   0x00000002   PAD
    0x00001940   0x00001940   0x00000016   Code   RO         1128    .text.IRQ124_Handler  hc32_ll_interrupts.o
    0x00001956   0x00001956   0x00000002   PAD
    0x00001958   0x00001958   0x00000016   Code   RO         1130    .text.IRQ125_Handler  hc32_ll_interrupts.o
    0x0000196e   0x0000196e   0x00000002   PAD
    0x00001970   0x00001970   0x00000016   Code   RO         1132    .text.IRQ126_Handler  hc32_ll_interrupts.o
    0x00001986   0x00001986   0x00000002   PAD
    0x00001988   0x00001988   0x00000016   Code   RO         1134    .text.IRQ127_Handler  hc32_ll_interrupts.o
    0x0000199e   0x0000199e   0x00000002   PAD
    0x000019a0   0x000019a0   0x00000042   Code   RO          204    .text.LL_PERIPH_WE  hc32_ll.o
    0x000019e2   0x000019e2   0x00000002   PAD
    0x000019e4   0x000019e4   0x00000042   Code   RO          214    .text.LL_PERIPH_WP  hc32_ll.o
    0x00001a26   0x00001a26   0x00000002   PAD
    0x00001a28   0x00001a28   0x00000002   Code   RO          107    .text.MemManage_Handler  hc32f4xx_it.o
    0x00001a2a   0x00001a2a   0x00000002   PAD
    0x00001a2c   0x00001a2c   0x00000002   Code   RO          105    .text.NMI_Handler   hc32f4xx_it.o
    0x00001a2e   0x00001a2e   0x00000002   PAD
    0x00001a30   0x00001a30   0x0000002c   Code   RO          173    .text.NVIC_EncodePriority  hal_cortex.o
    0x00001a5c   0x00001a5c   0x00000012   Code   RO          218    .text.PWC_FCG0_REG_Lock  hc32_ll.o
    0x00001a6e   0x00001a6e   0x00000002   PAD
    0x00001a70   0x00001a70   0x00000012   Code   RO          208    .text.PWC_FCG0_REG_Unlock  hc32_ll.o
    0x00001a82   0x00001a82   0x00000002   PAD
    0x00001a84   0x00001a84   0x0000003a   Code   RO         1218    .text.PWC_HighSpeedToHighPerformance  hc32_ll_pwc.o
    0x00001abe   0x00001abe   0x00000002   PAD
    0x00001ac0   0x00001ac0   0x00000016   Code   RO          222    .text.PWC_REG_Lock  hc32_ll.o
    0x00001ad6   0x00001ad6   0x00000002   PAD
    0x00001ad8   0x00001ad8   0x00000010   Code   RO          212    .text.PWC_REG_Unlock  hc32_ll.o
    0x00001ae8   0x00001ae8   0x00000002   Code   RO          117    .text.PendSV_Handler  hc32f4xx_it.o
    0x00001aea   0x00001aea   0x00000002   PAD
    0x00001aec   0x00001aec   0x00000010   Code   RO          200    .text.SRAM_REG_Lock  hc32_ll.o
    0x00001afc   0x00001afc   0x00000010   Code   RO          202    .text.SRAM_REG_Unlock  hc32_ll.o
    0x00001b0c   0x00001b0c   0x000000ca   Code   RO         1368    .text.SRAM_SetWaitCycle  hc32_ll_sram.o
    0x00001bd6   0x00001bd6   0x00000002   PAD
    0x00001bd8   0x00001bd8   0x00000002   Code   RO          113    .text.SVC_Handler   hc32f4xx_it.o
    0x00001bda   0x00001bda   0x00000002   PAD
    0x00001bdc   0x00001bdc   0x00000188   Code   RO          407    .text.SetSysClockDiv  hc32_ll_clk.o
    0x00001d64   0x00001d64   0x000000b6   Code   RO          395    .text.SetSysClockSrc  hc32_ll_clk.o
    0x00001e1a   0x00001e1a   0x00000002   PAD
    0x00001e1c   0x00001e1c   0x0000002e   Code   RO          189    .text.SysTick_Config  hal_cortex.o
    0x00001e4a   0x00001e4a   0x00000002   PAD
    0x00001e4c   0x00001e4c   0x00000008   Code   RO            6    .text.SysTick_Handler  main.o
    0x00001e54   0x00001e54   0x0000009c   Code   RO           18    .text.SystemCoreClockUpdate  system_hc32f460.o
    0x00001ef0   0x00001ef0   0x0000001e   Code   RO           16    .text.SystemInit    system_hc32f460.o
    0x00001f0e   0x00001f0e   0x00000002   PAD
    0x00001f10   0x00001f10   0x00000002   Code   RO          111    .text.UsageFault_Handler  hc32f4xx_it.o
    0x00001f12   0x00001f12   0x00000002   PAD
    0x00001f14   0x00001f14   0x00000026   Code   RO         2007    .text._GPIO_Init    wiring_digital.o
    0x00001f3a   0x00001f3a   0x00000002   PAD
    0x00001f3c   0x00001f3c   0x000000c4   Code   RO            4    .text._Z18SystemClock_Configv  main.o
    0x00002000   0x00002000   0x00000010   Code   RO         2021    .text._ZNK10pin_info_t8bit_maskEv  wiring_digital.o
    0x00002010   0x00002010   0x00000010   Code   RO          169    .text.__NVIC_GetPriorityGrouping  hal_cortex.o
    0x00002020   0x00002020   0x00000022   Code   RO          171    .text.__NVIC_SetPriority  hal_cortex.o
    0x00002042   0x00002042   0x00000002   PAD
    0x00002044   0x00002044   0x00000002   Code   RO         1649    .text.__empty       yield.o
    0x00002046   0x00002046   0x00000002   PAD
    0x00002048   0x00002048   0x00000002   Code   RO           38    .text._sys_exit     syscalls_keil.o
    0x0000204a   0x0000204a   0x00000002   PAD
    0x0000204c   0x0000204c   0x00000020   Code   RO           66    .text.delay_ms      delay.o
    0x0000206c   0x0000206c   0x0000003e   Code   RO           68    .text.delay_us      delay.o
    0x000020aa   0x000020aa   0x00000002   PAD
    0x000020ac   0x000020ac   0x00000012   Code   RO         1998    .text.digitalToggle  wiring_digital.o
    0x000020be   0x000020be   0x00000002   PAD
    0x000020c0   0x000020c0   0x0000000c   Code   RO           70    .text.dwt_getCycles  delay.o
    0x000020cc   0x000020cc   0x0000000c   Code   RO           82    .text.dwt_getStatus  dwt.o
    0x000020d8   0x000020d8   0x00000046   Code   RO           80    .text.dwt_init      dwt.o
    0x0000211e   0x0000211e   0x00000002   PAD
    0x00002120   0x00002120   0x00000032   Code   RO            2    .text.main          main.o
    0x00002152   0x00002152   0x00000002   PAD
    0x00002154   0x00002154   0x0000006e   Code   RO         1990    .text.pinMode       wiring_digital.o
    0x000021c2   0x000021c2   0x0000001a   Code   RO         2560    x$fpl$fpinit        fz_wm.l(fpinit.o)
    0x000021dc   0x000021dc   0x000000f9   Data   RO         1984    .rodata.PIN_MAP     variant.o
    0x000022d5   0x000022d5   0x00000014   Data   RO          191    .rodata.str1.1      hal_cortex.o
    0x000022e9   0x000022e9   0x0000001c   Data   RO          419    .rodata.str1.1      hc32_ll_clk.o
    0x00002305   0x00002305   0x0000001c   Data   RO          670    .rodata.str1.1      hc32_ll_efm.o
    0x00002321   0x00002321   0x0000001d   Data   RO          738    .rodata.str1.1      hc32_ll_gpio.o
    0x0000233e   0x0000233e   0x0000001c   Data   RO         1279    .rodata.str1.1      hc32_ll_pwc.o
    0x0000235a   0x0000235a   0x0000001d   Data   RO         1378    .rodata.str1.1      hc32_ll_sram.o
    0x00002377   0x00002377   0x00000001   PAD
    0x00002378   0x00002378   0x00000020   Data   RO         2746    Region$$Table       anon$$obj.o


    Execution Region RW_IRAM1 (Exec base: 0x1fff8000, Load base: 0x00002398, Size: 0x00000008, Max: 0x00000008, ABSOLUTE, UNINIT)

    Exec Addr    Load Addr    Size         Type   Attr      Idx    E Section Name        Object

    0x1fff8000        -       0x00000008   Zero   RW           20    .bss.noinit         system_hc32f460.o


    Execution Region RW_IRAM2 (Exec base: 0x1fff8008, Load base: 0x00002398, Size: 0x00000c70, Max: 0x0002eff8, ABSOLUTE)

    Exec Addr    Load Addr    Size         Type   Attr      Idx    E Section Name        Object

    0x1fff8008   0x00002398   0x00000001   Data   RW          153    .data.uwTickFreq    hal.o
    0x1fff8009   0x00002399   0x00000003   PAD
    0x1fff800c   0x0000239c   0x00000004   Data   RW          152    .data.uwTickPrio    hal.o
    0x1fff8010        -       0x00000060   Zero   RW         2458    .bss                c_w.l(libspace.o)
    0x1fff8070        -       0x00000001   Zero   RW           84    .bss.dwt_enabled    dwt.o
    0x1fff8071   0x000023a0   0x00000003   PAD
    0x1fff8074        -       0x00000200   Zero   RW         1137    .bss.m_apfnIrqHandler  hc32_ll_interrupts.o
    0x1fff8274        -       0x00000004   Zero   RW          154    .bss.uwTick         hal.o
    0x1fff8278        -       0x00000200   Zero   RW           29    HEAP                startup_hc32f460.o
    0x1fff8478        -       0x00000800   Zero   RW           28    STACK               startup_hc32f460.o


    Execution Region RW_IRAMB (Exec base: 0x200f0000, Load base: 0x000023a0, Size: 0x00000000, Max: 0x00001000, ABSOLUTE)

    **** No section assigned to this execution region ****


==============================================================================

Image component sizes


      Code (inc. data)   RO Data    RW Data    ZI Data      Debug   Object Name

       106          0          0          0          0       2176   delay.o
        82          0          0          0          1       1685   dwt.o
       136          0          0          5          4       5517   hal.o
       214          0         20          0          0       7704   hal_cortex.o
       306          0          0          0          0       8179   hc32_ll.o
      1720          0         28          0          0      16987   hc32_ll_clk.o
       278          0         28          0          0      16200   hc32_ll_efm.o
       750          0         29          0          0      15896   hc32_ll_gpio.o
         0          0         32          0          0        493   hc32_ll_icg.o
      2752          0          0          0        512      32330   hc32_ll_interrupts.o
        58          0         28          0          0      38281   hc32_ll_pwc.o
       202          0         29          0          0       2604   hc32_ll_sram.o
         2          0          0          0          0        499   hc32_ll_utility.o
        16          0          0          0          0       1287   hc32f4xx_it.o
       254          0          0          0          0      18873   main.o
       128         42        640          0       2560        936   startup_hc32f460.o
         2          0          0          0          0       1856   syscalls_keil.o
       186          6          0          0          8       3082   system_hc32f460.o
         0          0        249          0          0       2286   variant.o
       216          8          0          0          0      11607   wiring_digital.o
         2          0          0          0          0        354   yield.o

    ----------------------------------------------------------------------
      7694         56       1116          8       3088     188832   Object Totals
         0          0         32          0          0          0   (incl. Generated)
       284          0          1          3          3          0   (incl. Padding)

    ----------------------------------------------------------------------

      Code (inc. data)   RO Data    RW Data    ZI Data      Debug   Library Member Name

         8          0          0          0          0         68   __main.o
         0          0          0          0          0          0   __rtentry.o
        12          0          0          0          0          0   __rtentry2.o
         6          0          0          0          0          0   __rtentry4.o
        52          8          0          0          0          0   __scatter.o
        26          0          0          0          0          0   __scatter_copy.o
        28          0          0          0          0          0   __scatter_zi.o
        18          0          0          0          0         80   exit.o
         6          0          0          0          0        152   heapauxi.o
         2          0          0          0          0          0   libinit.o
         6          0          0          0          0          0   libinit2.o
         2          0          0          0          0          0   libshutdown.o
         2          0          0          0          0          0   libshutdown2.o
         8          4          0          0         96         68   libspace.o
         2          0          0          0          0          0   rtexit.o
        10          0          0          0          0          0   rtexit2.o
        74          0          0          0          0         80   sys_stackheap_outer.o
         2          0          0          0          0         68   use_no_semi.o
         2          0          0          0          0         68   use_no_semi_2.o
        26          0          0          0          0        116   fpinit.o

    ----------------------------------------------------------------------
       302         12          0          0         96        700   Library Totals
        10          0          0          0          0          0   (incl. Padding)

    ----------------------------------------------------------------------

      Code (inc. data)   RO Data    RW Data    ZI Data      Debug   Library Name

       266         12          0          0         96        584   c_w.l
        26          0          0          0          0        116   fz_wm.l

    ----------------------------------------------------------------------
       302         12          0          0         96        700   Library Totals

    ----------------------------------------------------------------------

==============================================================================


      Code (inc. data)   RO Data    RW Data    ZI Data      Debug   

      7996         68       1116          8       3184     189036   Grand Totals
      7996         68       1116          8       3184     189036   ELF Image Totals
      7996         68       1116          8          0          0   ROM Totals

==============================================================================

    Total RO  Size (Code + RO Data)                 9112 (   8.90kB)
    Total RW  Size (RW Data + ZI Data)              3192 (   3.12kB)
    Total ROM Size (Code + RO Data + RW Data)       9120 (   8.91kB)

==============================================================================

